################################################################################
#                                                                              #
#    Micro Series Z80 Assembler V1.80/MD2               28/Mar/06  13:20:25    #
#                                                                              #
#       Source   =   lol.asm                                                   #
#       List     =   lol.lst                                                   #
#       Object   =   lol.r01                                                   #
#       Options  =   e                                                         #
#                                                                              #
#                                               (c) Copyright IAR Systems 1985 #
################################################################################



    Errors:  None           #######
    Bytes:   7              # lol #
    CRC:     622F           #######
