BL51 BANKED LINKER/LOCATER V6.22                                                        04/05/2019  05:01:37  PAGE 1


BL51 BANKED LINKER/LOCATER V6.22, INVOKED BY:
C:\KEIL\C51\BIN\BL51.EXE STARTUP.obj, compactflash.obj, delay.obj, led.obj, main.obj, sysctrl.obj, test.obj, sio.obj, IS
>> D51.obj, diskio.obj, ff.obj, ffsystem.obj, cfdiskio.obj, dvddiskio.obj, ffunicode.obj, ramdiskio.obj, sddiskio.obj TO
>>  Test8051 REGFILE (.\Test8051.ORC) RAMSIZE (256) CODE (0X0000-0X7FFF) XDATA (0X8000-0XFEFF)


MEMORY MODEL: LARGE


INPUT MODULES INCLUDED:
  STARTUP.obj (?C_STARTUP)
  compactflash.obj (COMPACTFLASH)
  delay.obj (DELAY)
  led.obj (LED)
  main.obj (MAIN)
  sysctrl.obj (SYSCTRL)
  test.obj (TEST)
  sio.obj (SIO)
  ISD51.obj (ISD51_CONFIGURATION)
  diskio.obj (DISKIO)
  ff.obj (FF)
  ffsystem.obj (FFSYSTEM)
  cfdiskio.obj (CFDISKIO)
  dvddiskio.obj (DVDDISKIO)
  ffunicode.obj (FFUNICODE)
  ramdiskio.obj (RAMDISKIO)
  sddiskio.obj (SDDISKIO)
  C:\KEIL\C51\LIB\C51L.LIB (?C_INIT)
  C:\KEIL\C51\LIB\C51L.LIB (?C?CLDPTR)
  C:\KEIL\C51\LIB\C51L.LIB (?C?CLDOPTR)
  C:\KEIL\C51\LIB\C51L.LIB (?C?CSTPTR)
  C:\KEIL\C51\LIB\C51L.LIB (?C?CSTOPTR)
  C:\KEIL\C51\LIB\C51L.LIB (?C?IMUL)
  C:\KEIL\C51\LIB\C51L.LIB (?C?UIDIV)
  C:\KEIL\C51\LIB\C51L.LIB (?C?IILDX)
  C:\KEIL\C51\LIB\C51L.LIB (?C?ILDIX)
  C:\KEIL\C51\LIB\C51L.LIB (?C?ILDPTR)
  C:\KEIL\C51\LIB\C51L.LIB (?C?ILDOPTR)
  C:\KEIL\C51\LIB\C51L.LIB (?C?IILDPTR)
  C:\KEIL\C51\LIB\C51L.LIB (?C?ISTPTR)
  C:\KEIL\C51\LIB\C51L.LIB (?C?ISTOPTR)
  C:\KEIL\C51\LIB\C51L.LIB (?C?LADD)
  C:\KEIL\C51\LIB\C51L.LIB (?C?LSUB)
  C:\KEIL\C51\LIB\C51L.LIB (?C?LMUL)
  C:\KEIL\C51\LIB\C51L.LIB (?C?ULDIV)
  C:\KEIL\C51\LIB\C51L.LIB (?C?LAND)
  C:\KEIL\C51\LIB\C51L.LIB (?C?LOR)
  C:\KEIL\C51\LIB\C51L.LIB (?C?LNOT)
  C:\KEIL\C51\LIB\C51L.LIB (?C?ULCMP)
  C:\KEIL\C51\LIB\C51L.LIB (?C?ULSHR)
  C:\KEIL\C51\LIB\C51L.LIB (?C?LSHL)
  C:\KEIL\C51\LIB\C51L.LIB (?C?LLDPTR)
  C:\KEIL\C51\LIB\C51L.LIB (?C?LLDOPTR)
  C:\KEIL\C51\LIB\C51L.LIB (?C?LSTPTR)
  C:\KEIL\C51\LIB\C51L.LIB (?C?LSTOPTR)
  C:\KEIL\C51\LIB\C51L.LIB (?C?LLDXDATA)
  C:\KEIL\C51\LIB\C51L.LIB (?C?LLDXDATA0)
  C:\KEIL\C51\LIB\C51L.LIB (?C?LLDPTR0)
BL51 BANKED LINKER/LOCATER V6.22                                                      04/05/2019  05:01:37  PAGE 2


  C:\KEIL\C51\LIB\C51L.LIB (?C?LLDOPTR0)
  C:\KEIL\C51\LIB\C51L.LIB (?C?LSTXDATA)
  C:\KEIL\C51\LIB\C51L.LIB (?C?LSTKXDATA)
  C:\KEIL\C51\LIB\C51L.LIB (?C?LSTKPTR)
  C:\KEIL\C51\LIB\C51L.LIB (?C?LSTKOPTR)
  C:\KEIL\C51\LIB\C51L.LIB (?C?OFFXADD)
  C:\KEIL\C51\LIB\C51L.LIB (?C?PLDXDATA)
  C:\KEIL\C51\LIB\C51L.LIB (?C?PLDIXDATA)
  C:\KEIL\C51\LIB\C51L.LIB (?C?PSTXDATA)
  C:\KEIL\C51\LIB\C51L.LIB (?C?PLDPTR)
  C:\KEIL\C51\LIB\C51L.LIB (?C?PSTPTR)
  C:\KEIL\C51\LIB\C51L.LIB (?C?PLDOPTR)
  C:\KEIL\C51\LIB\C51L.LIB (?C?PSTOPTR)
  C:\KEIL\C51\LIB\C51L.LIB (?C?CCASE)
  C:\KEIL\C51\LIB\C51L.LIB (?C_XBP)
  C:\KEIL\C51\LIB\C51L.LIB (?C?LIMUL)
  C:\KEIL\C51\LIB\C51L.LIB (ISD_CORE_FUNCTIONS)
  C:\KEIL\C51\LIB\C51L.LIB (?C?LLDIDATA)
  C:\KEIL\C51\LIB\C51L.LIB (?C?LLDPDATA)
  C:\KEIL\C51\LIB\C51L.LIB (?C?LLDCODE)
  C:\KEIL\C51\LIB\C51L.LIB (?C?LLDIDATA0)
  C:\KEIL\C51\LIB\C51L.LIB (?C?LLDPDATA0)
  C:\KEIL\C51\LIB\C51L.LIB (?C?LLDCODE0)
  C:\KEIL\C51\LIB\C51L.LIB (?C?LSTIDATA)
  C:\KEIL\C51\LIB\C51L.LIB (?C?LSTPDATA)
  C:\KEIL\C51\LIB\C51L.LIB (?C?LSTKIDATA)
  C:\KEIL\C51\LIB\C51L.LIB (?C?LSTKPDATA)
  C:\KEIL\C51\LIB\C51L.LIB (?C?PLDIDATA)
  C:\KEIL\C51\LIB\C51L.LIB (?C?PSTIDATA)
  C:\KEIL\C51\LIB\C51L.LIB (?C?PLDPDATA)
  C:\KEIL\C51\LIB\C51L.LIB (?C?PSTPDATA)
  C:\KEIL\C51\LIB\C51L.LIB (?C?PLDCODE)


LINK MAP OF MODULE:  Test8051 (?C_STARTUP)


            TYPE    BASE      LENGTH    RELOCATION   SEGMENT NAME
            -----------------------------------------------------

            * * * * * * *   D A T A   M E M O R Y   * * * * * * *
            REG     0000H     0008H     ABSOLUTE     "REG BANK 0"
            DATA    0008H     0002H     UNIT         ?C?LIB_DATA
            DATA    000AH     0001H     UNIT         ?DT?ISD51
            IDATA   000BH     0001H     UNIT         ?STACK

            * * * * * * *  X D A T A   M E M O R Y  * * * * * * *
                    0000H     8000H                  *** GAP ***
            XDATA   8000H     047EH     UNIT         _XDATA_GROUP_
            XDATA   847EH     03AEH     UNIT         ?XD?FFUNICODE
            XDATA   882CH     02A4H     UNIT         ?XD?FF
            XDATA   8AD0H     0200H     UNIT         ?XD?TEST
            XDATA   8CD0H     0053H     UNIT         ?XD?_F_SETLABEL?FF
            XDATA   8D23H     0041H     UNIT         ?XD?_F_GETLABEL?FF
            XDATA   8D64H     001FH     UNIT         ?XD?_F_WRITE?FF
            XDATA   8D83H     0011H     UNIT         ?XD?_GET_FILEINFO?FF
            XDATA   8D94H     000EH     UNIT         ?XD?_PICK_LFN?FF
BL51 BANKED LINKER/LOCATER V6.22                                                      04/05/2019  05:01:37  PAGE 3


            XDATA   8DA2H     000DH     UNIT         ?XD?_PUT_UTF?FF
            XDATA   8DAFH     000DH     UNIT         ?XD?_DIR_READ?FF
            XDATA   8DBCH     000AH     UNIT         ?XD?_F_OPENDIR?FF
            XDATA   8DC6H     0009H     UNIT         ?XD?_F_READDIR?FF
            XDATA   8DCFH     0008H     UNIT         ?XD?_SIORXSTR?SIO
            XDATA   8DD7H     0008H     UNIT         ?XD?_SIORXBUF?SIO
            XDATA   8DDFH     0006H     UNIT         ?XD?_F_CLOSEDIR?FF
            XDATA   8DE5H     0005H     UNIT         ?XD?_RAM_DISK_IOCTL?RAMDISKIO
            XDATA   8DEAH     0005H     UNIT         ?XD?_SD_DISK_IOCTL?SDDISKIO
            XDATA   8DEFH     0004H     UNIT         ?XD?_FF_OEM2UNI?FFUNICODE
            XDATA   8DF3H     0001H     UNIT         ?XD?_CFDISKGETSECTORCOUNT?COMPACTFLASH
            XDATA   8DF4H     0001H     UNIT         ?XD?_PIOTEST?TEST
            XDATA   8DF5H     0001H     UNIT         ?XD?_CFTEST?TEST
            XDATA   8DF6H     0001H     UNIT         ?XD?_SIOCLOSE?SIO
            XDATA   8DF7H     0001H     UNIT         ?XD?_SIOWAITTXDONE?SIO
            XDATA   8DF8H     0001H     UNIT         ?XD?_SIOWAITRXDONE?SIO
            XDATA   8DF9H     0001H     UNIT         ?XD?_SIORX?SIO
            XDATA   8DFAH     0001H     UNIT         ?XD?_CF_DISK_IOCTL?CFDISKIO
            XDATA   8DFBH     0001H     UNIT         ?XD?_DVD_DISK_IOCTL?DVDDISKIO

            * * * * * * *   C O D E   M E M O R Y   * * * * * * *
            CODE    0000H     0003H     ABSOLUTE     
            CODE    0003H     001FH     UNIT         ?PR?COMPACTFLASH
            CODE    0022H     0001H     UNIT         ?PR?LEDINIT?LED
            CODE    0023H     0003H     ABSOLUTE     
            CODE    0026H     083EH     UNIT         ?PR?FF
            CODE    0864H     0747H     UNIT         ?C?LIB_CODE
            CODE    0FABH     05C1H     UNIT         ?PR?_FIND_VOLUME?FF
            CODE    156CH     0464H     UNIT         ?C_INITSEG
            CODE    19D0H     03D2H     UNIT         ?PR?_CREATE_NAME?FF
            CODE    1DA2H     034EH     UNIT         ?PR?_F_WRITE?FF
            CODE    20F0H     0321H     UNIT         ?PR?_GET_FILEINFO?FF
            CODE    2411H     031DH     UNIT         ?PR?_F_OPEN?FF
            CODE    272EH     02C5H     UNIT         ?PR?_F_LSEEK?FF
            CODE    29F3H     02B4H     UNIT         ?PR?_F_READ?FF
            CODE    2CA7H     0285H     INBLOCK      ?PR?ISD51
            CODE    2F2CH     023EH     UNIT         ?PR?_DIR_REGISTER?FF
            CODE    316AH     0218H     UNIT         ?PR?_CREATE_CHAIN?FF
            CODE    3382H     01DCH     UNIT         ?PR?_PUT_FAT?FF
            CODE    355EH     01CCH     UNIT         ?PR?_F_SETLABEL?FF
            CODE    372AH     01B4H     UNIT         ?PR?_GEN_NUMNAME?FF
            CODE    38DEH     01AEH     UNIT         ?PR?_DIR_NEXT?FF
            CODE    3A8CH     01A2H     UNIT         ?PR?_GET_FAT?FF
            CODE    3C2EH     0199H     UNIT         ?PR?_F_GETLABEL?FF
            CODE    3DC7H     0193H     UNIT         ?PR?_DIR_FIND?FF
            CODE    3F5AH     0193H     UNIT         ?PR?_FF_WTOUPPER?FFUNICODE
            CODE    40EDH     0190H     UNIT         ?PR?_DIR_SDI?FF
            CODE    427DH     0188H     UNIT         ?PR?_DIR_READ?FF
            CODE    4405H     017BH     UNIT         ?PR?_FATFSTEST?TEST
            CODE    4580H     0150H     UNIT         ?PR?_TCHAR2UNI?FF
            CODE    46D0H     014DH     UNIT         ?PR?_PUT_UTF?FF
            CODE    481DH     010EH     UNIT         ?PR?_SYNC_FS?FF
            CODE    492BH     0106H     UNIT         ?PR?_CMP_LFN?FF
            CODE    4A31H     0100H     UNIT         ?PR?_REMOVE_CHAIN?FF
            CODE    4B31H     00FCH     UNIT         ?CO?TEST
            CODE    4C2DH     00FCH     UNIT         ?PR?_F_SYNC?FF
            CODE    4D29H     00F0H     UNIT         ?PR?_PUT_LFN?FF
BL51 BANKED LINKER/LOCATER V6.22                                                      04/05/2019  05:01:37  PAGE 4


            CODE    4E19H     00E3H     UNIT         ?PR?_PICK_LFN?FF
            CODE    4EFCH     00D9H     UNIT         ?PR?_CFREADSECTOR?COMPACTFLASH
            CODE    4FD5H     00D0H     UNIT         ?PR?_F_OPENDIR?FF
            CODE    50A5H     00CEH     UNIT         ?PR?_GET_LDNUMBER?FF
            CODE    5173H     00CDH     UNIT         ?PR?_FOLLOW_PATH?FF
            CODE    5240H     00C6H     UNIT         ?PR?_DIR_CLEAR?FF
            CODE    5306H     00C1H     UNIT         ?PR?_DISK_READ?DISKIO
            CODE    53C7H     00C1H     UNIT         ?PR?_DISK_WRITE?DISKIO
            CODE    5488H     00BAH     UNIT         ?PR?_CFWRITESECTOR?COMPACTFLASH
            CODE    5542H     00B9H     UNIT         ?PR?_SYNC_WINDOW?FF
            CODE    55FBH     00AFH     UNIT         ?PR?_CHECK_FS?FF
            CODE    56AAH     00A0H     UNIT         ?C_C51STARTUP
            CODE    574AH     0092H     UNIT         ?PR?_FF_UNI2OEM?FFUNICODE
            CODE    57DCH     008FH     UNIT         ?PR?_DIR_ALLOC?FF
            CODE    586BH     0072H     UNIT         ?PR?_MOVE_WINDOW?FF
            CODE    58DDH     0070H     UNIT         ?PR?_LD_DWORD?FF
            CODE    594DH     006DH     UNIT         ?PR?_VALIDATE?FF
            CODE    59BAH     006CH     UNIT         ?PR?_F_MOUNT?FF
            CODE    5A26H     0065H     UNIT         ?PR?_F_READDIR?FF
            CODE    5A8BH     0060H     UNIT         ?PR?_PIOTEST?TEST
            CODE    5AEBH     005CH     UNIT         ?PR?_DISK_INITIALIZE?DISKIO
            CODE    5B47H     005CH     UNIT         ?PR?DISKIO
            CODE    5BA3H     005CH     UNIT         ?PR?_CLST2SECT?FF
            CODE    5BFFH     005CH     UNIT         ?PR?_FF_OEM2UNI?FFUNICODE
            CODE    5C5BH     0052H     UNIT         ?PR?_LD_CLUST?FF
            CODE    5CADH     0047H     UNIT         ?PR?_DISK_STATUS?DISKIO
            CODE    5CF4H     0040H     UNIT         ?PR?FFUNICODE
            CODE    5D34H     003FH     UNIT         ?PR?_CF_DISK_IOCTL?CFDISKIO
            CODE    5D73H     003FH     UNIT         ?PR?_DVD_DISK_IOCTL?DVDDISKIO
            CODE    5DB2H     0036H     UNIT         ?PR?_MEM_CMP?FF
            CODE    5DE8H     0035H     UNIT         ?PR?_MEM_CPY?FF
            CODE    5E1DH     0034H     UNIT         ?PR?_F_CLOSE?FF
            CODE    5E51H     0034H     UNIT         ?PR?_F_CLOSEDIR?FF
            CODE    5E85H     0032H     UNIT         ?PR?_DISK_IOCTL?DISKIO
            CODE    5EB7H     0032H     UNIT         ?PR?_ST_CLUST?FF
            CODE    5EE9H     0030H     UNIT         ?PR?_SIORXSTR?SIO
            CODE    5F19H     0030H     UNIT         ?PR?_SUM_SFN?FF
            CODE    5F49H     002FH     UNIT         ?PR?TEST
            CODE    5F78H     002FH     UNIT         ?PR?_SIORXBUF?SIO
            CODE    5FA7H     002DH     UNIT         ?PR?_SIOTXBUF?SIO
            CODE    5FD4H     0028H     UNIT         ?PR?_CFTEST?TEST
            CODE    5FFCH     0027H     UNIT         ?PR?_SIOTXSTR?SIO
            CODE    6023H     0026H     UNIT         ?PR?_CF_DISK_READ?CFDISKIO
            CODE    6049H     0026H     UNIT         ?PR?_CF_DISK_WRITE?CFDISKIO
            CODE    606FH     0025H     UNIT         ?PR?_ST_DWORD?FF
            CODE    6094H     0024H     UNIT         ?PR?_CHK_CHR?FF
            CODE    60B8H     0022H     UNIT         ?PR?_ST_WORD?FF
            CODE    60DAH     001FH     UNIT         ?PR?SIO
            CODE    60F9H     001FH     UNIT         ?PR?_LD_WORD?FF
            CODE    6118H     001DH     UNIT         ?PR?_CFINIT?COMPACTFLASH
            CODE    6135H     001AH     UNIT         ?PR?_MEM_SET?FF
            CODE    614FH     001AH     UNIT         ?CO?FF
            CODE    6169H     0019H     UNIT         ?PR?LEDTEST?TEST
            CODE    6182H     0018H     UNIT         ?PR?_DELAY_MS?DELAY
            CODE    619AH     0017H     UNIT         ?PR?_SIOINIT?SIO
            CODE    61B1H     0014H     UNIT         ?PR?MAIN?MAIN
            CODE    61C5H     0010H     UNIT         ?PR?_CFWAITCOMMANDREADY?COMPACTFLASH
BL51 BANKED LINKER/LOCATER V6.22                                                      04/05/2019  05:01:37  PAGE 5


            CODE    61D5H     0010H     UNIT         ?PR?_CFWAITDATAREADY?COMPACTFLASH
            CODE    61E5H     000FH     UNIT         ?PR?_SIOCLOSE?SIO
            CODE    61F4H     000FH     UNIT         ?PR?_SIOTX?SIO
            CODE    6203H     000DH     UNIT         ?PR?_CFWAITIDLE?COMPACTFLASH
            CODE    6210H     000DH     UNIT         ?PR?_CFDISKGETSECTORCOUNT?COMPACTFLASH
            CODE    621DH     000DH     UNIT         ?PR?_SIORX?SIO
            CODE    622AH     000BH     UNIT         ?PR?_DELAY_US?DELAY
            CODE    6235H     000BH     UNIT         ?PR?_RAM_DISK_IOCTL?RAMDISKIO
            CODE    6240H     000BH     UNIT         ?PR?_SD_DISK_IOCTL?SDDISKIO
            CODE    624BH     000AH     UNIT         ?PR?DVDDISKIO
            CODE    6255H     000AH     UNIT         ?PR?RAMDISKIO
            CODE    625FH     000AH     UNIT         ?PR?SDDISKIO
            CODE    6269H     0009H     UNIT         ?PR?_SIOWAITTXDONE?SIO
            CODE    6272H     0009H     UNIT         ?PR?_SIOWAITRXDONE?SIO
            CODE    627BH     0009H     UNIT         ?PR?_CF_DISK_STATUS?CFDISKIO
            CODE    6284H     0009H     UNIT         ?PR?_DVD_DISK_STATUS?DVDDISKIO
            CODE    628DH     0009H     UNIT         ?PR?_DVD_DISK_INITIALIZE?DVDDISKIO
            CODE    6296H     0009H     UNIT         ?PR?_RAM_DISK_STATUS?RAMDISKIO
            CODE    629FH     0009H     UNIT         ?PR?_RAM_DISK_INITIALIZE?RAMDISKIO
            CODE    62A8H     0009H     UNIT         ?PR?_SD_DISK_STATUS?SDDISKIO
            CODE    62B1H     0009H     UNIT         ?PR?_SD_DISK_INITIALIZE?SDDISKIO
            CODE    62BAH     0007H     UNIT         ?PR?_CF_DISK_INITIALIZE?CFDISKIO
            CODE    62C1H     0007H     UNIT         ?PR?_DVD_DISK_READ?DVDDISKIO
            CODE    62C8H     0007H     UNIT         ?PR?_DVD_DISK_WRITE?DVDDISKIO
            CODE    62CFH     0007H     UNIT         ?PR?_RAM_DISK_READ?RAMDISKIO
            CODE    62D6H     0007H     UNIT         ?PR?_RAM_DISK_WRITE?RAMDISKIO
            CODE    62DDH     0007H     UNIT         ?PR?_SD_DISK_READ?SDDISKIO
            CODE    62E4H     0007H     UNIT         ?PR?_SD_DISK_WRITE?SDDISKIO
            CODE    62EBH     0005H     UNIT         ?PR?_DBC_1ST?FF
            CODE    62F0H     0005H     UNIT         ?PR?_DBC_2ND?FF



OVERLAY MAP OF MODULE:   Test8051 (?C_STARTUP)


SEGMENT                                          XDATA_GROUP
  +--> CALLED SEGMENT                          START    LENGTH
--------------------------------------------------------------
?C_C51STARTUP                                  -----    -----
  +--> ?PR?MAIN?MAIN
  +--> ?C_INITSEG

?PR?MAIN?MAIN                                  -----    -----
  +--> ?PR?LEDTEST?TEST
  +--> ?PR?_FATFSTEST?TEST

?PR?_FATFSTEST?TEST                            8000H    03A0H
  +--> ?PR?_SIOINIT?SIO
  +--> ?CO?TEST
  +--> ?PR?_SIOTXSTR?SIO
  +--> ?PR?_F_MOUNT?FF
  +--> ?PR?_F_OPEN?FF
  +--> ?PR?_F_LSEEK?FF
  +--> ?PR?_F_CLOSE?FF
  +--> ?PR?_F_READ?FF
  +--> ?PR?_SIOTXBUF?SIO
BL51 BANKED LINKER/LOCATER V6.22                                                      04/05/2019  05:01:37  PAGE 6



?PR?_SIOINIT?SIO                               83A0H    0001H

?PR?_SIOTXSTR?SIO                              83A0H    0003H
  +--> ?PR?_SIOTX?SIO

?PR?_SIOTX?SIO                                 83A8H    0001H

?PR?_F_MOUNT?FF                                83A0H    000AH
  +--> ?PR?_GET_LDNUMBER?FF
  +--> ?PR?FF
  +--> ?PR?_FIND_VOLUME?FF

?PR?_GET_LDNUMBER?FF                           842BH    000BH
  +--> ?PR?FF

?PR?_FIND_VOLUME?FF                            83F1H    003AH
  +--> ?PR?FF
  +--> ?PR?_GET_LDNUMBER?FF
  +--> ?PR?_DISK_STATUS?DISKIO
  +--> ?PR?_DISK_INITIALIZE?DISKIO
  +--> ?PR?_CHECK_FS?FF
  +--> ?PR?_LD_DWORD?FF
  +--> ?PR?_LD_WORD?FF
  +--> ?PR?_MOVE_WINDOW?FF

?PR?_DISK_STATUS?DISKIO                        842BH    0002H
  +--> ?PR?_CF_DISK_STATUS?CFDISKIO
  +--> ?PR?_DVD_DISK_STATUS?DVDDISKIO
  +--> ?PR?_SD_DISK_STATUS?SDDISKIO
  +--> ?PR?_RAM_DISK_STATUS?RAMDISKIO

?PR?_CF_DISK_STATUS?CFDISKIO                   842DH    0001H

?PR?_DVD_DISK_STATUS?DVDDISKIO                 842DH    0001H

?PR?_SD_DISK_STATUS?SDDISKIO                   842DH    0001H

?PR?_RAM_DISK_STATUS?RAMDISKIO                 842DH    0001H

?PR?_DISK_INITIALIZE?DISKIO                    842BH    0003H
  +--> ?PR?_CF_DISK_INITIALIZE?CFDISKIO
  +--> ?PR?_DVD_DISK_INITIALIZE?DVDDISKIO
  +--> ?PR?_SD_DISK_INITIALIZE?SDDISKIO
  +--> ?PR?_RAM_DISK_INITIALIZE?RAMDISKIO

?PR?_CF_DISK_INITIALIZE?CFDISKIO               -----    -----
  +--> ?PR?_CFINIT?COMPACTFLASH

?PR?_CFINIT?COMPACTFLASH                       842EH    0001H
  +--> ?PR?_CFWAITIDLE?COMPACTFLASH
  +--> ?PR?_CFWAITCOMMANDREADY?COMPACTFLASH

?PR?_CFWAITIDLE?COMPACTFLASH                   847DH    0001H

?PR?_CFWAITCOMMANDREADY?COMPACTFLASH           847DH    0001H

BL51 BANKED LINKER/LOCATER V6.22                                                      04/05/2019  05:01:37  PAGE 7


?PR?_DVD_DISK_INITIALIZE?DVDDISKIO             842EH    0001H

?PR?_SD_DISK_INITIALIZE?SDDISKIO               842EH    0001H

?PR?_RAM_DISK_INITIALIZE?RAMDISKIO             842EH    0001H

?PR?_CHECK_FS?FF                               842BH    0003H
  +--> ?PR?FF
  +--> ?PR?_MOVE_WINDOW?FF
  +--> ?PR?_LD_WORD?FF
  +--> ?CO?FF
  +--> ?PR?_MEM_CMP?FF

?PR?_MOVE_WINDOW?FF                            844EH    0008H
  +--> ?PR?FF
  +--> ?PR?_SYNC_WINDOW?FF
  +--> ?PR?_DISK_READ?DISKIO

?PR?_SYNC_WINDOW?FF                            8456H    0004H
  +--> ?PR?FF
  +--> ?PR?_DISK_WRITE?DISKIO

?PR?_DISK_WRITE?DISKIO                         845AH    000DH
  +--> ?PR?DISKIO
  +--> ?PR?_CF_DISK_WRITE?CFDISKIO
  +--> ?PR?_DVD_DISK_WRITE?DVDDISKIO
  +--> ?PR?_SD_DISK_WRITE?SDDISKIO
  +--> ?PR?_RAM_DISK_WRITE?RAMDISKIO

?PR?_CF_DISK_WRITE?CFDISKIO                    8467H    000AH
  +--> ?PR?_CFWRITESECTOR?COMPACTFLASH

?PR?_CFWRITESECTOR?COMPACTFLASH                8471H    000CH
  +--> ?PR?_CFWAITIDLE?COMPACTFLASH
  +--> ?PR?COMPACTFLASH
  +--> ?PR?_CFWAITCOMMANDREADY?COMPACTFLASH
  +--> ?PR?_CFWAITDATAREADY?COMPACTFLASH

?PR?_CFWAITDATAREADY?COMPACTFLASH              847DH    0001H

?PR?_DVD_DISK_WRITE?DVDDISKIO                  8467H    000AH
  +--> ?PR?DVDDISKIO

?PR?_SD_DISK_WRITE?SDDISKIO                    8467H    000AH
  +--> ?PR?SDDISKIO

?PR?_RAM_DISK_WRITE?RAMDISKIO                  8467H    000AH
  +--> ?PR?RAMDISKIO

?PR?_DISK_READ?DISKIO                          8456H    000DH
  +--> ?PR?DISKIO
  +--> ?PR?_CF_DISK_READ?CFDISKIO
  +--> ?PR?_DVD_DISK_READ?DVDDISKIO
  +--> ?PR?_SD_DISK_READ?SDDISKIO
  +--> ?PR?_RAM_DISK_READ?RAMDISKIO

?PR?_CF_DISK_READ?CFDISKIO                     8463H    000AH
BL51 BANKED LINKER/LOCATER V6.22                                                      04/05/2019  05:01:37  PAGE 8


  +--> ?PR?_CFREADSECTOR?COMPACTFLASH

?PR?_CFREADSECTOR?COMPACTFLASH                 846DH    000EH
  +--> ?PR?COMPACTFLASH
  +--> ?PR?_CFWAITCOMMANDREADY?COMPACTFLASH
  +--> ?PR?_CFWAITDATAREADY?COMPACTFLASH
  +--> ?PR?_CFWAITIDLE?COMPACTFLASH

?PR?_DVD_DISK_READ?DVDDISKIO                   8463H    000AH
  +--> ?PR?DVDDISKIO

?PR?_SD_DISK_READ?SDDISKIO                     8463H    000AH
  +--> ?PR?SDDISKIO

?PR?_RAM_DISK_READ?RAMDISKIO                   8463H    000AH
  +--> ?PR?RAMDISKIO

?PR?_LD_WORD?FF                                844CH    0002H
  +--> ?PR?FF

?PR?_MEM_CMP?FF                                842EH    000EH
  +--> ?PR?FF

?PR?_LD_DWORD?FF                               844EH    0007H
  +--> ?PR?FF

?PR?_F_OPEN?FF                                 83A0H    0051H
  +--> ?PR?FF
  +--> ?PR?_FIND_VOLUME?FF
  +--> ?PR?_FOLLOW_PATH?FF
  +--> ?PR?_DIR_REGISTER?FF
  +--> ?PR?_LD_CLUST?FF
  +--> ?PR?_ST_DWORD?FF
  +--> ?PR?_ST_CLUST?FF
  +--> ?PR?_REMOVE_CHAIN?FF
  +--> ?PR?_MOVE_WINDOW?FF
  +--> ?PR?_LD_DWORD?FF
  +--> ?PR?_GET_FAT?FF
  +--> ?PR?_CLST2SECT?FF

?PR?_FOLLOW_PATH?FF                            83F1H    000AH
  +--> ?PR?FF
  +--> ?PR?_DIR_SDI?FF
  +--> ?PR?_CREATE_NAME?FF
  +--> ?PR?_DIR_FIND?FF
  +--> ?PR?_LD_CLUST?FF

?PR?_DIR_SDI?FF                                8416H    0012H
  +--> ?PR?FF
  +--> ?PR?_GET_FAT?FF
  +--> ?PR?_CLST2SECT?FF

?PR?_GET_FAT?FF                                843DH    000FH
  +--> ?PR?FF
  +--> ?PR?_MOVE_WINDOW?FF
  +--> ?PR?_LD_WORD?FF
  +--> ?PR?_LD_DWORD?FF
BL51 BANKED LINKER/LOCATER V6.22                                                      04/05/2019  05:01:37  PAGE 9



?PR?_CLST2SECT?FF                              8438H    0007H
  +--> ?PR?FF

?PR?_CREATE_NAME?FF                            83FBH    001CH
  +--> ?PR?FF
  +--> ?PR?_TCHAR2UNI?FF
  +--> ?CO?FF
  +--> ?PR?_CHK_CHR?FF
  +--> ?PR?_MEM_SET?FF
  +--> ?PR?_FF_UNI2OEM?FFUNICODE

?PR?_TCHAR2UNI?FF                              8417H    000DH
  +--> ?PR?FF

?PR?_MEM_SET?FF                                8438H    000AH
  +--> ?PR?FF

?PR?_FF_UNI2OEM?FFUNICODE                      8417H    000BH
  +--> ?PR?FFUNICODE

?PR?_DIR_FIND?FF                               840BH    000AH
  +--> ?PR?FF
  +--> ?PR?_DIR_SDI?FF
  +--> ?PR?_MOVE_WINDOW?FF
  +--> ?PR?_CMP_LFN?FF
  +--> ?PR?_SUM_SFN?FF
  +--> ?PR?_MEM_CMP?FF
  +--> ?PR?_DIR_NEXT?FF

?PR?_CMP_LFN?FF                                8415H    000EH
  +--> ?PR?FF
  +--> ?PR?_LD_WORD?FF
  +--> ?PR?_FF_WTOUPPER?FFUNICODE

?PR?_FF_WTOUPPER?FFUNICODE                     8423H    000FH
  +--> ?PR?FFUNICODE

?PR?_SUM_SFN?FF                                8415H    0005H
  +--> ?PR?FF

?PR?_DIR_NEXT?FF                               8416H    0010H
  +--> ?PR?FF
  +--> ?PR?_GET_FAT?FF
  +--> ?PR?_CREATE_CHAIN?FF
  +--> ?PR?_DIR_CLEAR?FF
  +--> ?PR?_CLST2SECT?FF

?PR?_CREATE_CHAIN?FF                           8426H    0017H
  +--> ?PR?FF
  +--> ?PR?_GET_FAT?FF
  +--> ?PR?_PUT_FAT?FF

?PR?_PUT_FAT?FF                                843DH    0011H
  +--> ?PR?FF
  +--> ?PR?_MOVE_WINDOW?FF
  +--> ?PR?_ST_WORD?FF
BL51 BANKED LINKER/LOCATER V6.22                                                      04/05/2019  05:01:37  PAGE 10


  +--> ?PR?_LD_DWORD?FF
  +--> ?PR?_ST_DWORD?FF

?PR?_ST_WORD?FF                                844EH    0003H
  +--> ?PR?FF

?PR?_ST_DWORD?FF                               844EH    0007H
  +--> ?PR?FF

?PR?_DIR_CLEAR?FF                              8426H    0012H
  +--> ?PR?_SYNC_WINDOW?FF
  +--> ?PR?_CLST2SECT?FF
  +--> ?PR?FF
  +--> ?PR?_MEM_SET?FF
  +--> ?PR?_DISK_WRITE?DISKIO

?PR?_LD_CLUST?FF                               83FBH    000AH
  +--> ?PR?FF
  +--> ?PR?_LD_WORD?FF

?PR?_DIR_REGISTER?FF                           83F1H    001AH
  +--> ?PR?FF
  +--> ?PR?_MEM_CPY?FF
  +--> ?PR?_GEN_NUMNAME?FF
  +--> ?PR?_DIR_FIND?FF
  +--> ?PR?_DIR_ALLOC?FF
  +--> ?PR?_DIR_SDI?FF
  +--> ?PR?_SUM_SFN?FF
  +--> ?PR?_PUT_LFN?FF
  +--> ?PR?_DIR_NEXT?FF
  +--> ?PR?_MEM_SET?FF
  +--> ?PR?_MOVE_WINDOW?FF

?PR?_MEM_CPY?FF                                8428H    000EH
  +--> ?PR?FF

?PR?_GEN_NUMNAME?FF                            840BH    001DH
  +--> ?PR?FF
  +--> ?PR?_MEM_CPY?FF
  +--> ?PR?_DBC_1ST?FF

?PR?_DIR_ALLOC?FF                              840BH    000BH
  +--> ?PR?FF
  +--> ?PR?_DIR_SDI?FF
  +--> ?PR?_MOVE_WINDOW?FF
  +--> ?PR?_DIR_NEXT?FF

?PR?_PUT_LFN?FF                                840BH    000EH
  +--> ?PR?FF
  +--> ?PR?_ST_WORD?FF

?PR?_ST_CLUST?FF                               83F1H    000AH
  +--> ?PR?FF
  +--> ?PR?_ST_WORD?FF

?PR?_REMOVE_CHAIN?FF                           83F1H    0013H
  +--> ?PR?FF
BL51 BANKED LINKER/LOCATER V6.22                                                      04/05/2019  05:01:37  PAGE 11


  +--> ?PR?_GET_FAT?FF
  +--> ?PR?_PUT_FAT?FF

?PR?_F_LSEEK?FF                                83A0H    001BH
  +--> ?PR?FF
  +--> ?PR?_VALIDATE?FF
  +--> ?PR?_CREATE_CHAIN?FF
  +--> ?PR?_GET_FAT?FF
  +--> ?PR?_CLST2SECT?FF

?PR?_VALIDATE?FF                               83C3H    0007H
  +--> ?PR?FF
  +--> ?PR?_DISK_STATUS?DISKIO

?PR?_F_CLOSE?FF                                83A0H    0006H
  +--> ?PR?_F_SYNC?FF
  +--> ?PR?FF
  +--> ?PR?_VALIDATE?FF

?PR?_F_SYNC?FF                                 83A6H    000DH
  +--> ?PR?FF
  +--> ?PR?_VALIDATE?FF
  +--> ?PR?_MOVE_WINDOW?FF
  +--> ?PR?_ST_CLUST?FF
  +--> ?PR?_ST_WORD?FF
  +--> ?PR?_SYNC_FS?FF
  +--> ?PR?_ST_DWORD?FF

?PR?_SYNC_FS?FF                                83B3H    0004H
  +--> ?PR?_SYNC_WINDOW?FF
  +--> ?PR?FF
  +--> ?PR?_MEM_SET?FF
  +--> ?PR?_ST_WORD?FF
  +--> ?PR?_DISK_WRITE?DISKIO
  +--> ?PR?_DISK_IOCTL?DISKIO
  +--> ?PR?_ST_DWORD?FF

?PR?_DISK_IOCTL?DISKIO                         83B7H    0007H

?PR?_F_READ?FF                                 83A0H    0023H
  +--> ?PR?FF
  +--> ?PR?_VALIDATE?FF
  +--> ?PR?_GET_FAT?FF
  +--> ?PR?_CLST2SECT?FF
  +--> ?PR?_DISK_READ?DISKIO
  +--> ?PR?_MEM_CPY?FF
  +--> ?PR?_MOVE_WINDOW?FF

?PR?_SIOTXBUF?SIO                              83A0H    0008H
  +--> ?PR?SIO
  +--> ?PR?_SIOTX?SIO



SYMBOL TABLE OF MODULE:  Test8051 (?C_STARTUP)

  VALUE           TYPE          NAME
BL51 BANKED LINKER/LOCATER V6.22                                                      04/05/2019  05:01:37  PAGE 12


  ----------------------------------

  -------         MODULE        ?C_STARTUP
  C:56AAH         SEGMENT       ?C_C51STARTUP
  I:000BH         SEGMENT       ?STACK
  C:0000H         PUBLIC        ?C_STARTUP
  D:00E0H         SYMBOL        ACC
  D:00F0H         SYMBOL        B
  D:0083H         SYMBOL        DPH
  D:0082H         SYMBOL        DPL
  N:0000H         SYMBOL        IBPSTACK
  N:0100H         SYMBOL        IBPSTACKTOP
  N:0080H         SYMBOL        IDATALEN
  C:56ADH         SYMBOL        IDATALOOP
  N:0000H         SYMBOL        PBPSTACK
  N:0100H         SYMBOL        PBPSTACKTOP
  N:0000H         SYMBOL        PDATALEN
  N:8000H         SYMBOL        PDATASTART
  N:0000H         SYMBOL        PPAGE
  N:0000H         SYMBOL        PPAGEENABLE
  D:00A0H         SYMBOL        PPAGE_SFR
  D:0081H         SYMBOL        SP
  C:56AAH         SYMBOL        STARTUP1
  N:0001H         SYMBOL        XBPSTACK
  N:FF00H         SYMBOL        XBPSTACKTOP
  N:7F00H         SYMBOL        XDATALEN
  C:56B8H         SYMBOL        XDATALOOP
  N:8000H         SYMBOL        XDATASTART
  C:0000H         LINE#         126
  C:56AAH         LINE#         133
  C:56ACH         LINE#         134
  C:56ADH         LINE#         135
  C:56AEH         LINE#         136
  C:56B0H         LINE#         140
  C:56B3H         LINE#         141
  C:56B5H         LINE#         145
  C:56B7H         LINE#         147
  C:56B8H         LINE#         148
  C:56B9H         LINE#         149
  C:56BAH         LINE#         150
  C:56BCH         LINE#         151
  C:56BEH         LINE#         176
  C:56C1H         LINE#         177
  C:56C4H         LINE#         185
  C:56C7H         LINE#         196
  -------         ENDMOD        ?C_STARTUP

  -------         MODULE        COMPACTFLASH
  C:0000H         SYMBOL        _ICE_DUMMY_
  D:0090H         PUBLIC        P1
  D:00B0H         PUBLIC        P3
  D:00D0H         PUBLIC        PSW
  D:0088H         PUBLIC        TCON
  D:00A8H         PUBLIC        IE
  D:00B8H         PUBLIC        IP
  D:0098H         PUBLIC        SCON
  D:00C8H         PUBLIC        T2CON
BL51 BANKED LINKER/LOCATER V6.22                                                      04/05/2019  05:01:37  PAGE 13


  C:6118H         PUBLIC        _cfInit
  C:6203H         PUBLIC        _cfWaitIdle
  C:61C5H         PUBLIC        _cfWaitCommandReady
  C:61D5H         PUBLIC        _cfWaitDataReady
  C:4EFCH         PUBLIC        _cfReadSector
  C:5488H         PUBLIC        _cfWriteSector
  C:6210H         PUBLIC        _cfDiskGetSectorCount
  C:0003H         SYMBOL        Com0022
  C:0003H         SYMBOL        L?0035
  C:000EH         SYMBOL        L?0036
  C:0018H         SYMBOL        L?0037
  -------         PROC          COM0022
  -------         ENDPROC       COM0022
  -------         PROC          _CFINIT
  X:842EH         SYMBOL        device
  C:6118H         LINE#         8
  C:611DH         LINE#         9
  C:611DH         LINE#         10
  C:6120H         LINE#         12
  C:6126H         LINE#         14
  C:612EH         LINE#         16
  C:6134H         LINE#         17
  -------         ENDPROC       _CFINIT
  -------         PROC          _CFWAITIDLE
  X:847DH         SYMBOL        device
  C:6203H         LINE#         19
  C:6208H         LINE#         20
  C:6208H         LINE#         21
  C:620FH         LINE#         22
  -------         ENDPROC       _CFWAITIDLE
  -------         PROC          _CFWAITCOMMANDREADY
  X:847DH         SYMBOL        device
  C:61C5H         LINE#         24
  C:61CAH         LINE#         25
  C:61CAH         LINE#         26
  C:61D4H         LINE#         27
  -------         ENDPROC       _CFWAITCOMMANDREADY
  -------         PROC          _CFWAITDATAREADY
  X:847DH         SYMBOL        device
  C:61D5H         LINE#         29
  C:61DAH         LINE#         30
  C:61DAH         LINE#         31
  C:61E4H         LINE#         32
  -------         ENDPROC       _CFWAITDATAREADY
  C:4FB4H         SYMBOL        L?0030
  C:4FC5H         SYMBOL        L?0032
  -------         PROC          _CFREADSECTOR
  X:846DH         SYMBOL        device
  X:846EH         SYMBOL        buf
  X:8471H         SYMBOL        LBA
  X:8475H         SYMBOL        sectorCount
  -------         DO            
  D:0007H         SYMBOL        status
  X:8477H         SYMBOL        i
  X:8479H         SYMBOL        idx
  -------         ENDDO         
  C:4EFCH         LINE#         34
BL51 BANKED LINKER/LOCATER V6.22                                                      04/05/2019  05:01:37  PAGE 14


  C:4F05H         LINE#         35
  C:4F05H         LINE#         40
  C:4F0AH         LINE#         42
  C:4F0AH         LINE#         44
  C:4F10H         LINE#         46
  C:4F10H         LINE#         48
  C:4F1BH         LINE#         50
  C:4F1BH         LINE#         52
  C:4F21H         LINE#         54
  C:4F21H         LINE#         56
  C:4F2DH         LINE#         58
  C:4F36H         LINE#         59
  C:4F3EH         LINE#         60
  C:4F3EH         LINE#         62
  C:4F3EH         LINE#         63
  C:4F46H         LINE#         65
  C:4F4CH         LINE#         67
  C:4F54H         LINE#         69
  C:4F59H         LINE#         70
  C:4F59H         LINE#         71
  C:4F5CH         LINE#         73
  C:4F63H         LINE#         74
  C:4F63H         LINE#         75
  C:4F63H         LINE#         76
  C:4F6BH         LINE#         78
  C:4F92H         LINE#         80
  C:4F9CH         LINE#         81
  C:4FA5H         LINE#         82
  C:4FB0H         LINE#         83
  C:4FB3H         LINE#         84
  -------         ENDPROC       _CFREADSECTOR
  C:5521H         SYMBOL        L?0031
  C:5532H         SYMBOL        L?0033
  -------         PROC          _CFWRITESECTOR
  X:8471H         SYMBOL        device
  D:0001H         SYMBOL        buf
  X:8475H         SYMBOL        LBA
  X:8479H         SYMBOL        sectorCount
  -------         DO            
  D:0007H         SYMBOL        status
  D:0004H         SYMBOL        i
  X:847BH         SYMBOL        idx
  -------         ENDDO         
  C:5488H         LINE#         86
  C:548DH         LINE#         87
  C:548DH         LINE#         92
  C:5492H         LINE#         94
  C:5497H         LINE#         96
  C:5497H         LINE#         98
  C:549DH         LINE#         100
  C:549DH         LINE#         102
  C:54A8H         LINE#         104
  C:54A8H         LINE#         106
  C:54AEH         LINE#         108
  C:54AEH         LINE#         110
  C:54B6H         LINE#         112
  C:54BFH         LINE#         113
BL51 BANKED LINKER/LOCATER V6.22                                                      04/05/2019  05:01:37  PAGE 15


  C:54C7H         LINE#         114
  C:54C7H         LINE#         116
  C:54C7H         LINE#         117
  C:54CFH         LINE#         119
  C:54D5H         LINE#         121
  C:54DDH         LINE#         123
  C:54E2H         LINE#         124
  C:54E2H         LINE#         125
  C:54E5H         LINE#         127
  C:54E8H         LINE#         128
  C:54E8H         LINE#         129
  C:54E8H         LINE#         130
  C:54F0H         LINE#         132
  C:5506H         LINE#         134
  C:550BH         LINE#         135
  C:5513H         LINE#         136
  C:551EH         LINE#         137
  C:5520H         LINE#         138
  -------         ENDPROC       _CFWRITESECTOR
  -------         PROC          _CFDISKGETSECTORCOUNT
  X:8DF3H         SYMBOL        device
  C:6210H         LINE#         140
  C:6215H         LINE#         141
  C:6215H         LINE#         142
  C:621CH         LINE#         143
  -------         ENDPROC       _CFDISKGETSECTORCOUNT
  -------         ENDMOD        COMPACTFLASH

  -------         MODULE        DELAY
  C:0000H         SYMBOL        _ICE_DUMMY_
  D:0090H         PUBLIC        P1
  D:00B0H         PUBLIC        P3
  D:00D0H         PUBLIC        PSW
  D:0088H         PUBLIC        TCON
  D:00A8H         PUBLIC        IE
  D:00B8H         PUBLIC        IP
  D:0098H         PUBLIC        SCON
  D:00C8H         PUBLIC        T2CON
  C:622AH         PUBLIC        _delay_us
  C:6182H         PUBLIC        _delay_ms
  -------         PROC          _DELAY_US
  D:0006H         SYMBOL        us
  C:622AH         LINE#         35
  C:622AH         LINE#         36
  C:622AH         LINE#         37
  C:6234H         LINE#         38
  -------         ENDPROC       _DELAY_US
  -------         PROC          _DELAY_MS
  D:0002H         SYMBOL        ms
  C:6182H         LINE#         75
  C:6186H         LINE#         76
  C:6186H         LINE#         77
  C:6190H         LINE#         78
  C:6190H         LINE#         79
  C:6197H         LINE#         80
  C:6199H         LINE#         81
  -------         ENDPROC       _DELAY_MS
BL51 BANKED LINKER/LOCATER V6.22                                                      04/05/2019  05:01:37  PAGE 16


  -------         ENDMOD        DELAY

  -------         MODULE        LED
  C:0000H         SYMBOL        _ICE_DUMMY_
  D:0090H         PUBLIC        P1
  D:00B0H         PUBLIC        P3
  D:00D0H         PUBLIC        PSW
  D:0088H         PUBLIC        TCON
  D:00A8H         PUBLIC        IE
  D:00B8H         PUBLIC        IP
  D:0098H         PUBLIC        SCON
  D:00C8H         PUBLIC        T2CON
  C:0022H         PUBLIC        ledInit
  -------         PROC          LEDINIT
  C:0022H         LINE#         6
  C:0022H         LINE#         7
  C:0022H         LINE#         8
  -------         ENDPROC       LEDINIT
  -------         ENDMOD        LED

  -------         MODULE        MAIN
  C:0000H         SYMBOL        _ICE_DUMMY_
  D:0090H         PUBLIC        P1
  D:00B0H         PUBLIC        P3
  D:00D0H         PUBLIC        PSW
  D:0088H         PUBLIC        TCON
  D:00A8H         PUBLIC        IE
  D:00B8H         PUBLIC        IP
  D:0098H         PUBLIC        SCON
  D:00C8H         PUBLIC        T2CON
  C:61B1H         PUBLIC        main
  -------         PROC          MAIN
  C:61B1H         LINE#         27
  C:61B1H         LINE#         28
  C:61B1H         LINE#         29
  C:61B4H         LINE#         34
  C:61B7H         LINE#         38
  C:61B7H         LINE#         39
  C:61B7H         LINE#         43
  C:61BCH         LINE#         45
  C:61BFH         LINE#         63
  C:61C3H         LINE#         66
  C:61C3H         LINE#         68
  C:61C3H         LINE#         69
  C:61C3H         LINE#         70
  C:61C3H         LINE#         72
  -------         ENDPROC       MAIN
  -------         ENDMOD        MAIN

  -------         MODULE        SYSCTRL
  C:0000H         SYMBOL        _ICE_DUMMY_
  D:0090H         PUBLIC        P1
  D:00B0H         PUBLIC        P3
  D:00D0H         PUBLIC        PSW
  D:0088H         PUBLIC        TCON
  D:00A8H         PUBLIC        IE
  D:00B8H         PUBLIC        IP
BL51 BANKED LINKER/LOCATER V6.22                                                      04/05/2019  05:01:37  PAGE 17


  D:0098H         PUBLIC        SCON
  D:00C8H         PUBLIC        T2CON
  -------         ENDMOD        SYSCTRL

  -------         MODULE        TEST
  C:0000H         SYMBOL        _ICE_DUMMY_
  D:0090H         PUBLIC        P1
  D:00B0H         PUBLIC        P3
  D:00D0H         PUBLIC        PSW
  D:0088H         PUBLIC        TCON
  D:00A8H         PUBLIC        IE
  D:00B8H         PUBLIC        IP
  D:0098H         PUBLIC        SCON
  D:00C8H         PUBLIC        T2CON
  C:6169H         PUBLIC        ledTest
  C:5FD4H         PUBLIC        _cfTest
  C:5A8BH         PUBLIC        _pioTest
  C:4405H         PUBLIC        _fatfsTest
  X:8AD0H         PUBLIC        cfTestBuf
  C:5F49H         SYMBOL        Com001A
  C:5F49H         SYMBOL        L?0027
  C:5F49H         SYMBOL        L?0028
  C:5F60H         SYMBOL        L?0033
  C:5F6EH         SYMBOL        L?0034
  -------         PROC          COM001A
  -------         ENDPROC       COM001A
  -------         PROC          LEDTEST
  C:6169H         LINE#         19
  C:6169H         LINE#         20
  C:6169H         LINE#         21
  C:616CH         LINE#         24
  C:616FH         LINE#         27
  C:6172H         LINE#         30
  C:6175H         LINE#         33
  C:6178H         LINE#         36
  C:617BH         LINE#         39
  C:617EH         LINE#         42
  C:6181H         LINE#         44
  -------         ENDPROC       LEDTEST
  C:5ADAH         SYMBOL        L?0030
  -------         PROC          _PIOTEST
  X:8DF4H         SYMBOL        device
  -------         DO            
  D:0001H         SYMBOL        v
  -------         ENDDO         
  C:5A8BH         LINE#         48
  C:5A90H         LINE#         49
  C:5A90H         LINE#         51
  C:5A9DH         LINE#         53
  C:5A9FH         LINE#         55
  C:5A9FH         LINE#         56
  C:5A9FH         LINE#         57
  C:5AA9H         LINE#         58
  C:5AACH         LINE#         60
  C:5AAEH         LINE#         62
  C:5AAEH         LINE#         63
  C:5AAEH         LINE#         64
BL51 BANKED LINKER/LOCATER V6.22                                                      04/05/2019  05:01:37  PAGE 18


  C:5AB9H         LINE#         65
  C:5ABCH         LINE#         67
  C:5ABEH         LINE#         69
  C:5ABEH         LINE#         70
  C:5AC5H         LINE#         71
  C:5AD6H         LINE#         72
  C:5AD9H         LINE#         73
  -------         ENDPROC       _PIOTEST
  -------         PROC          _CFTEST
  X:8DF5H         SYMBOL        device
  C:5FD4H         LINE#         78
  C:5FD9H         LINE#         79
  C:5FD9H         LINE#         80
  C:5FDCH         LINE#         82
  C:5FECH         LINE#         84
  -------         ENDPROC       _CFTEST
  C:4518H         SYMBOL        L?0025
  C:454BH         SYMBOL        L?0029
  C:4557H         SYMBOL        L?0031
  C:4574H         SYMBOL        L?0032
  -------         PROC          _FATFSTEST
  X:8000H         SYMBOL        device
  -------         DO            
  X:8001H         SYMBOL        fs
  X:8233H         SYMBOL        fp
  X:8257H         SYMBOL        dj
  X:8285H         SYMBOL        filInfo
  X:839BH         SYMBOL        res
  X:839CH         SYMBOL        br
  X:839EH         SYMBOL        bw
  -------         ENDDO         
  C:4405H         LINE#         167
  C:440AH         LINE#         168
  C:440AH         LINE#         179
  C:440FH         LINE#         182
  C:4418H         LINE#         183
  C:4437H         LINE#         184
  C:443BH         LINE#         185
  C:4440H         LINE#         186
  C:4440H         LINE#         187
  C:4449H         LINE#         189
  C:4449H         LINE#         191
  C:4454H         LINE#         192
  C:4473H         LINE#         193
  C:4477H         LINE#         194
  C:447CH         LINE#         195
  C:447CH         LINE#         196
  C:4485H         LINE#         198
  C:4485H         LINE#         200
  C:4489H         LINE#         201
  C:4489H         LINE#         202
  C:4495H         LINE#         203
  C:449BH         LINE#         204
  C:449BH         LINE#         205
  C:44A4H         LINE#         207
  C:44A4H         LINE#         208
  C:44A4H         LINE#         210
BL51 BANKED LINKER/LOCATER V6.22                                                      04/05/2019  05:01:37  PAGE 19


  C:44B0H         LINE#         211
  C:44B9H         LINE#         212
  C:44BDH         LINE#         213
  C:44C2H         LINE#         214
  C:44C2H         LINE#         215
  C:44CBH         LINE#         217
  C:44CBH         LINE#         219
  C:44CFH         LINE#         220
  C:44CFH         LINE#         221
  C:44DBH         LINE#         222
  C:44E1H         LINE#         223
  C:44E1H         LINE#         224
  C:44E9H         LINE#         226
  C:44E9H         LINE#         227
  C:44E9H         LINE#         229
  C:44F5H         LINE#         230
  C:4503H         LINE#         231
  C:4507H         LINE#         232
  C:450CH         LINE#         233
  C:450CH         LINE#         234
  C:4517H         LINE#         236
  C:4517H         LINE#         237
  -------         ENDPROC       _FATFSTEST
  -------         ENDMOD        TEST

  -------         MODULE        SIO
  C:0000H         SYMBOL        _ICE_DUMMY_
  D:0090H         PUBLIC        P1
  D:00B0H         PUBLIC        P3
  D:00D0H         PUBLIC        PSW
  D:0087H         PUBLIC        PCON
  D:0088H         PUBLIC        TCON
  D:0089H         PUBLIC        TMOD
  D:008BH         PUBLIC        TL1
  D:008DH         PUBLIC        TH1
  D:00A8H         PUBLIC        IE
  D:00B8H         PUBLIC        IP
  D:0098H         PUBLIC        SCON
  D:0099H         PUBLIC        SBUF
  D:00C8H         PUBLIC        T2CON
  B:0088H.6       PUBLIC        TR1
  B:0098H.1       PUBLIC        TI
  B:0098H.0       PUBLIC        RI
  C:619AH         PUBLIC        _sioInit
  C:61E5H         PUBLIC        _sioClose
  C:6269H         PUBLIC        _sioWaitTXDone
  C:61F4H         PUBLIC        _sioTX
  C:5FFCH         PUBLIC        _sioTXStr
  C:5FA7H         PUBLIC        _sioTXBuf
  C:6272H         PUBLIC        _sioWaitRXDone
  C:621DH         PUBLIC        _sioRX
  C:5EE9H         PUBLIC        _sioRXStr
  C:5F78H         PUBLIC        _sioRXBuf
  C:60DAH         SYMBOL        Com001D
  C:60DAH         SYMBOL        L?0030
  C:60DAH         SYMBOL        L?0031
  C:60E7H         SYMBOL        L?0032
BL51 BANKED LINKER/LOCATER V6.22                                                      04/05/2019  05:01:37  PAGE 20


  C:60E7H         SYMBOL        L?0033
  C:60F1H         SYMBOL        L?0034
  C:60F1H         SYMBOL        L?0035
  -------         PROC          COM001D
  -------         ENDPROC       COM001D
  -------         PROC          _SIOINIT
  X:83A0H         SYMBOL        device
  C:619AH         LINE#         5
  C:619FH         LINE#         6
  C:619FH         LINE#         7
  C:619FH         LINE#         9
  C:61A2H         LINE#         10
  C:61A5H         LINE#         11
  C:61A8H         LINE#         14
  C:61ABH         LINE#         15
  C:61AEH         LINE#         16
  C:61B0H         LINE#         19
  -------         ENDPROC       _SIOINIT
  -------         PROC          _SIOCLOSE
  X:8DF6H         SYMBOL        device
  C:61E5H         LINE#         21
  C:61EAH         LINE#         22
  C:61EAH         LINE#         23
  C:61EAH         LINE#         25
  C:61EDH         LINE#         26
  C:61EFH         LINE#         27
  C:61F1H         LINE#         28
  C:61F3H         LINE#         29
  -------         ENDPROC       _SIOCLOSE
  -------         PROC          _SIOWAITTXDONE
  X:8DF7H         SYMBOL        device
  C:6269H         LINE#         31
  C:626EH         LINE#         32
  C:626EH         LINE#         33
  C:626EH         LINE#         35
  C:6271H         LINE#         36
  -------         ENDPROC       _SIOWAITTXDONE
  -------         PROC          _SIOTX
  X:83A8H         SYMBOL        device
  D:0005H         SYMBOL        d
  C:61F4H         LINE#         38
  C:61F9H         LINE#         39
  C:61F9H         LINE#         40
  C:61F9H         LINE#         42
  C:61FBH         LINE#         43
  C:61FFH         LINE#         44
  C:6202H         LINE#         45
  -------         ENDPROC       _SIOTX
  -------         PROC          _SIOTXSTR
  D:0006H         SYMBOL        device
  X:83A0H         SYMBOL        s
  C:5FFCH         LINE#         47
  C:6004H         LINE#         48
  C:6004H         LINE#         49
  C:6004H         LINE#         52
  C:6004H         LINE#         53
  C:6013H         LINE#         54
BL51 BANKED LINKER/LOCATER V6.22                                                      04/05/2019  05:01:37  PAGE 21


  C:6022H         LINE#         55
  -------         ENDPROC       _SIOTXSTR
  -------         PROC          _SIOTXBUF
  X:83A0H         SYMBOL        device
  X:83A1H         SYMBOL        buf
  X:83A4H         SYMBOL        size
  -------         DO            
  X:83A6H         SYMBOL        i
  -------         ENDDO         
  C:5FA7H         LINE#         57
  C:5FAAH         LINE#         58
  C:5FAAH         LINE#         59
  C:5FB3H         LINE#         61
  C:5FB3H         LINE#         63
  C:5FBBH         LINE#         64
  C:5FBBH         LINE#         65
  C:5FD1H         LINE#         66
  C:5FD3H         LINE#         67
  -------         ENDPROC       _SIOTXBUF
  -------         PROC          _SIOWAITRXDONE
  X:8DF8H         SYMBOL        device
  C:6272H         LINE#         69
  C:6277H         LINE#         70
  C:6277H         LINE#         71
  C:6277H         LINE#         73
  C:627AH         LINE#         74
  -------         ENDPROC       _SIOWAITRXDONE
  -------         PROC          _SIORX
  X:8DF9H         SYMBOL        device
  -------         DO            
  D:0007H         SYMBOL        d
  -------         ENDDO         
  C:621DH         LINE#         76
  C:6222H         LINE#         77
  C:6222H         LINE#         80
  C:6222H         LINE#         82
  C:6225H         LINE#         83
  C:6227H         LINE#         84
  C:6229H         LINE#         86
  C:6229H         LINE#         87
  -------         ENDPROC       _SIORX
  -------         PROC          _SIORXSTR
  X:8DCFH         SYMBOL        device
  X:8DD0H         SYMBOL        s
  X:8DD3H         SYMBOL        size
  -------         DO            
  X:8DD5H         SYMBOL        i
  -------         ENDDO         
  C:5EE9H         LINE#         89
  C:5EECH         LINE#         90
  C:5EECH         LINE#         91
  C:5EF5H         LINE#         93
  C:5EF5H         LINE#         95
  C:5EFDH         LINE#         96
  C:5EFDH         LINE#         97
  C:5F17H         LINE#         98
  C:5F18H         LINE#         100
BL51 BANKED LINKER/LOCATER V6.22                                                      04/05/2019  05:01:37  PAGE 22


  -------         ENDPROC       _SIORXSTR
  -------         PROC          _SIORXBUF
  X:8DD7H         SYMBOL        device
  X:8DD8H         SYMBOL        buf
  X:8DDBH         SYMBOL        size
  -------         DO            
  X:8DDDH         SYMBOL        i
  -------         ENDDO         
  C:5F78H         LINE#         102
  C:5F7BH         LINE#         103
  C:5F7BH         LINE#         104
  C:5F84H         LINE#         106
  C:5F84H         LINE#         108
  C:5F8CH         LINE#         109
  C:5F8CH         LINE#         110
  C:5FA4H         LINE#         111
  C:5FA6H         LINE#         112
  -------         ENDPROC       _SIORXBUF
  -------         ENDMOD        SIO

  -------         MODULE        ISD51_CONFIGURATION
  C:2CA7H         SEGMENT       ?PR?ISD51
  D:000AH         SEGMENT       ?DT?ISD51
  N:0000H         PUBLIC        ?ISD?CBLK_SIZE
  C:2CE8H         PUBLIC        ?ISD?CMDLOOP
  N:FFFFH         PUBLIC        ?ISD?CMP_E
  N:0000H         PUBLIC        ?ISD?CMP_S
  C:2CF3H         PUBLIC        ?ISD?GETBYTE
  C:2E82H         PUBLIC        ?ISD?PUTCHAR
  C:2EACH         PUBLIC        ?ISD?PUTCHAR_END
  N:00FFH         PUBLIC        ?ISD?RAMTOP
  C:2D52H         PUBLIC        ?ISD?READSFR00
  C:2D62H         PUBLIC        ?ISD?READSFR01
  C:2D72H         PUBLIC        ?ISD?READSFR02
  C:2D82H         PUBLIC        ?ISD?READSFR03
  C:2D92H         PUBLIC        ?ISD?READSFR04
  C:2DA2H         PUBLIC        ?ISD?READSFR05
  C:2DB2H         PUBLIC        ?ISD?READSFR06
  C:2DC2H         PUBLIC        ?ISD?READSFR07
  C:2DD2H         PUBLIC        ?ISD?READSFR08
  C:2DE2H         PUBLIC        ?ISD?READSFR09
  C:2DF2H         PUBLIC        ?ISD?READSFR10
  C:2E02H         PUBLIC        ?ISD?READSFR11
  C:2E12H         PUBLIC        ?ISD?READSFR12
  C:2E22H         PUBLIC        ?ISD?READSFR13
  C:2E32H         PUBLIC        ?ISD?READSFR14
  C:2E42H         PUBLIC        ?ISD?READSFR15
  C:2E52H         PUBLIC        ?ISD?READSFR16
  C:2E62H         PUBLIC        ?ISD?READSFR17
  C:2E72H         PUBLIC        ?ISD?READSFR18
  C:2D22H         PUBLIC        ?ISD?RESTART
  C:2D1AH         PUBLIC        ?ISD?SENDBYTE
  N:00CDH         PUBLIC        ?ISD?VERSION
  C:2D3EH         PUBLIC        ?ISD?WRITESFR00
  C:2D44H         PUBLIC        ?ISD?WRITESFR01
  C:2D4AH         PUBLIC        ?ISD?WRITESFR02
  C:2D4EH         PUBLIC        ?ISD?WRITESFR03
BL51 BANKED LINKER/LOCATER V6.22                                                      04/05/2019  05:01:37  PAGE 23


  C:2EADH         PUBLIC        _GETKEY
  D:000AH         PUBLIC        _ISD_CHAR
  C:2ECDH         PUBLIC        _ISKEY
  C:2E82H         PUBLIC        _PUTCHAR
  C:2EE7H         PUBLIC        __ISD_INIT
  C:2CE6H         SYMBOL        ?ISD?CMDLOOP2
  D:00E0H         SYMBOL        ACC
  D:008EH         SYMBOL        AUXR
  D:00F0H         SYMBOL        B
  C:2CC4H         SYMBOL        CALLBREAK
  N:0010H         SYMBOL        CBLK
  C:2D02H         SYMBOL        CHECKBREAK
  C:2D0EH         SYMBOL        CHECKBREAK1
  C:2CFBH         SYMBOL        CHECKBREAKS
  D:0083H         SYMBOL        DPH
  D:0082H         SYMBOL        DPL
  B:00A8H.7       SYMBOL        EA
  B:00A8H.4       SYMBOL        ES
  C:2EC9H         SYMBOL        GK_CLRRI
  D:00A8H         SYMBOL        IE
  C:2EE6H         SYMBOL        IK_END
  C:2EE5H         SYMBOL        IK_ON
  N:0000H         SYMBOL        ISD51_CONFIGURATION
  C:2CC2H         SYMBOL        NOSERBREAK
  D:0080H         SYMBOL        P0
  D:0090H         SYMBOL        P1
  D:00A0H         SYMBOL        P2
  D:00B0H         SYMBOL        P3
  C:2E99H         SYMBOL        PC_CHAR
  C:2EAAH         SYMBOL        PC_CHAR1
  C:2EACH         SYMBOL        PC_END
  D:00E6H         SYMBOL        PH_FMADRL
  D:00E4H         SYMBOL        PH_FMCON
  D:00D0H         SYMBOL        PSW
  C:2D3CH         SYMBOL        RESTARTSS
  C:2D13H         SYMBOL        RESTARTUSER
  C:2D15H         SYMBOL        RETURNI
  B:0098H.0       SYMBOL        RI
  D:0099H         SYMBOL        SBUF
  D:0098H         SYMBOL        SCON
  C:2CD4H         SYMBOL        SEND7BYTES
  C:2CDFH         SYMBOL        SENDSTACKFRAME
  C:2CA7H         SYMBOL        SERIALINTERRUPT
  N:0023H         SYMBOL        SINTRVEC
  C:2CD2H         SYMBOL        SOFTBREAK
  D:0081H         SYMBOL        SP
  B:0098H.1       SYMBOL        TI
  C:2EBCH         SYMBOL        _GETKEY2
  C:2ED7H         SYMBOL        _ISKEY2
  C:0023H         LINE#         125
  C:2CA7H         LINE#         218
  C:2CA9H         LINE#         219
  C:2CABH         LINE#         220
  C:2CAEH         LINE#         221
  C:2CB0H         LINE#         221
  C:2CB2H         LINE#         223
  C:2CB4H         LINE#         225
BL51 BANKED LINKER/LOCATER V6.22                                                      04/05/2019  05:01:37  PAGE 24


  C:2CB7H         LINE#         227
  C:2CB9H         LINE#         228
  C:2CBCH         LINE#         229
  C:2CBEH         LINE#         230
  C:2CC0H         LINE#         231
  C:2CC2H         LINE#         233
  C:2CC4H         LINE#         234
  C:2CC7H         LINE#         235
  C:2CC9H         LINE#         236
  C:2CCBH         LINE#         237
  C:2CCDH         LINE#         239
  C:2CCFH         LINE#         240
  C:2CD2H         LINE#         259
  C:2CD4H         LINE#         261
  C:2CD7H         LINE#         261
  C:2CD9H         LINE#         261
  C:2CDBH         LINE#         262
  C:2CDDH         LINE#         263
  C:2CDFH         LINE#         264
  C:2CE1H         LINE#         265
  C:2CE3H         LINE#         266
  C:2CE5H         LINE#         267
  C:2CE6H         LINE#         268
  C:2CE8H         LINE#         273
  C:2CEAH         LINE#         274
  C:2CECH         LINE#         275
  C:2CEEH         LINE#         276
  C:2CF0H         LINE#         277
  C:2CF2H         LINE#         278
  C:2CF3H         LINE#         282
  C:2CF6H         LINE#         282
  C:2CF8H         LINE#         282
  C:2CFAH         LINE#         283
  C:2CFBH         LINE#         287
  C:2CFDH         LINE#         288
  C:2CFFH         LINE#         289
  C:2D00H         LINE#         290
  C:2D02H         LINE#         291
  C:2D03H         LINE#         292
  C:2D04H         LINE#         293
  C:2D05H         LINE#         294
  C:2D06H         LINE#         295
  C:2D07H         LINE#         296
  C:2D08H         LINE#         297
  C:2D0AH         LINE#         298
  C:2D0BH         LINE#         299
  C:2D0CH         LINE#         300
  C:2D0EH         LINE#         301
  C:2D11H         LINE#         303
  C:2D13H         LINE#         304
  C:2D15H         LINE#         307
  C:2D17H         LINE#         308
  C:2D19H         LINE#         309
  C:2D1AH         LINE#         313
  C:2D1DH         LINE#         313
  C:2D1FH         LINE#         313
  C:2D21H         LINE#         314
BL51 BANKED LINKER/LOCATER V6.22                                                      04/05/2019  05:01:37  PAGE 25


  C:2D22H         LINE#         321
  C:2D24H         LINE#         322
  C:2D26H         LINE#         323
  C:2D28H         LINE#         324
  C:2D2AH         LINE#         325
  C:2D2CH         LINE#         326
  C:2D2EH         LINE#         327
  C:2D2FH         LINE#         328
  C:2D31H         LINE#         329
  C:2D33H         LINE#         330
  C:2D35H         LINE#         331
  C:2D37H         LINE#         332
  C:2D38H         LINE#         383
  C:2D3AH         LINE#         384
  C:2D3CH         LINE#         385
  C:2D3EH         LINE#         417
  C:2D40H         LINE#         418
  C:2D42H         LINE#         419
  C:2D44H         LINE#         426
  C:2D46H         LINE#         427
  C:2D48H         LINE#         428
  C:2D4AH         LINE#         435
  C:2D4CH         LINE#         436
  C:2D4EH         LINE#         443
  C:2D50H         LINE#         444
  C:2D52H         LINE#         468
  C:2D54H         LINE#         469
  C:2D56H         LINE#         470
  C:2D58H         LINE#         471
  C:2D5AH         LINE#         472
  C:2D5CH         LINE#         473
  C:2D5EH         LINE#         474
  C:2D60H         LINE#         475
  C:2D62H         LINE#         483
  C:2D64H         LINE#         484
  C:2D66H         LINE#         485
  C:2D68H         LINE#         486
  C:2D6AH         LINE#         487
  C:2D6CH         LINE#         488
  C:2D6EH         LINE#         489
  C:2D70H         LINE#         490
  C:2D72H         LINE#         498
  C:2D74H         LINE#         499
  C:2D76H         LINE#         500
  C:2D78H         LINE#         501
  C:2D7AH         LINE#         502
  C:2D7CH         LINE#         503
  C:2D7EH         LINE#         504
  C:2D80H         LINE#         505
  C:2D82H         LINE#         513
  C:2D84H         LINE#         514
  C:2D86H         LINE#         515
  C:2D88H         LINE#         516
  C:2D8AH         LINE#         517
  C:2D8CH         LINE#         518
  C:2D8EH         LINE#         519
  C:2D90H         LINE#         520
BL51 BANKED LINKER/LOCATER V6.22                                                      04/05/2019  05:01:37  PAGE 26


  C:2D92H         LINE#         528
  C:2D94H         LINE#         529
  C:2D96H         LINE#         530
  C:2D98H         LINE#         531
  C:2D9AH         LINE#         532
  C:2D9CH         LINE#         533
  C:2D9EH         LINE#         534
  C:2DA0H         LINE#         535
  C:2DA2H         LINE#         542
  C:2DA4H         LINE#         543
  C:2DA6H         LINE#         544
  C:2DA8H         LINE#         545
  C:2DAAH         LINE#         546
  C:2DACH         LINE#         547
  C:2DAEH         LINE#         548
  C:2DB0H         LINE#         549
  C:2DB2H         LINE#         556
  C:2DB4H         LINE#         557
  C:2DB6H         LINE#         558
  C:2DB8H         LINE#         559
  C:2DBAH         LINE#         560
  C:2DBCH         LINE#         561
  C:2DBEH         LINE#         562
  C:2DC0H         LINE#         563
  C:2DC2H         LINE#         570
  C:2DC4H         LINE#         571
  C:2DC6H         LINE#         572
  C:2DC8H         LINE#         573
  C:2DCAH         LINE#         574
  C:2DCCH         LINE#         575
  C:2DCEH         LINE#         576
  C:2DD0H         LINE#         577
  C:2DD2H         LINE#         584
  C:2DD4H         LINE#         585
  C:2DD6H         LINE#         586
  C:2DD8H         LINE#         587
  C:2DDAH         LINE#         588
  C:2DDCH         LINE#         589
  C:2DDEH         LINE#         590
  C:2DE0H         LINE#         591
  C:2DE2H         LINE#         598
  C:2DE4H         LINE#         599
  C:2DE6H         LINE#         600
  C:2DE8H         LINE#         601
  C:2DEAH         LINE#         602
  C:2DECH         LINE#         603
  C:2DEEH         LINE#         604
  C:2DF0H         LINE#         605
  C:2DF2H         LINE#         612
  C:2DF4H         LINE#         613
  C:2DF6H         LINE#         614
  C:2DF8H         LINE#         615
  C:2DFAH         LINE#         616
  C:2DFCH         LINE#         617
  C:2DFEH         LINE#         618
  C:2E00H         LINE#         619
  C:2E02H         LINE#         626
BL51 BANKED LINKER/LOCATER V6.22                                                      04/05/2019  05:01:37  PAGE 27


  C:2E04H         LINE#         627
  C:2E06H         LINE#         628
  C:2E08H         LINE#         629
  C:2E0AH         LINE#         630
  C:2E0CH         LINE#         631
  C:2E0EH         LINE#         632
  C:2E10H         LINE#         633
  C:2E12H         LINE#         640
  C:2E14H         LINE#         641
  C:2E16H         LINE#         642
  C:2E18H         LINE#         643
  C:2E1AH         LINE#         644
  C:2E1CH         LINE#         645
  C:2E1EH         LINE#         646
  C:2E20H         LINE#         647
  C:2E22H         LINE#         654
  C:2E24H         LINE#         655
  C:2E26H         LINE#         656
  C:2E28H         LINE#         657
  C:2E2AH         LINE#         658
  C:2E2CH         LINE#         659
  C:2E2EH         LINE#         660
  C:2E30H         LINE#         661
  C:2E32H         LINE#         668
  C:2E34H         LINE#         669
  C:2E36H         LINE#         670
  C:2E38H         LINE#         671
  C:2E3AH         LINE#         672
  C:2E3CH         LINE#         673
  C:2E3EH         LINE#         674
  C:2E40H         LINE#         675
  C:2E42H         LINE#         682
  C:2E44H         LINE#         683
  C:2E46H         LINE#         684
  C:2E48H         LINE#         685
  C:2E4AH         LINE#         686
  C:2E4CH         LINE#         687
  C:2E4EH         LINE#         688
  C:2E50H         LINE#         689
  C:2E52H         LINE#         696
  C:2E54H         LINE#         697
  C:2E56H         LINE#         698
  C:2E58H         LINE#         699
  C:2E5AH         LINE#         700
  C:2E5CH         LINE#         701
  C:2E5EH         LINE#         702
  C:2E60H         LINE#         703
  C:2E62H         LINE#         710
  C:2E64H         LINE#         711
  C:2E66H         LINE#         712
  C:2E68H         LINE#         713
  C:2E6AH         LINE#         714
  C:2E6CH         LINE#         715
  C:2E6EH         LINE#         716
  C:2E70H         LINE#         717
  C:2E72H         LINE#         724
  C:2E74H         LINE#         725
BL51 BANKED LINKER/LOCATER V6.22                                                      04/05/2019  05:01:37  PAGE 28


  C:2E76H         LINE#         726
  C:2E78H         LINE#         727
  C:2E7AH         LINE#         728
  C:2E7CH         LINE#         729
  C:2E7EH         LINE#         730
  C:2E80H         LINE#         731
  C:2E82H         LINE#         740
  C:2E85H         LINE#         741
  C:2E87H         LINE#         742
  C:2E88H         LINE#         743
  C:2E8AH         LINE#         744
  C:2E8CH         LINE#         745
  C:2E8EH         LINE#         746
  C:2E90H         LINE#         747
  C:2E92H         LINE#         748
  C:2E94H         LINE#         749
  C:2E96H         LINE#         750
  C:2E99H         LINE#         751
  C:2E9AH         LINE#         752
  C:2E9CH         LINE#         753
  C:2E9EH         LINE#         754
  C:2EA1H         LINE#         755
  C:2EA3H         LINE#         756
  C:2EA5H         LINE#         757
  C:2EA6H         LINE#         759
  C:2EA8H         LINE#         763
  C:2EAAH         LINE#         765
  C:2EACH         LINE#         767
  C:2EADH         LINE#         777
  C:2EB0H         LINE#         778
  C:2EB2H         LINE#         779
  C:2EB4H         LINE#         780
  C:2EB6H         LINE#         781
  C:2EB8H         LINE#         782
  C:2EBAH         LINE#         783
  C:2EBBH         LINE#         784
  C:2EBCH         LINE#         786
  C:2EBFH         LINE#         787
  C:2EC1H         LINE#         788
  C:2EC4H         LINE#         789
  C:2EC7H         LINE#         790
  C:2EC9H         LINE#         792
  C:2ECAH         LINE#         793
  C:2ECCH         LINE#         794
  C:2ECDH         LINE#         798
  C:2ED0H         LINE#         799
  C:2ED2H         LINE#         800
  C:2ED5H         LINE#         801
  C:2ED6H         LINE#         802
  C:2ED7H         LINE#         804
  C:2ED8H         LINE#         805
  C:2EDBH         LINE#         806
  C:2EDDH         LINE#         807
  C:2EE0H         LINE#         808
  C:2EE3H         LINE#         809
  C:2EE5H         LINE#         810
  C:2EE6H         LINE#         811
BL51 BANKED LINKER/LOCATER V6.22                                                      04/05/2019  05:01:37  PAGE 29


  C:2EE7H         LINE#         827
  C:2EE9H         LINE#         828
  C:2EEBH         LINE#         830
  C:2EEEH         LINE#         832
  C:2EF0H         LINE#         833
  C:2EF1H         LINE#         834
  -------         ENDMOD        ISD51_CONFIGURATION

  -------         MODULE        DISKIO
  C:0000H         SYMBOL        _ICE_DUMMY_
  C:5AEBH         PUBLIC        _disk_initialize
  C:5CADH         PUBLIC        _disk_status
  C:5306H         PUBLIC        _disk_read
  C:53C7H         PUBLIC        _disk_write
  C:5E85H         PUBLIC        _disk_ioctl
  C:5B47H         SYMBOL        Com0053
  C:5B47H         SYMBOL        L?0084
  C:5B56H         SYMBOL        L?0085
  C:5B61H         SYMBOL        L?0086
  C:5B70H         SYMBOL        L?0087
  C:5B7BH         SYMBOL        L?0088
  C:5B7BH         SYMBOL        L?0089
  C:5B87H         SYMBOL        L?0090
  C:5B87H         SYMBOL        L?0091
  C:5B93H         SYMBOL        L?0092
  C:5B93H         SYMBOL        L?0093
  C:5B9BH         SYMBOL        L?0094
  C:5B9BH         SYMBOL        L?0095
  -------         PROC          COM0053
  -------         ENDPROC       COM0053
  -------         PROC          _DISK_STATUS
  D:0007H         SYMBOL        pdrv
  -------         DO            
  D:0005H         SYMBOL        stat
  X:842BH         SYMBOL        result
  -------         ENDDO         
  C:5CADH         LINE#         34
  C:5CADH         LINE#         37
  C:5CADH         LINE#         41
  C:5CCDH         LINE#         42
  C:5CCDH         LINE#         43
  C:5CCFH         LINE#         44
  C:5CD1H         LINE#         46
  C:5CD1H         LINE#         47
  C:5CD6H         LINE#         48
  C:5CD6H         LINE#         50
  C:5CD6H         LINE#         51
  C:5CD8H         LINE#         52
  C:5CDAH         LINE#         54
  C:5CDAH         LINE#         55
  C:5CDFH         LINE#         56
  C:5CDFH         LINE#         58
  C:5CDFH         LINE#         59
  C:5CE1H         LINE#         60
  C:5CE3H         LINE#         62
  C:5CE3H         LINE#         63
  C:5CE8H         LINE#         64
BL51 BANKED LINKER/LOCATER V6.22                                                      04/05/2019  05:01:37  PAGE 30


  C:5CE8H         LINE#         66
  C:5CE8H         LINE#         67
  C:5CEAH         LINE#         68
  C:5CECH         LINE#         70
  C:5CECH         LINE#         71
  C:5CF1H         LINE#         72
  C:5CF1H         LINE#         73
  C:5CF1H         LINE#         75
  C:5CF3H         LINE#         76
  -------         ENDPROC       _DISK_STATUS
  -------         PROC          _DISK_INITIALIZE
  D:0007H         SYMBOL        pdrv
  -------         DO            
  X:842BH         SYMBOL        stat
  X:842CH         SYMBOL        result
  -------         ENDDO         
  C:5AEBH         LINE#         84
  C:5AEBH         LINE#         87
  C:5AEBH         LINE#         91
  C:5B0BH         LINE#         92
  C:5B0BH         LINE#         93
  C:5B0DH         LINE#         94
  C:5B0FH         LINE#         96
  C:5B0FH         LINE#         97
  C:5B14H         LINE#         98
  C:5B16H         LINE#         100
  C:5B16H         LINE#         101
  C:5B1BH         LINE#         102
  C:5B1DH         LINE#         104
  C:5B1DH         LINE#         105
  C:5B22H         LINE#         106
  C:5B24H         LINE#         108
  C:5B24H         LINE#         109
  C:5B29H         LINE#         110
  C:5B2BH         LINE#         112
  C:5B2BH         LINE#         113
  C:5B30H         LINE#         114
  C:5B32H         LINE#         116
  C:5B32H         LINE#         117
  C:5B37H         LINE#         118
  C:5B39H         LINE#         120
  C:5B39H         LINE#         121
  C:5B43H         LINE#         122
  C:5B44H         LINE#         123
  C:5B44H         LINE#         124
  C:5B46H         LINE#         125
  -------         ENDPROC       _DISK_INITIALIZE
  -------         PROC          _DISK_READ
  D:0007H         SYMBOL        pdrv
  X:8457H         SYMBOL        buff
  X:845AH         SYMBOL        sector
  X:845EH         SYMBOL        count
  -------         DO            
  X:8460H         SYMBOL        res
  X:8461H         SYMBOL        result
  -------         ENDDO         
  C:5306H         LINE#         132
BL51 BANKED LINKER/LOCATER V6.22                                                      04/05/2019  05:01:37  PAGE 31


  C:530CH         LINE#         138
  C:530CH         LINE#         142
  C:532CH         LINE#         143
  C:532CH         LINE#         144
  C:5335H         LINE#         145
  C:5337H         LINE#         147
  C:5337H         LINE#         148
  C:5343H         LINE#         149
  C:5346H         LINE#         151
  C:5346H         LINE#         152
  C:5358H         LINE#         153
  C:535BH         LINE#         155
  C:535BH         LINE#         156
  C:536DH         LINE#         157
  C:5370H         LINE#         159
  C:5370H         LINE#         160
  C:5382H         LINE#         161
  C:5384H         LINE#         163
  C:5384H         LINE#         164
  C:5396H         LINE#         165
  C:5398H         LINE#         167
  C:5398H         LINE#         168
  C:53AAH         LINE#         169
  C:53ACH         LINE#         171
  C:53ACH         LINE#         172
  C:53C3H         LINE#         173
  C:53C4H         LINE#         174
  C:53C4H         LINE#         176
  C:53C6H         LINE#         177
  -------         ENDPROC       _DISK_READ
  -------         PROC          _DISK_WRITE
  D:0007H         SYMBOL        pdrv
  X:845BH         SYMBOL        buff
  X:845EH         SYMBOL        sector
  X:8462H         SYMBOL        count
  -------         DO            
  X:8464H         SYMBOL        res
  X:8465H         SYMBOL        result
  -------         ENDDO         
  C:53C7H         LINE#         187
  C:53CDH         LINE#         193
  C:53CDH         LINE#         197
  C:53EDH         LINE#         198
  C:53EDH         LINE#         199
  C:53F6H         LINE#         200
  C:53F8H         LINE#         202
  C:53F8H         LINE#         203
  C:5404H         LINE#         204
  C:5407H         LINE#         206
  C:5407H         LINE#         207
  C:5419H         LINE#         208
  C:541CH         LINE#         210
  C:541CH         LINE#         211
  C:542EH         LINE#         212
  C:5431H         LINE#         214
  C:5431H         LINE#         215
  C:5443H         LINE#         216
BL51 BANKED LINKER/LOCATER V6.22                                                      04/05/2019  05:01:37  PAGE 32


  C:5445H         LINE#         218
  C:5445H         LINE#         219
  C:5457H         LINE#         220
  C:5459H         LINE#         222
  C:5459H         LINE#         223
  C:546BH         LINE#         224
  C:546DH         LINE#         226
  C:546DH         LINE#         227
  C:5484H         LINE#         228
  C:5485H         LINE#         229
  C:5485H         LINE#         231
  C:5487H         LINE#         232
  -------         ENDPROC       _DISK_WRITE
  -------         PROC          _DISK_IOCTL
  D:0007H         SYMBOL        pdrv
  X:83B7H         SYMBOL        cmd
  X:83B8H         SYMBOL        buff
  -------         DO            
  X:83BBH         SYMBOL        res
  X:83BCH         SYMBOL        result
  -------         ENDDO         
  C:5E85H         LINE#         241
  C:5E8EH         LINE#         246
  C:5E8EH         LINE#         250
  C:5EAEH         LINE#         251
  C:5EAEH         LINE#         257
  C:5EAEH         LINE#         263
  C:5EAEH         LINE#         269
  C:5EAEH         LINE#         274
  C:5EAEH         LINE#         280
  C:5EAEH         LINE#         286
  C:5EAEH         LINE#         290
  C:5EAEH         LINE#         292
  C:5EB4H         LINE#         297
  C:5EB4H         LINE#         299
  C:5EB6H         LINE#         300
  -------         ENDPROC       _DISK_IOCTL
  -------         ENDMOD        DISKIO

  -------         MODULE        FF
  C:0000H         SYMBOL        _ICE_DUMMY_
  C:2411H         PUBLIC        _f_open
  C:5E1DH         PUBLIC        _f_close
  C:29F3H         PUBLIC        _f_read
  C:1DA2H         PUBLIC        _f_write
  C:272EH         PUBLIC        _f_lseek
  C:4C2DH         PUBLIC        _f_sync
  C:4FD5H         PUBLIC        _f_opendir
  C:5E51H         PUBLIC        _f_closedir
  C:5A26H         PUBLIC        _f_readdir
  C:3C2EH         PUBLIC        _f_getlabel
  C:355EH         PUBLIC        _f_setlabel
  C:59BAH         PUBLIC        _f_mount
  X:883EH         SYMBOL        FatFs
  X:8841H         SYMBOL        Fsid
  X:8843H         SYMBOL        LfnOfs
  X:8850H         SYMBOL        LfnBuf
BL51 BANKED LINKER/LOCATER V6.22                                                      04/05/2019  05:01:37  PAGE 33


  X:8A50H         SYMBOL        ExCvt
  C:60F9H         SYMBOL        _ld_word
  C:58DDH         SYMBOL        _ld_dword
  C:60B8H         SYMBOL        _st_word
  C:606FH         SYMBOL        _st_dword
  C:5DE8H         SYMBOL        _mem_cpy
  C:6135H         SYMBOL        _mem_set
  C:5DB2H         SYMBOL        _mem_cmp
  C:6094H         SYMBOL        _chk_chr
  C:62EBH         SYMBOL        _dbc_1st
  C:62F0H         SYMBOL        _dbc_2nd
  C:4580H         SYMBOL        _tchar2uni
  C:46D0H         SYMBOL        _put_utf
  C:5542H         SYMBOL        _sync_window
  C:586BH         SYMBOL        _move_window
  C:481DH         SYMBOL        _sync_fs
  C:5BA3H         SYMBOL        _clst2sect
  C:3A8CH         SYMBOL        _get_fat
  C:3382H         SYMBOL        _put_fat
  C:4A31H         SYMBOL        _remove_chain
  C:316AH         SYMBOL        _create_chain
  C:5240H         SYMBOL        _dir_clear
  C:40EDH         SYMBOL        _dir_sdi
  C:38DEH         SYMBOL        _dir_next
  C:57DCH         SYMBOL        _dir_alloc
  C:5C5BH         SYMBOL        _ld_clust
  C:5EB7H         SYMBOL        _st_clust
  C:492BH         SYMBOL        _cmp_lfn
  C:4E19H         SYMBOL        _pick_lfn
  C:4D29H         SYMBOL        _put_lfn
  C:372AH         SYMBOL        _gen_numname
  C:5F19H         SYMBOL        _sum_sfn
  C:427DH         SYMBOL        _dir_read
  C:3DC7H         SYMBOL        _dir_find
  C:2F2CH         SYMBOL        _dir_register
  C:20F0H         SYMBOL        _get_fileinfo
  C:19D0H         SYMBOL        _create_name
  C:5173H         SYMBOL        _follow_path
  C:50A5H         SYMBOL        _get_ldnumber
  C:55FBH         SYMBOL        _check_fs
  C:0FABH         SYMBOL        _find_volume
  C:594DH         SYMBOL        _validate
  C:0026H         SYMBOL        Com02E9
  C:0026H         SYMBOL        L?0746
  C:0026H         SYMBOL        L?0747
  C:0028H         SYMBOL        L?0748
  C:0029H         SYMBOL        L?0749
  C:002CH         SYMBOL        L?0750
  C:002FH         SYMBOL        L?0751
  C:0036H         SYMBOL        L?0752
  C:0057H         SYMBOL        L?0753
  C:0073H         SYMBOL        L?0754
  C:0078H         SYMBOL        L?0755
  C:0082H         SYMBOL        L?0756
  C:0084H         SYMBOL        L?0757
  C:0094H         SYMBOL        L?0758
  C:009AH         SYMBOL        L?0759
BL51 BANKED LINKER/LOCATER V6.22                                                      04/05/2019  05:01:37  PAGE 34


  C:009DH         SYMBOL        L?0760
  C:00A5H         SYMBOL        L?0761
  C:00A5H         SYMBOL        L?0762
  C:00A8H         SYMBOL        L?0763
  C:00ABH         SYMBOL        L?0764
  C:00B1H         SYMBOL        L?0765
  C:00B4H         SYMBOL        L?0766
  C:00BEH         SYMBOL        L?0767
  C:00C7H         SYMBOL        L?0768
  C:00CFH         SYMBOL        L?0769
  C:00D2H         SYMBOL        L?0770
  C:00D8H         SYMBOL        L?0771
  C:00DEH         SYMBOL        L?0772
  C:00E4H         SYMBOL        L?0773
  C:00E7H         SYMBOL        L?0774
  C:00EAH         SYMBOL        L?0775
  C:00F3H         SYMBOL        L?0776
  C:00F6H         SYMBOL        L?0777
  C:00F9H         SYMBOL        L?0778
  C:00FCH         SYMBOL        L?0779
  C:00FDH         SYMBOL        L?0780
  C:00FEH         SYMBOL        L?0781
  C:0105H         SYMBOL        L?0782
  C:011BH         SYMBOL        L?0783
  C:011EH         SYMBOL        L?0784
  C:0121H         SYMBOL        L?0785
  C:0127H         SYMBOL        L?0786
  C:012AH         SYMBOL        L?0787
  C:012DH         SYMBOL        L?0788
  C:0130H         SYMBOL        L?0789
  C:0134H         SYMBOL        L?0790
  C:013EH         SYMBOL        L?0791
  C:014BH         SYMBOL        L?0792
  C:014FH         SYMBOL        L?0793
  C:0156H         SYMBOL        L?0794
  C:0156H         SYMBOL        L?0795
  C:0159H         SYMBOL        L?0796
  C:015CH         SYMBOL        L?0797
  C:0162H         SYMBOL        L?0798
  C:0165H         SYMBOL        L?0799
  C:0168H         SYMBOL        L?0800
  C:016EH         SYMBOL        L?0801
  C:016EH         SYMBOL        L?0802
  C:0177H         SYMBOL        L?0803
  C:017AH         SYMBOL        L?0804
  C:017EH         SYMBOL        L?0805
  C:017FH         SYMBOL        L?0806
  C:0188H         SYMBOL        L?0807
  C:018DH         SYMBOL        L?0808
  C:0190H         SYMBOL        L?0809
  C:0197H         SYMBOL        L?0810
  C:0197H         SYMBOL        L?0811
  C:019AH         SYMBOL        L?0812
  C:019DH         SYMBOL        L?0813
  C:01A3H         SYMBOL        L?0814
  C:01A3H         SYMBOL        L?0815
  C:01A4H         SYMBOL        L?0816
BL51 BANKED LINKER/LOCATER V6.22                                                      04/05/2019  05:01:37  PAGE 35


  C:01AAH         SYMBOL        L?0817
  C:01ADH         SYMBOL        L?0818
  C:01B2H         SYMBOL        L?0819
  C:01B8H         SYMBOL        L?0820
  C:01BBH         SYMBOL        L?0821
  C:01C4H         SYMBOL        L?0822
  C:01CAH         SYMBOL        L?0823
  C:01CDH         SYMBOL        L?0824
  C:01D0H         SYMBOL        L?0825
  C:01D7H         SYMBOL        L?0826
  C:01D7H         SYMBOL        L?0827
  C:01DAH         SYMBOL        L?0828
  C:01E2H         SYMBOL        L?0829
  C:01E2H         SYMBOL        L?0830
  C:01EDH         SYMBOL        L?0831
  C:01FEH         SYMBOL        L?0832
  C:0201H         SYMBOL        L?0833
  C:020AH         SYMBOL        L?0834
  C:020EH         SYMBOL        L?0835
  C:0214H         SYMBOL        L?0836
  C:0217H         SYMBOL        L?0837
  C:021AH         SYMBOL        L?0838
  C:0220H         SYMBOL        L?0839
  C:0220H         SYMBOL        L?0840
  C:0223H         SYMBOL        L?0841
  C:0226H         SYMBOL        L?0842
  C:0229H         SYMBOL        L?0843
  C:0231H         SYMBOL        L?0844
  C:0231H         SYMBOL        L?0845
  C:0234H         SYMBOL        L?0846
  C:0237H         SYMBOL        L?0847
  C:023DH         SYMBOL        L?0848
  C:023DH         SYMBOL        L?0849
  C:0247H         SYMBOL        L?0850
  C:024DH         SYMBOL        L?0851
  C:0256H         SYMBOL        L?0852
  C:025DH         SYMBOL        L?0853
  C:025DH         SYMBOL        L?0854
  C:0260H         SYMBOL        L?0855
  C:0269H         SYMBOL        L?0856
  C:0269H         SYMBOL        L?0857
  C:026CH         SYMBOL        L?0858
  C:0273H         SYMBOL        L?0859
  C:0276H         SYMBOL        L?0860
  C:027DH         SYMBOL        L?0861
  C:0280H         SYMBOL        L?0862
  C:028AH         SYMBOL        L?0863
  C:0296H         SYMBOL        L?0864
  C:029CH         SYMBOL        L?0865
  C:029CH         SYMBOL        L?0866
[...]
  C:5779H         LINE#         15238
  C:577BH         LINE#         15239
  C:5791H         LINE#         15240
  C:57C4H         LINE#         15241
  C:57D3H         LINE#         15242
  C:57D3H         LINE#         15243
  C:57D3H         LINE#         15245
  C:57DBH         LINE#         15246
  -------         ENDPROC       _FF_UNI2OEM
  -------         PROC          _FF_OEM2UNI
  X:8DEFH         SYMBOL        oem
  X:8DF1H         SYMBOL        cp
  -------         DO            
  D:0004H         SYMBOL        c
  D:0001H         SYMBOL        p
  -------         ENDDO         
  C:5BFFH         LINE#         15248
  C:5C0FH         LINE#         15252
  C:5C0FH         LINE#         15253
  C:5C12H         LINE#         15254
  C:5C18H         LINE#         15257
  C:5C21H         LINE#         15258
  C:5C29H         LINE#         15260
  C:5C2BH         LINE#         15261
  C:5C37H         LINE#         15262
  C:5C56H         LINE#         15263
  C:5C56H         LINE#         15264
  C:5C56H         LINE#         15266
  C:5C5AH         LINE#         15267
  -------         ENDPROC       _FF_OEM2UNI
  -------         PROC          _FF_WTOUPPER
  X:8423H         SYMBOL        uni
  -------         DO            
  X:8427H         SYMBOL        p
  X:842AH         SYMBOL        uc
  X:842CH         SYMBOL        bc
  X:842EH         SYMBOL        nc
  X:8430H         SYMBOL        cmd
  X:847EH         SYMBOL        cvt1
  X:8670H         SYMBOL        cvt2
  -------         ENDDO         
  C:3F5AH         LINE#         15468
  C:3F60H         LINE#         15471
  C:3F60H         LINE#         15567
  C:3F6BH         LINE#         15568
  C:3F79H         LINE#         15569
  C:3F91H         LINE#         15570
  C:3F91H         LINE#         15571
  C:3F9DH         LINE#         15572
BL51 BANKED LINKER/LOCATER V6.22                                                      04/05/2019  05:01:37  PAGE 80


  C:3FBBH         LINE#         15573
  C:3FDCH         LINE#         15574
  C:3FF9H         LINE#         15575
  C:402AH         LINE#         15576
  C:4045H         LINE#         15577
  C:4069H         LINE#         15578
  C:4073H         LINE#         15579
  C:407DH         LINE#         15580
  C:4087H         LINE#         15581
  C:4091H         LINE#         15582
  C:409AH         LINE#         15583
  C:40A4H         LINE#         15584
  C:40B1H         LINE#         15585
  C:40B1H         LINE#         15586
  C:40B1H         LINE#         15587
  C:40B1H         LINE#         15588
  C:40D2H         LINE#         15589
  C:40D5H         LINE#         15590
  C:40E6H         LINE#         15591
  C:40E6H         LINE#         15593
  C:40ECH         LINE#         15594
  -------         ENDPROC       _FF_WTOUPPER
  -------         ENDMOD        FFUNICODE

  -------         MODULE        RAMDISKIO
  C:0000H         SYMBOL        _ICE_DUMMY_
  C:6296H         PUBLIC        _RAM_disk_status
  C:629FH         PUBLIC        _RAM_disk_initialize
  C:62CFH         PUBLIC        _RAM_disk_read
  C:62D6H         PUBLIC        _RAM_disk_write
  C:6235H         PUBLIC        _RAM_disk_ioctl
  C:6255H         SYMBOL        Com0006
  C:6255H         SYMBOL        L?0007
  C:6256H         SYMBOL        L?0008
  -------         PROC          COM0006
  -------         ENDPROC       COM0006
  -------         PROC          _RAM_DISK_STATUS
  X:842DH         SYMBOL        device
  C:6296H         LINE#         3
  C:629BH         LINE#         4
  C:629BH         LINE#         5
  C:629EH         LINE#         6
  -------         ENDPROC       _RAM_DISK_STATUS
  -------         PROC          _RAM_DISK_INITIALIZE
  X:842EH         SYMBOL        device
  C:629FH         LINE#         8
  C:62A4H         LINE#         9
  C:62A4H         LINE#         10
  C:62A7H         LINE#         11
  -------         ENDPROC       _RAM_DISK_INITIALIZE
  -------         PROC          _RAM_DISK_READ
  X:8463H         SYMBOL        device
  X:8464H         SYMBOL        buff
  X:8467H         SYMBOL        sector
  X:846BH         SYMBOL        count
  C:62CFH         LINE#         13
  C:62D2H         LINE#         14
BL51 BANKED LINKER/LOCATER V6.22                                                      04/05/2019  05:01:37  PAGE 81


  C:62D2H         LINE#         15
  C:62D5H         LINE#         16
  -------         ENDPROC       _RAM_DISK_READ
  -------         PROC          _RAM_DISK_WRITE
  X:8467H         SYMBOL        device
  X:8468H         SYMBOL        buff
  X:846BH         SYMBOL        sector
  X:846FH         SYMBOL        count
  C:62D6H         LINE#         18
  C:62D9H         LINE#         19
  C:62D9H         LINE#         20
  C:62DCH         LINE#         21
  -------         ENDPROC       _RAM_DISK_WRITE
  -------         PROC          _RAM_DISK_IOCTL
  X:8DE5H         SYMBOL        device
  X:8DE6H         SYMBOL        cmd
  X:8DE7H         SYMBOL        buff
  C:6235H         LINE#         23
  C:623CH         LINE#         24
  C:623CH         LINE#         25
  C:623FH         LINE#         26
  -------         ENDPROC       _RAM_DISK_IOCTL
  -------         ENDMOD        RAMDISKIO

  -------         MODULE        SDDISKIO
  C:0000H         SYMBOL        _ICE_DUMMY_
  C:62A8H         PUBLIC        _SD_disk_status
  C:62B1H         PUBLIC        _SD_disk_initialize
  C:62DDH         PUBLIC        _SD_disk_read
  C:62E4H         PUBLIC        _SD_disk_write
  C:6240H         PUBLIC        _SD_disk_ioctl
  C:625FH         SYMBOL        Com0006
  C:625FH         SYMBOL        L?0007
  C:6260H         SYMBOL        L?0008
  -------         PROC          COM0006
  -------         ENDPROC       COM0006
  -------         PROC          _SD_DISK_STATUS
  X:842DH         SYMBOL        device
  C:62A8H         LINE#         3
  C:62ADH         LINE#         4
  C:62ADH         LINE#         5
  C:62B0H         LINE#         6
  -------         ENDPROC       _SD_DISK_STATUS
  -------         PROC          _SD_DISK_INITIALIZE
  X:842EH         SYMBOL        device
  C:62B1H         LINE#         8
  C:62B6H         LINE#         9
  C:62B6H         LINE#         10
  C:62B9H         LINE#         11
  -------         ENDPROC       _SD_DISK_INITIALIZE
  -------         PROC          _SD_DISK_READ
  X:8463H         SYMBOL        device
  X:8464H         SYMBOL        buff
  X:8467H         SYMBOL        sector
  X:846BH         SYMBOL        count
  C:62DDH         LINE#         13
  C:62E0H         LINE#         14
BL51 BANKED LINKER/LOCATER V6.22                                                      04/05/2019  05:01:37  PAGE 82


  C:62E0H         LINE#         15
  C:62E3H         LINE#         16
  -------         ENDPROC       _SD_DISK_READ
  -------         PROC          _SD_DISK_WRITE
  X:8467H         SYMBOL        device
  X:8468H         SYMBOL        buff
  X:846BH         SYMBOL        sector
  X:846FH         SYMBOL        count
  C:62E4H         LINE#         18
  C:62E7H         LINE#         19
  C:62E7H         LINE#         20
  C:62EAH         LINE#         21
  -------         ENDPROC       _SD_DISK_WRITE
  -------         PROC          _SD_DISK_IOCTL
  X:8DEAH         SYMBOL        device
  X:8DEBH         SYMBOL        cmd
  X:8DECH         SYMBOL        buff
  C:6240H         LINE#         23
  C:6247H         LINE#         24
  C:6247H         LINE#         25
  C:624AH         LINE#         26
  -------         ENDPROC       _SD_DISK_IOCTL
  -------         ENDMOD        SDDISKIO

  -------         MODULE        ?C?CLDPTR
  C:0864H         PUBLIC        ?C?CLDPTR
  -------         ENDMOD        ?C?CLDPTR

  -------         MODULE        ?C?CLDOPTR
  C:087DH         PUBLIC        ?C?CLDOPTR
  -------         ENDMOD        ?C?CLDOPTR

  -------         MODULE        ?C?CSTPTR
  C:08AAH         PUBLIC        ?C?CSTPTR
  -------         ENDMOD        ?C?CSTPTR

  -------         MODULE        ?C?CSTOPTR
  C:08BCH         PUBLIC        ?C?CSTOPTR
  -------         ENDMOD        ?C?CSTOPTR

  -------         MODULE        ?C?IMUL
  C:08DEH         PUBLIC        ?C?IMUL
  -------         ENDMOD        ?C?IMUL

  -------         MODULE        ?C?UIDIV
  C:08F0H         PUBLIC        ?C?UIDIV
  -------         ENDMOD        ?C?UIDIV

  -------         MODULE        ?C?IILDX
  C:0945H         PUBLIC        ?C?IILDX
  -------         ENDMOD        ?C?IILDX

  -------         MODULE        ?C?ILDIX
  C:095BH         PUBLIC        ?C?ILDIX
  -------         ENDMOD        ?C?ILDIX

  -------         MODULE        ?C?ILDPTR
BL51 BANKED LINKER/LOCATER V6.22                                                      04/05/2019  05:01:37  PAGE 83


  C:0971H         PUBLIC        ?C?ILDPTR
  -------         ENDMOD        ?C?ILDPTR

  -------         MODULE        ?C?ILDOPTR
  C:099CH         PUBLIC        ?C?ILDOPTR
  -------         ENDMOD        ?C?ILDOPTR

  -------         MODULE        ?C?IILDPTR
  C:09D4H         PUBLIC        ?C?IILDPTR
  -------         ENDMOD        ?C?IILDPTR

  -------         MODULE        ?C?ISTPTR
  C:0A0CH         PUBLIC        ?C?ISTPTR
  -------         ENDMOD        ?C?ISTPTR

  -------         MODULE        ?C?ISTOPTR
  C:0A2BH         PUBLIC        ?C?ISTOPTR
  -------         ENDMOD        ?C?ISTOPTR

  -------         MODULE        ?C?LADD
  C:0A58H         PUBLIC        ?C?LADD
  -------         ENDMOD        ?C?LADD

  -------         MODULE        ?C?LSUB
  C:0A65H         PUBLIC        ?C?LSUB
  -------         ENDMOD        ?C?LSUB

  -------         MODULE        ?C?LMUL
  C:0A73H         PUBLIC        ?C?LMUL
  -------         ENDMOD        ?C?LMUL

  -------         MODULE        ?C?ULDIV
  C:0AFEH         PUBLIC        ?C?ULDIV
  -------         ENDMOD        ?C?ULDIV

  -------         MODULE        ?C?LAND
  C:0B90H         PUBLIC        ?C?LAND
  -------         ENDMOD        ?C?LAND

  -------         MODULE        ?C?LOR
  C:0B9DH         PUBLIC        ?C?LOR
  -------         ENDMOD        ?C?LOR

  -------         MODULE        ?C?LNOT
  C:0BAAH         PUBLIC        ?C?LNOT
  -------         ENDMOD        ?C?LNOT

  -------         MODULE        ?C?ULCMP
  C:0BB7H         PUBLIC        ?C?ULCMP
  -------         ENDMOD        ?C?ULCMP

  -------         MODULE        ?C?ULSHR
  C:0BC8H         PUBLIC        ?C?ULSHR
  -------         ENDMOD        ?C?ULSHR

  -------         MODULE        ?C?LSHL
  C:0BDBH         PUBLIC        ?C?LSHL
BL51 BANKED LINKER/LOCATER V6.22                                                      04/05/2019  05:01:37  PAGE 84


  -------         ENDMOD        ?C?LSHL

  -------         MODULE        ?C?LLDPTR
  C:0BEEH         PUBLIC        ?C?LLDPTR
  -------         ENDMOD        ?C?LLDPTR

  -------         MODULE        ?C?LLDOPTR
  C:0C0EH         PUBLIC        ?C?LLDOPTR
  -------         ENDMOD        ?C?LLDOPTR

  -------         MODULE        ?C?LSTPTR
  C:0C3EH         PUBLIC        ?C?LSTPTR
  -------         ENDMOD        ?C?LSTPTR

  -------         MODULE        ?C?LSTOPTR
  C:0C58H         PUBLIC        ?C?LSTOPTR
  -------         ENDMOD        ?C?LSTOPTR

  -------         MODULE        ?C?LLDXDATA
  C:0C7CH         PUBLIC        ?C?LLDXDATA
  -------         ENDMOD        ?C?LLDXDATA

  -------         MODULE        ?C?LLDXDATA0
  C:0C88H         PUBLIC        ?C?LLDXDATA0
  -------         ENDMOD        ?C?LLDXDATA0

  -------         MODULE        ?C?LLDPTR0
  C:0C94H         PUBLIC        ?C?LLDPTR0
  -------         ENDMOD        ?C?LLDPTR0

  -------         MODULE        ?C?LLDOPTR0
  C:0CB4H         PUBLIC        ?C?LLDOPTR0
  -------         ENDMOD        ?C?LLDOPTR0

  -------         MODULE        ?C?LSTXDATA
  C:0CE4H         PUBLIC        ?C?LSTXDATA
  -------         ENDMOD        ?C?LSTXDATA

  -------         MODULE        ?C?LSTKXDATA
  C:0CF0H         PUBLIC        ?C?LSTKXDATA
  -------         ENDMOD        ?C?LSTKXDATA

  -------         MODULE        ?C?LSTKPTR
  C:0D21H         PUBLIC        ?C?LSTKPTR
  -------         ENDMOD        ?C?LSTKPTR

  -------         MODULE        ?C?LSTKOPTR
  C:0D3BH         PUBLIC        ?C?LSTKOPTR
  -------         ENDMOD        ?C?LSTKOPTR

  -------         MODULE        ?C?OFFXADD
  C:0D5FH         PUBLIC        ?C?OFFXADD
  -------         ENDMOD        ?C?OFFXADD

  -------         MODULE        ?C?PLDXDATA
  C:0D6BH         PUBLIC        ?C?PLDXDATA
  -------         ENDMOD        ?C?PLDXDATA
BL51 BANKED LINKER/LOCATER V6.22                                                      04/05/2019  05:01:37  PAGE 85



  -------         MODULE        ?C?PLDIXDATA
  C:0D74H         PUBLIC        ?C?PLDIXDATA
  -------         ENDMOD        ?C?PLDIXDATA

  -------         MODULE        ?C?PSTXDATA
  C:0D8BH         PUBLIC        ?C?PSTXDATA
  -------         ENDMOD        ?C?PSTXDATA

  -------         MODULE        ?C?PLDPTR
  C:0D94H         PUBLIC        ?C?PLDPTR
  -------         ENDMOD        ?C?PLDPTR

  -------         MODULE        ?C?PSTPTR
  C:0DB4H         PUBLIC        ?C?PSTPTR
  -------         ENDMOD        ?C?PSTPTR

  -------         MODULE        ?C?PLDOPTR
  C:0E03H         PUBLIC        ?C?PLDOPTR
  -------         ENDMOD        ?C?PLDOPTR

  -------         MODULE        ?C?PSTOPTR
  C:0E33H         PUBLIC        ?C?PSTOPTR
  -------         ENDMOD        ?C?PSTOPTR

  -------         MODULE        ?C?CCASE
  C:0E8CH         PUBLIC        ?C?CCASE
  -------         ENDMOD        ?C?CCASE

  -------         MODULE        ?C_XBP
  D:0008H         PUBLIC        ?C_XBP
  -------         ENDMOD        ?C_XBP

  -------         MODULE        ?C?LIMUL
  C:0EB2H         PUBLIC        ?C?LIMUL
  -------         ENDMOD        ?C?LIMUL

  -------         MODULE        ISD_CORE_FUNCTIONS
  N:0064H         PUBLIC        ?ISD?CORE
  C:2F0AH         PUBLIC        ?ISD?READCMEM
  C:2F17H         PUBLIC        ?ISD?READIMEM
  C:2EFAH         PUBLIC        ?ISD?READXMEM
  C:2F28H         PUBLIC        ?ISD?WRITEIMEM
  C:2F20H         PUBLIC        ?ISD?WRITEXMEM
  -------         ENDMOD        ISD_CORE_FUNCTIONS

  -------         MODULE        ?C?LLDIDATA
  C:0EDFH         PUBLIC        ?C?LLDIDATA
  -------         ENDMOD        ?C?LLDIDATA

  -------         MODULE        ?C?LLDPDATA
  C:0EEBH         PUBLIC        ?C?LLDPDATA
  -------         ENDMOD        ?C?LLDPDATA

  -------         MODULE        ?C?LLDCODE
  C:0EF7H         PUBLIC        ?C?LLDCODE
  -------         ENDMOD        ?C?LLDCODE
BL51 BANKED LINKER/LOCATER V6.22                                                      04/05/2019  05:01:37  PAGE 86



  -------         MODULE        ?C?LLDIDATA0
  C:0F07H         PUBLIC        ?C?LLDIDATA0
  -------         ENDMOD        ?C?LLDIDATA0

  -------         MODULE        ?C?LLDPDATA0
  C:0F14H         PUBLIC        ?C?LLDPDATA0
  -------         ENDMOD        ?C?LLDPDATA0

  -------         MODULE        ?C?LLDCODE0
  C:0F21H         PUBLIC        ?C?LLDCODE0
  -------         ENDMOD        ?C?LLDCODE0

  -------         MODULE        ?C?LSTIDATA
  C:0F31H         PUBLIC        ?C?LSTIDATA
  -------         ENDMOD        ?C?LSTIDATA

  -------         MODULE        ?C?LSTPDATA
  C:0F3DH         PUBLIC        ?C?LSTPDATA
  -------         ENDMOD        ?C?LSTPDATA

  -------         MODULE        ?C?LSTKIDATA
  C:0F49H         PUBLIC        ?C?LSTKIDATA
  -------         ENDMOD        ?C?LSTKIDATA

  -------         MODULE        ?C?LSTKPDATA
  C:0F62H         PUBLIC        ?C?LSTKPDATA
  -------         ENDMOD        ?C?LSTKPDATA

  -------         MODULE        ?C?PLDIDATA
  C:0F7BH         PUBLIC        ?C?PLDIDATA
  -------         ENDMOD        ?C?PLDIDATA

  -------         MODULE        ?C?PSTIDATA
  C:0F84H         PUBLIC        ?C?PSTIDATA
  -------         ENDMOD        ?C?PSTIDATA

  -------         MODULE        ?C?PLDPDATA
  C:0F8DH         PUBLIC        ?C?PLDPDATA
  -------         ENDMOD        ?C?PLDPDATA

  -------         MODULE        ?C?PSTPDATA
  C:0F96H         PUBLIC        ?C?PSTPDATA
  -------         ENDMOD        ?C?PSTPDATA

  -------         MODULE        ?C?PLDCODE
  C:0F9FH         PUBLIC        ?C?PLDCODE
  -------         ENDMOD        ?C?PLDCODE



FUNCTION REGISTER MASKS


FUNCTION . . . . . . . . REG MASK
---------------------------------

BL51 BANKED LINKER/LOCATER V6.22                                                      04/05/2019  05:01:37  PAGE 87


LEDINIT. . . . . . . . . @0x8000
LEDTEST. . . . . . . . . @0x8000
_CFDISKGETSECTORCOUNT. . @0xe30f
_CFWAITCOMMANDREADY. . . @0xf301
_CFWAITDATAREADY . . . . @0xf301
_CFWAITIDLE. . . . . . . @0xa300
_CFWRITESECTOR . . . . . @0xff8f
_CF_DISK_IOCTL . . . . . @0xff8f
_CF_DISK_STATUS. . . . . @0xe303
_CF_DISK_WRITE . . . . . @0xff8f
_DELAY_MS. . . . . . . . @0xe03b
_DELAY_US. . . . . . . . @0xe00b
_DISK_IOCTL. . . . . . . @0xf381
_DISK_STATUS . . . . . . @0xf387
_DVD_DISK_INITIALIZE . . @0xe303
_DVD_DISK_IOCTL. . . . . @0xff8f
_DVD_DISK_READ . . . . . @0xe303
_DVD_DISK_STATUS . . . . @0xe303
_DVD_DISK_WRITE. . . . . @0xe303
_FF_OEM2UNI. . . . . . . @0xf7ff
_F_CLOSEDIR. . . . . . . @0xfff7
_PIOTEST . . . . . . . . @0xf3fb
_RAM_DISK_INITIALIZE . . @0xe303
_RAM_DISK_IOCTL. . . . . @0xe303
_RAM_DISK_READ . . . . . @0xe303
_RAM_DISK_STATUS . . . . @0xe303
_RAM_DISK_WRITE. . . . . @0xe303
_SD_DISK_INITIALIZE. . . @0xe303
_SD_DISK_IOCTL . . . . . @0xe303
_SD_DISK_READ. . . . . . @0xe303
_SD_DISK_STATUS. . . . . @0xe303
_SD_DISK_WRITE . . . . . @0xe303
_SIOCLOSE. . . . . . . . @0xe300
_SIOINIT . . . . . . . . @0xa300
_SIORX . . . . . . . . . @0xe301
_SIORXBUF. . . . . . . . @0xf7f1
_SIORXSTR. . . . . . . . @0xf7f1
_SIOTX . . . . . . . . . @0xe301
_SIOTXBUF. . . . . . . . @0xf7f5
_SIOTXSTR. . . . . . . . @0xfff7
_SIOWAITRXDONE . . . . . @0xa300
_SIOWAITTXDONE . . . . . @0xa300

*** WARNING L16: UNCALLED SEGMENT, IGNORED FOR OVERLAY PROCESS
    SEGMENT: ?PR?_CFDISKGETSECTORCOUNT?COMPACTFLASH

*** WARNING L16: UNCALLED SEGMENT, IGNORED FOR OVERLAY PROCESS
    SEGMENT: ?PR?LEDINIT?LED

*** WARNING L16: UNCALLED SEGMENT, IGNORED FOR OVERLAY PROCESS
    SEGMENT: ?PR?_PIOTEST?TEST

*** WARNING L16: UNCALLED SEGMENT, IGNORED FOR OVERLAY PROCESS
    SEGMENT: ?PR?_CFTEST?TEST

*** WARNING L16: UNCALLED SEGMENT, IGNORED FOR OVERLAY PROCESS
    SEGMENT: ?PR?_SIOCLOSE?SIO
BL51 BANKED LINKER/LOCATER V6.22                                                      04/05/2019  05:01:37  PAGE 88



*** WARNING L16: UNCALLED SEGMENT, IGNORED FOR OVERLAY PROCESS
    SEGMENT: ?PR?_SIOWAITTXDONE?SIO

*** WARNING L16: UNCALLED SEGMENT, IGNORED FOR OVERLAY PROCESS
    SEGMENT: ?PR?_SIOWAITRXDONE?SIO

*** WARNING L16: UNCALLED SEGMENT, IGNORED FOR OVERLAY PROCESS
    SEGMENT: ?PR?_SIORXSTR?SIO

*** WARNING L16: UNCALLED SEGMENT, IGNORED FOR OVERLAY PROCESS
    SEGMENT: ?PR?_SIORXBUF?SIO

*** WARNING L16: UNCALLED SEGMENT, IGNORED FOR OVERLAY PROCESS
    SEGMENT: ?PR?_F_WRITE?FF

*** WARNING L16: UNCALLED SEGMENT, IGNORED FOR OVERLAY PROCESS
    SEGMENT: ?PR?_F_OPENDIR?FF

*** WARNING L16: UNCALLED SEGMENT, IGNORED FOR OVERLAY PROCESS
    SEGMENT: ?PR?_F_CLOSEDIR?FF

*** WARNING L16: UNCALLED SEGMENT, IGNORED FOR OVERLAY PROCESS
    SEGMENT: ?PR?_F_READDIR?FF

*** WARNING L16: UNCALLED SEGMENT, IGNORED FOR OVERLAY PROCESS
    SEGMENT: ?PR?_F_GETLABEL?FF

*** WARNING L16: UNCALLED SEGMENT, IGNORED FOR OVERLAY PROCESS
    SEGMENT: ?PR?_F_SETLABEL?FF

*** WARNING L16: UNCALLED SEGMENT, IGNORED FOR OVERLAY PROCESS
    SEGMENT: ?PR?_CF_DISK_IOCTL?CFDISKIO

*** WARNING L16: UNCALLED SEGMENT, IGNORED FOR OVERLAY PROCESS
    SEGMENT: ?PR?_DVD_DISK_IOCTL?DVDDISKIO

*** WARNING L16: UNCALLED SEGMENT, IGNORED FOR OVERLAY PROCESS
    SEGMENT: ?PR?_RAM_DISK_IOCTL?RAMDISKIO

*** WARNING L16: UNCALLED SEGMENT, IGNORED FOR OVERLAY PROCESS
    SEGMENT: ?PR?_SD_DISK_IOCTL?SDDISKIO

Program Size: data=12.0 xdata=3580 code=25333
LINK/LOCATE RUN COMPLETE.  19 WARNING(S),  0 ERROR(S)
