C51 COMPILER V9.01   I2C                                                                   02/02/2019 03:55:44 PAGE 1   


C51 COMPILER V9.01, COMPILATION OF MODULE I2C
OBJECT MODULE PLACED IN i2c.OBJ
COMPILER INVOKED BY: C:\Keil\C51\BIN\C51.EXE i2c.c BROWSE DEBUG OBJECTEXTEND

line level    source

   1          #include"i2c.h"
*** WARNING C318 IN LINE 1 OF i2c.c: can't open file 'i2c.h'
   2          
   3          /*******************************************************************************
   4          * 函数名         : Delay10us()
   5          * 函数功能                 : 延时10us
   6          * 输入           : 无
   7          * 输出           : 无
   8          *******************************************************************************/
   9          
  10          void Delay10us()
  11          {
  12   1              unsigned char a,b;
  13   1              for(b=1;b>0;b--)
  14   1                      for(a=2;a>0;a--);
  15   1      
  16   1      }
  17          /*******************************************************************************
  18          * 函数名         : I2cStart()
  19          * 函数功能               : 起始信号：在SCL时钟信号在高电平期间SDA信号产生一个下降沿
  20          * 输入           : 无
  21          * 输出           : 无
  22          * 备注           : 起始之后SDA和SCL都为0
  23          *******************************************************************************/
  24          
  25          void I2cStart()
  26          {
  27   1              SDA=1;
*** ERROR C202 IN LINE 27 OF I2C.C: 'SDA': undefined identifier
  28   1              Delay10us();
  29   1              SCL=1;
*** ERROR C202 IN LINE 29 OF I2C.C: 'SCL': undefined identifier
  30   1              Delay10us();//建立时间是SDA保持时间>4.7us
  31   1              SDA=0;
*** ERROR C202 IN LINE 31 OF I2C.C: 'SDA': undefined identifier
  32   1              Delay10us();//保持时间是>4us
  33   1              SCL=0;                  
*** ERROR C202 IN LINE 33 OF I2C.C: 'SCL': undefined identifier
  34   1              Delay10us();            
  35   1      }
  36          /*******************************************************************************
  37          * 函数名         : I2cStop()
  38          * 函数功能               : 终止信号：在SCL时钟信号高电平期间SDA信号产生一个上升沿
  39          * 输入           : 无
  40          * 输出           : 无
  41          * 备注           : 结束之后保持SDA和SCL都为1；表示总线空闲
  42          *******************************************************************************/
  43          
  44          void I2cStop()
  45          {
  46   1              SDA=0;
*** ERROR C202 IN LINE 46 OF I2C.C: 'SDA': undefined identifier
  47   1              Delay10us();
  48   1              SCL=1;
*** ERROR C202 IN LINE 48 OF I2C.C: 'SCL': undefined identifier
C51 COMPILER V9.01   I2C                                                                   02/02/2019 03:55:44 PAGE 2   

  49   1              Delay10us();//建立时间大于4.7us
  50   1              SDA=1;
*** ERROR C202 IN LINE 50 OF I2C.C: 'SDA': undefined identifier
  51   1              Delay10us();            
  52   1      }
  53          
  54          // OCT[3-0] DAC[0-9] 0 0
  55          /*******************************************************************************
  56          * 函数名         : I2cSendByte(unsigned char dat)
  57          * 函数功能               : 通过I2C发送一个字节。在SCL时钟信号高电平期间，保持发送信号SDA保持稳定
  58          * 输入           : num
  59          * 输出           : 0或1。发送成功返回1，发送失败返回0
  60          * 备注           : 发送完一个字节SCL=0,SDA=1
  61          *******************************************************************************/
  62          
  63          unsigned char I2cSendByte(unsigned char dat)
  64          {
  65   1              unsigned char a=0,b=0;//最大255，一个机器周期为1us，最大延时255us。             
  66   1              for(a=0;a<8;a++)//要发送8位，从最高位开始
  67   1              {
  68   2                      SDA=dat>>7;      //起始信号之后SCL=0，所以可以直接改变SDA信号
*** ERROR C202 IN LINE 68 OF I2C.C: 'SDA': undefined identifier
  69   2                      dat=dat<<1;
  70   2                      Delay10us();
  71   2                      SCL=1;
*** ERROR C202 IN LINE 71 OF I2C.C: 'SCL': undefined identifier
  72   2                      Delay10us();//建立时间>4.7us
  73   2                      SCL=0;
*** ERROR C202 IN LINE 73 OF I2C.C: 'SCL': undefined identifier
  74   2                      Delay10us();//时间大于4us               
  75   2              }
  76   1              SDA=1;
*** ERROR C202 IN LINE 76 OF I2C.C: 'SDA': undefined identifier
  77   1              Delay10us();
  78   1              SCL=1;
*** ERROR C202 IN LINE 78 OF I2C.C: 'SCL': undefined identifier
  79   1              while(SDA)//等待应答，也就是等待从设备把SDA拉低
*** ERROR C202 IN LINE 79 OF I2C.C: 'SDA': undefined identifier
  80   1              {
  81   2                      b++;
  82   2                      if(b>200)        //如果超过2000us没有应答发送失败，或者为非应答，表示接收结束
  83   2                      {
  84   3                              SCL=0;
*** ERROR C202 IN LINE 84 OF I2C.C: 'SCL': undefined identifier
  85   3                              Delay10us();
  86   3                              return 0;
  87   3                      }
  88   2              }
  89   1              SCL=0;
*** ERROR C202 IN LINE 89 OF I2C.C: 'SCL': undefined identifier
  90   1              Delay10us();
  91   1              return 1;               
  92   1      }
  93          /*******************************************************************************
  94          * 函数名         : I2cReadByte()
  95          * 函数功能                 : 使用I2c读取一个字节
  96          * 输入           : 无
  97          * 输出           : dat
  98          * 备注           : 接收完一个字节SCL=0,SDA=1.
  99          *******************************************************************************/
 100          
 101          unsigned char I2cReadByte()
C51 COMPILER V9.01   I2C                                                                   02/02/2019 03:55:44 PAGE 3   

 102          {
 103   1              unsigned char a=0,dat=0;
 104   1              SDA=1;                  //起始和发送一个字节之后SCL都是0
*** ERROR C202 IN LINE 104 OF I2C.C: 'SDA': undefined identifier
 105   1              Delay10us();
 106   1              for(a=0;a<8;a++)//接收8个字节
 107   1              {
 108   2                      SCL=1;
*** ERROR C202 IN LINE 108 OF I2C.C: 'SCL': undefined identifier
 109   2                      Delay10us();
 110   2                      dat<<=1;
 111   2                      dat|=SDA;
*** ERROR C202 IN LINE 111 OF I2C.C: 'SDA': undefined identifier
 112   2                      Delay10us();
 113   2                      SCL=0;
*** ERROR C202 IN LINE 113 OF I2C.C: 'SCL': undefined identifier
 114   2                      Delay10us();
 115   2              }
 116   1              return dat;             
 117   1      }
 118          
 119          
 120          /*******************************************************************************
 121          * 函数名         : void At24c02Write(unsigned char addr,unsigned char dat)
 122          * 函数功能                 : 往24c02的一个地址写入一个数据
 123          * 输入           : 无
 124          * 输出           : 无
 125          *******************************************************************************/
 126          
 127          void At24c02Write(unsigned char addr,unsigned char dat)
 128          {
 129   1              I2cStart();
 130   1              I2cSendByte(0xa0);//发送写器件地址
 131   1              I2cSendByte(addr);//发送要写入内存地址
 132   1              I2cSendByte(dat);       //发送数据
 133   1              I2cStop();
 134   1      }
 135          /*******************************************************************************
 136          * 函数名         : unsigned char At24c02Read(unsigned char addr)
 137          * 函数功能                 : 读取24c02的一个地址的一个数据
 138          * 输入           : 无
 139          * 输出           : 无
 140          *******************************************************************************/
 141          
 142          unsigned char At24c02Read(unsigned char addr)
 143          {
 144   1              unsigned char num;
 145   1              I2cStart();
 146   1              I2cSendByte(0xa0); //发送写器件地址
 147   1              I2cSendByte(addr); //发送要读取的地址
 148   1              I2cStart();
 149   1              I2cSendByte(0xa1); //发送读器件地址
 150   1              num=I2cReadByte(); //读取数据
 151   1              I2cStop();
 152   1              return num;     
 153   1      }
 154          

C51 COMPILATION COMPLETE.  1 WARNING(S),  19 ERROR(S)
