ASxxxx Linker V03.00 + NoICE + sdld,  page 1.
Hexadecimal  [32-Bits]

Area                                    Addr        Size        Decimal Bytes (Attributes)
--------------------------------        ----        ----        ------- ----- ------------
CABS                                00000000    00000000 =           0. bytes (ABS,CON,CODE)

      Value  Global                              Global Defined In Module
      -----  --------------------------------   ------------------------
C:   00000000  l_BSEG                          
C:   00000000  l_BSEG_BYTES                    
C:   00000000  l_CABS                          
C:   00000000  l_GSINIT                        
C:   00000000  l_GSINIT1                       
C:   00000000  l_GSINIT5                       
C:   00000000  l_IABS                          
C:   00000000  l_ISEG                          
C:   00000000  l_OSEG                          
C:   00000000  l_PSEG                          
C:   00000000  l_REG_BANK_1                    
C:   00000000  l_REG_BANK_2                    
C:   00000000  l_REG_BANK_3                    
C:   00000000  l_RSEG                          
C:   00000000  l_RSEG0                         
C:   00000000  l_RSEG1                         
C:   00000000  l_XABS                          
C:   00000000  l__CODE                         
C:   00000000  s_BSEG                          
C:   00000000  s_CABS                          
C:   00000000  s_DSEG                          
C:   00000000  s_HOME                          
C:   00000000  s_IABS                          
C:   00000000  s_ISEG                          
C:   00000000  s_REG_BANK_0                    
C:   00000000  s_RSEG                          
C:   00000000  s_RSEG0                         
C:   00000000  s_RSEG1                         
C:   00000000  s_XABS                          
C:   00000001  l_BIT_BANK                      
C:   00000001  l_XINIT                         
C:   00000001  l_XISEG                         
C:   00000003  l_GSFINAL                       
C:   00000003  l_GSINIT0                       
C:   00000006  l_HOME                          
C:   00000006  s_GSINIT0                       
C:   00000008  l_REG_BANK_0                    
C:   00000008  s_REG_BANK_1                    
C:   00000009  s_GSINIT1                       
C:   00000009  s_GSINIT2                       
C:   0000000A  l_GSINIT2                       
C:   00000010  s_REG_BANK_2                    
C:   00000013  s_GSINIT3                       
C:   00000018  s_REG_BANK_3                    
C:   00000020  s_BIT_BANK                      
C:   00000020  s_BSEG_BYTES                    
C:   00000020  s_OSEG                          
C:   00000020  s__CODE                         
C:   00000021  s_SSEG                          
C:   00000022  l_GSINIT3                       
ASxxxx Linker V03.00 + NoICE + sdld,  page 2.
Hexadecimal  [32-Bits]

Area                                    Addr        Size        Decimal Bytes (Attributes)
--------------------------------        ----        ----        ------- ----- ------------
CABS                                00000000    00000000 =           0. bytes (ABS,CON,CODE)

      Value  Global                              Global Defined In Module
      -----  --------------------------------   ------------------------
C:   0000002A  l_GSINIT4                       
C:   00000035  s_GSINIT4                       
C:   00000051  l_CONST                         
C:   0000005F  s_GSFINAL                       
C:   0000005F  s_GSINIT                        
C:   0000005F  s_GSINIT5                       
C:   00000062  s_CSEG                          
C:   00000069  l_DSEG                          
C:   000000DF  l_SSEG                          
C:   00000100  l_IRAM                          
C:   0000045F  l_XSEG                          
C:   00003C66  l_CSEG                          
C:   00003CC8  s_CONST                         
C:   00003D19  s_XINIT                         
C:   00004000  s_PSEG                          
C:   00004000  s_XSEG                          
C:   0000445F  s_XISEG                         

ASxxxx Linker V03.00 + NoICE + sdld,  page 3.
Hexadecimal  [32-Bits]

Area                                    Addr        Size        Decimal Bytes (Attributes)
--------------------------------        ----        ----        ------- ----- ------------
.  .ABS.                            00000000    00000000 =           0. bytes (ABS,CON)

      Value  Global                              Global Defined In Module
      -----  --------------------------------   ------------------------
     00000000  .__.ABS.                           _startup
     00000080  G$P0$0_0$0                         test
     00000080  G$P0_0$0_0$0                       test
     00000080  _P0                                test
     00000080  _P0_0                              test
     00000081  G$P0_1$0_0$0                       test
     00000081  G$SP$0_0$0                         test
     00000081  _P0_1                              test
     00000081  _SP                                test
     00000082  G$DPL$0_0$0                        test
     00000082  G$P0_2$0_0$0                       test
     00000082  _DPL                               test
     00000082  _P0_2                              test
     00000083  G$DPH$0_0$0                        test
     00000083  G$P0_3$0_0$0                       test
     00000083  _DPH                               test
     00000083  _P0_3                              test
     00000084  G$P0_4$0_0$0                       test
     00000084  _P0_4                              test
     00000085  G$P0_5$0_0$0                       test
     00000085  _P0_5                              test
     00000086  G$P0_6$0_0$0                       test
     00000086  _P0_6                              test
     00000087  G$P0_7$0_0$0                       test
     00000087  G$PCON$0_0$0                       test
     00000087  _P0_7                              test
     00000087  _PCON                              test
     00000088  G$IT0$0_0$0                        test
     00000088  G$TCON$0_0$0                       test
     00000088  _IT0                               test
     00000088  _TCON                              test
     00000089  G$IE0$0_0$0                        test
     00000089  G$TMOD$0_0$0                       test
     00000089  _IE0                               test
     00000089  _TMOD                              test
     0000008A  G$IT1$0_0$0                        test
     0000008A  G$TL0$0_0$0                        test
     0000008A  _IT1                               test
     0000008A  _TL0                               test
     0000008B  G$IE1$0_0$0                        test
     0000008B  G$TL1$0_0$0                        test
     0000008B  _IE1                               test
     0000008B  _TL1                               test
     0000008C  G$TH0$0_0$0                        test
     0000008C  G$TR0$0_0$0                        test
     0000008C  _TH0                               test
     0000008C  _TR0                               test
     0000008D  G$TF0$0_0$0                        test
     0000008D  G$TH1$0_0$0                        test
     0000008D  _TF0                               test
ASxxxx Linker V03.00 + NoICE + sdld,  page 4.
Hexadecimal  [32-Bits]

Area                                    Addr        Size        Decimal Bytes (Attributes)
--------------------------------        ----        ----        ------- ----- ------------
.  .ABS.                            00000000    00000000 =           0. bytes (ABS,CON)

      Value  Global                              Global Defined In Module
      -----  --------------------------------   ------------------------
     0000008D  _TH1                               test
     0000008E  G$TR1$0_0$0                        test
     0000008E  _TR1                               test
     0000008F  G$TF1$0_0$0                        test
     0000008F  _TF1                               test
     00000090  G$P1$0_0$0                         test
     00000090  G$P1_0$0_0$0                       test
     00000090  _P1                                test
     00000090  _P1_0                              test
     00000091  G$P1_1$0_0$0                       test
     00000091  _P1_1                              test
     00000092  G$P1_2$0_0$0                       test
     00000092  _P1_2                              test
     00000093  G$P1_3$0_0$0                       test
     00000093  _P1_3                              test
     00000094  G$P1_4$0_0$0                       test
     00000094  _P1_4                              test
     00000095  G$P1_5$0_0$0                       test
     00000095  _P1_5                              test
     00000096  G$P1_6$0_0$0                       test
     00000096  _P1_6                              test
     00000097  G$P1_7$0_0$0                       test
     00000097  _P1_7                              test
     00000098  G$RI$0_0$0                         test
     00000098  G$SCON$0_0$0                       test
     00000098  _RI                                test
     00000098  _SCON                              test
     00000099  G$SBUF$0_0$0                       test
     00000099  G$TI$0_0$0                         test
     00000099  _SBUF                              test
     00000099  _TI                                test
     0000009A  G$RB8$0_0$0                        test
     0000009A  _RB8                               test
     0000009B  G$TB8$0_0$0                        test
     0000009B  _TB8                               test
     0000009C  G$REN$0_0$0                        test
     0000009C  _REN                               test
     0000009D  G$SM2$0_0$0                        test
     0000009D  _SM2                               test
     0000009E  G$SM1$0_0$0                        test
     0000009E  _SM1                               test
     0000009F  G$SM0$0_0$0                        test
     0000009F  _SM0                               test
     000000A0  G$P2$0_0$0                         test
     000000A0  G$P2_0$0_0$0                       test
     000000A0  _P2                                test
     000000A0  _P2_0                              test
     000000A0  __XPAGE                            
     000000A1  G$P2_1$0_0$0                       test
     000000A1  _P2_1                              test
     000000A2  G$P2_2$0_0$0                       test
ASxxxx Linker V03.00 + NoICE + sdld,  page 5.
Hexadecimal  [32-Bits]

Area                                    Addr        Size        Decimal Bytes (Attributes)
--------------------------------        ----        ----        ------- ----- ------------
.  .ABS.                            00000000    00000000 =           0. bytes (ABS,CON)

      Value  Global                              Global Defined In Module
      -----  --------------------------------   ------------------------
     000000A2  _P2_2                              test
     000000A3  G$P2_3$0_0$0                       test
     000000A3  _P2_3                              test
     000000A4  G$P2_4$0_0$0                       test
     000000A4  _P2_4                              test
     000000A5  G$P2_5$0_0$0                       test
     000000A5  _P2_5                              test
     000000A6  G$P2_6$0_0$0                       test
     000000A6  _P2_6                              test
     000000A7  G$P2_7$0_0$0                       test
     000000A7  _P2_7                              test
     000000A8  G$EX0$0_0$0                        test
     000000A8  G$IE$0_0$0                         test
     000000A8  _EX0                               test
     000000A8  _IE                                test
     000000A9  G$ET0$0_0$0                        test
     000000A9  _ET0                               test
     000000AA  G$EX1$0_0$0                        test
     000000AA  _EX1                               test
     000000AB  G$ET1$0_0$0                        test
     000000AB  _ET1                               test
     000000AC  G$ES$0_0$0                         test
     000000AC  _ES                                test
     000000AF  G$EA$0_0$0                         test
     000000AF  _EA                                test
     000000B0  G$P3$0_0$0                         test
     000000B0  G$P3_0$0_0$0                       test
     000000B0  G$RXD$0_0$0                        test
     000000B0  _P3                                test
     000000B0  _P3_0                              test
     000000B0  _RXD                               test
     000000B1  G$P3_1$0_0$0                       test
     000000B1  G$TXD$0_0$0                        test
     000000B1  _P3_1                              test
     000000B1  _TXD                               test
     000000B2  G$INT0$0_0$0                       test
     000000B2  G$P3_2$0_0$0                       test
     000000B2  _INT0                              test
     000000B2  _P3_2                              test
     000000B3  G$INT1$0_0$0                       test
     000000B3  G$P3_3$0_0$0                       test
     000000B3  _INT1                              test
     000000B3  _P3_3                              test
     000000B4  G$P3_4$0_0$0                       test
     000000B4  G$T0$0_0$0                         test
     000000B4  _P3_4                              test
     000000B4  _T0                                test
     000000B5  G$P3_5$0_0$0                       test
     000000B5  G$T1$0_0$0                         test
     000000B5  _P3_5                              test
     000000B5  _T1                                test
ASxxxx Linker V03.00 + NoICE + sdld,  page 6.
Hexadecimal  [32-Bits]

Area                                    Addr        Size        Decimal Bytes (Attributes)
--------------------------------        ----        ----        ------- ----- ------------
.  .ABS.                            00000000    00000000 =           0. bytes (ABS,CON)

      Value  Global                              Global Defined In Module
      -----  --------------------------------   ------------------------
     000000B6  G$P3_6$0_0$0                       test
     000000B6  G$WR$0_0$0                         test
     000000B6  _P3_6                              test
     000000B6  _WR                                test
     000000B7  G$P3_7$0_0$0                       test
     000000B7  G$RD$0_0$0                         test
     000000B7  _P3_7                              test
     000000B7  _RD                                test
     000000B8  G$IP$0_0$0                         test
     000000B8  G$PX0$0_0$0                        test
     000000B8  _IP                                test
     000000B8  _PX0                               test
     000000B9  G$PT0$0_0$0                        test
     000000B9  _PT0                               test
     000000BA  G$PX1$0_0$0                        test
     000000BA  _PX1                               test
     000000BB  G$PT1$0_0$0                        test
     000000BB  _PT1                               test
     000000BC  G$PS$0_0$0                         test
     000000BC  _PS                                test
     000000D0  G$P$0_0$0                          test
     000000D0  G$PSW$0_0$0                        test
     000000D0  _P                                 test
     000000D0  _PSW                               test
     000000D1  G$F1$0_0$0                         test
     000000D1  _F1                                test
     000000D2  G$OV$0_0$0                         test
     000000D2  _OV                                test
     000000D3  G$RS0$0_0$0                        test
     000000D3  _RS0                               test
     000000D4  G$RS1$0_0$0                        test
     000000D4  _RS1                               test
     000000D5  G$F0$0_0$0                         test
     000000D5  _F0                                test
     000000D6  G$AC$0_0$0                         test
     000000D6  _AC                                test
     000000D7  G$CY$0_0$0                         test
     000000D7  _CY                                test
     000000E0  G$ACC$0_0$0                        test
     000000E0  _ACC                               test
     000000F0  G$B$0_0$0                          test
     000000F0  _B                                 test
     000000F5  _B_5                               _gptrget
     000000F6  _B_6                               _gptrget
     000000F7  _B_7                               _gptrget

ASxxxx Linker V03.00 + NoICE + sdld,  page 7.
Hexadecimal  [32-Bits]

Area                                    Addr        Size        Decimal Bytes (Attributes)
--------------------------------        ----        ----        ------- ----- ------------
REG_BANK_0                          00000000    00000008 =           8. bytes (REL,OVR)

      Value  Global                              Global Defined In Module
      -----  --------------------------------   ------------------------
ASxxxx Linker V03.00 + NoICE + sdld,  page 8.
Hexadecimal  [32-Bits]

Area                                    Addr        Size        Decimal Bytes (Attributes)
--------------------------------        ----        ----        ------- ----- ------------
BIT_BANK                            00000020    00000001 =           1. bytes (REL,OVR)

      Value  Global                              Global Defined In Module
      -----  --------------------------------   ------------------------
ASxxxx Linker V03.00 + NoICE + sdld,  page 9.
Hexadecimal  [32-Bits]

Area                                    Addr        Size        Decimal Bytes (Attributes)
--------------------------------        ----        ----        ------- ----- ------------
DSEG                                00000000    00000069 =         105. bytes (REL,CON)

      Value  Global                              Global Defined In Module
      -----  --------------------------------   ------------------------
     00000008  _bp                                _bp

ASxxxx Linker V03.00 + NoICE + sdld,  page 10.
Hexadecimal  [32-Bits]

Area                                    Addr        Size        Decimal Bytes (Attributes)
--------------------------------        ----        ----        ------- ----- ------------
SSEG                                00000021    000000DF =         223. bytes (REL,OVR)

      Value  Global                              Global Defined In Module
      -----  --------------------------------   ------------------------
     00000021  __start__stack                     main

ASxxxx Linker V03.00 + NoICE + sdld,  page 11.
Hexadecimal  [32-Bits]

Area                                    Addr        Size        Decimal Bytes (Attributes)
--------------------------------        ----        ----        ------- ----- ------------
XSEG                                00004000    0000045F =        1119. bytes (REL,CON,XDATA)

      Value  Global                              Global Defined In Module
      -----  --------------------------------   ------------------------
D:   00004000  G$diskioCacheBuf$0_0$0             diskio
D:   00004000  _diskioCacheBuf                    diskio
D:   00004200  G$lastSector$0_0$0                 diskio
D:   00004200  _lastSector                        diskio
D:   00004204  G$writingSector$0_0$0              diskio
D:   00004204  _writingSector                     diskio
D:   00004208  Fpff$FatFs$0_0$0                   pff
D:   0000420B  G$buf$0_0$0                        test
D:   0000420B  _buf                               test
D:   0000440B  G$fs$0_0$0                         test
D:   0000440B  _fs                                test
D:   00004435  G$dj$0_0$0                         test
D:   00004435  _dj                                test
D:   00004446  G$filInfo$0_0$0                    test
D:   00004446  _filInfo                           test
D:   0000445C  G$siofs$0_0$0                      test
D:   0000445C  _siofs                             test
D:   0000445D  G$siofile$0_0$0                    test
D:   0000445D  _siofile                           test
D:   0000445E  G$siodir$0_0$0                     test
D:   0000445E  _siodir                            test
ASxxxx Linker V03.00 + NoICE + sdld,  page 12.
Hexadecimal  [32-Bits]

Area                                    Addr        Size        Decimal Bytes (Attributes)
--------------------------------        ----        ----        ------- ----- ------------
XISEG                               0000445F    00000001 =           1. bytes (REL,CON,XDATA)

      Value  Global                              Global Defined In Module
      -----  --------------------------------   ------------------------
D:   0000445F  G$firstRead$0_0$0                  diskio
D:   0000445F  _firstRead                         diskio

ASxxxx Linker V03.00 + NoICE + sdld,  page 13.
Hexadecimal  [32-Bits]

Area                                    Addr        Size        Decimal Bytes (Attributes)
--------------------------------        ----        ----        ------- ----- ------------
HOME                                00000000    00000006 =           6. bytes (REL,CON,CODE)

      Value  Global                              Global Defined In Module
      -----  --------------------------------   ------------------------
C:   00000000  A$mainDebug\main$377               main
C:   00000003  A$mainDebug\main$399               main
C:   00000003  __sdcc_program_startup             main
ASxxxx Linker V03.00 + NoICE + sdld,  page 14.
Hexadecimal  [32-Bits]

Area                                    Addr        Size        Decimal Bytes (Attributes)
--------------------------------        ----        ----        ------- ----- ------------
GSINIT0                             00000006    00000003 =           3. bytes (REL,CON,CODE)

      Value  Global                              Global Defined In Module
      -----  --------------------------------   ------------------------
C:   00000006  __sdcc_gsinit_startup              

ASxxxx Linker V03.00 + NoICE + sdld,  page 15.
Hexadecimal  [32-Bits]

Area                                    Addr        Size        Decimal Bytes (Attributes)
--------------------------------        ----        ----        ------- ----- ------------
GSINIT2                             00000009    0000000A =          10. bytes (REL,CON,CODE)

      Value  Global                              Global Defined In Module
      -----  --------------------------------   ------------------------
ASxxxx Linker V03.00 + NoICE + sdld,  page 16.
Hexadecimal  [32-Bits]

Area                                    Addr        Size        Decimal Bytes (Attributes)
--------------------------------        ----        ----        ------- ----- ------------
GSINIT3                             00000013    00000022 =          34. bytes (REL,CON,CODE)

      Value  Global                              Global Defined In Module
      -----  --------------------------------   ------------------------
C:   00000013  __mcs51_genXINIT                   

ASxxxx Linker V03.00 + NoICE + sdld,  page 17.
Hexadecimal  [32-Bits]

Area                                    Addr        Size        Decimal Bytes (Attributes)
--------------------------------        ----        ----        ------- ----- ------------
GSINIT4                             00000035    0000002A =          42. bytes (REL,CON,CODE)

      Value  Global                              Global Defined In Module
      -----  --------------------------------   ------------------------
C:   00000035  __mcs51_genRAMCLEAR                
C:   0000003B  __mcs51_genXRAMCLEAR               

ASxxxx Linker V03.00 + NoICE + sdld,  page 18.
Hexadecimal  [32-Bits]

Area                                    Addr        Size        Decimal Bytes (Attributes)
--------------------------------        ----        ----        ------- ----- ------------
GSFINAL                             0000005F    00000003 =           3. bytes (REL,CON,CODE)

      Value  Global                              Global Defined In Module
      -----  --------------------------------   ------------------------
C:   0000005F  A$mainDebug\main$392               main

ASxxxx Linker V03.00 + NoICE + sdld,  page 19.
Hexadecimal  [32-Bits]

Area                                    Addr        Size        Decimal Bytes (Attributes)
--------------------------------        ----        ----        ------- ----- ------------
CSEG                                00000062    00003C66 =       15462. bytes (REL,CON,CODE)

      Value  Global                              Global Defined In Module
      -----  --------------------------------   ------------------------
C:   00000062  A$compactflashmpactflash$405       compactflash
C:   00000062  C$compactflash.c$3$0_0$9           compactflash
C:   00000062  C$compactflash.c$5$1_0$9           compactflash
C:   00000062  G$cfInit$0$0                       compactflash
C:   00000062  _cfInit                            compactflash
C:   00000064  A$compactflashmpactflash$406       compactflash
C:   00000066  A$compactflashmpactflash$407       compactflash
C:   00000069  A$compactflashmpactflash$408       compactflash
C:   0000006B  A$compactflashmpactflash$411       compactflash
C:   0000006B  C$compactflash.c$7$1_0$9           compactflash
C:   0000006E  A$compactflashmpactflash$412       compactflash
C:   00000070  A$compactflashmpactflash$413       compactflash
C:   00000071  A$compactflashmpactflash$416       compactflash
C:   00000071  C$compactflash.c$9$1_0$9           compactflash
C:   00000073  A$compactflashmpactflash$417       compactflash
C:   00000076  A$compactflashmpactflash$420       compactflash
C:   00000076  C$compactflash.c$11$1_0$9          compactflash
C:   00000079  A$compactflashmpactflash$421       compactflash
C:   0000007B  A$compactflashmpactflash$422       compactflash
C:   0000007C  A$compactflashmpactflash$427       compactflash
C:   0000007C  C$compactflash.c$12$1_0$9          compactflash
C:   0000007C  XG$cfInit$0$0                      compactflash
C:   0000007D  A$compactflashmpactflash$446       compactflash
C:   0000007D  C$compactflash.c$14$1_0$11         compactflash
C:   0000007D  C$compactflash.c$17$1_0$11         compactflash
C:   0000007D  C$compactflash.c$19$2_0$12         compactflash
C:   0000007D  G$cfWaitIdle$0$0                   compactflash
C:   0000007D  _cfWaitIdle                        compactflash
C:   00000080  A$compactflashmpactflash$447       compactflash
C:   00000081  A$compactflashmpactflash$450       compactflash
C:   00000081  C$compactflash.c$21$1_0$11         compactflash
C:   00000084  A$compactflashmpactflash$455       compactflash
C:   00000084  C$compactflash.c$22$1_0$11         compactflash
C:   00000084  XG$cfWaitIdle$0$0                  compactflash
C:   00000085  A$compactflashmpactflash$474       compactflash
C:   00000085  C$compactflash.c$24$1_0$14         compactflash
C:   00000085  C$compactflash.c$28$1_0$14         compactflash
C:   00000085  C$compactflash.c$30$2_0$15         compactflash
C:   00000085  G$cfWaitCommandReady$0$0           compactflash
C:   00000085  _cfWaitCommandReady                compactflash
C:   00000088  A$compactflashmpactflash$475       compactflash
C:   00000089  A$compactflashmpactflash$476       compactflash
C:   0000008A  A$compactflashmpactflash$479       compactflash
C:   0000008A  C$compactflash.c$32$1_0$14         compactflash
C:   0000008D  A$compactflashmpactflash$480       compactflash
C:   0000008F  A$compactflashmpactflash$481       compactflash
C:   00000092  A$compactflashmpactflash$482       compactflash
C:   00000095  A$compactflashmpactflash$487       compactflash
C:   00000095  C$compactflash.c$33$1_0$14         compactflash
C:   00000095  XG$cfWaitCommandReady$0$0          compactflash
ASxxxx Linker V03.00 + NoICE + sdld,  page 20.
Hexadecimal  [32-Bits]

Area                                    Addr        Size        Decimal Bytes (Attributes)
--------------------------------        ----        ----        ------- ----- ------------
CSEG                                00000062    00003C66 =       15462. bytes (REL,CON,CODE)

      Value  Global                              Global Defined In Module
      -----  --------------------------------   ------------------------
C:   00000096  A$compactflashmpactflash$506       compactflash
C:   00000096  C$compactflash.c$35$1_0$17         compactflash
C:   00000096  C$compactflash.c$38$1_0$17         compactflash
C:   00000096  C$compactflash.c$40$2_0$18         compactflash
C:   00000096  G$cfWaitDataReady$0$0              compactflash
C:   00000096  _cfWaitDataReady                   compactflash
C:   00000099  A$compactflashmpactflash$507       compactflash
C:   0000009A  A$compactflashmpactflash$508       compactflash
C:   0000009B  A$compactflashmpactflash$511       compactflash
C:   0000009B  C$compactflash.c$42$1_0$17         compactflash
C:   0000009E  A$compactflashmpactflash$512       compactflash
C:   000000A0  A$compactflashmpactflash$513       compactflash
C:   000000A3  A$compactflashmpactflash$514       compactflash
C:   000000A6  A$compactflashmpactflash$519       compactflash
C:   000000A6  C$compactflash.c$43$1_0$17         compactflash
C:   000000A6  XG$cfWaitDataReady$0$0             compactflash
C:   000000A7  A$compactflashmpactflash$538       compactflash
C:   000000A7  C$compactflash.c$45$1_0$20         compactflash
C:   000000A7  G$cfReadSector$0$0                 compactflash
C:   000000A7  _cfReadSector                      compactflash
C:   000000A9  A$compactflashmpactflash$539       compactflash
C:   000000AB  A$compactflashmpactflash$540       compactflash
C:   000000AD  A$compactflashmpactflash$541       compactflash
C:   000000AF  A$compactflashmpactflash$542       compactflash
C:   000000B1  A$compactflashmpactflash$547       compactflash
C:   000000B1  C$compactflash.c$53$1_0$20         compactflash
C:   000000B1  C$compactflash.c$54$1_0$20         compactflash
C:   000000B3  A$compactflashmpactflash$548       compactflash
C:   000000B6  A$compactflashmpactflash$549       compactflash
C:   000000B8  A$compactflashmpactflash$550       compactflash
C:   000000BB  A$compactflashmpactflash$551       compactflash
C:   000000BD  A$compactflashmpactflash$554       compactflash
C:   000000BD  C$compactflash.c$56$1_0$20         compactflash
C:   000000C0  A$compactflashmpactflash$557       compactflash
C:   000000C0  C$compactflash.c$57$1_0$20         compactflash
C:   000000C3  A$compactflashmpactflash$558       compactflash
C:   000000C5  A$compactflashmpactflash$559       compactflash
C:   000000C6  A$compactflashmpactflash$562       compactflash
C:   000000C6  C$compactflash.c$59$1_0$20         compactflash
C:   000000C9  A$compactflashmpactflash$565       compactflash
C:   000000C9  C$compactflash.c$60$1_0$20         compactflash
C:   000000CB  A$compactflashmpactflash$566       compactflash
C:   000000CD  A$compactflashmpactflash$567       compactflash
C:   000000D0  A$compactflashmpactflash$568       compactflash
C:   000000D2  A$compactflashmpactflash$571       compactflash
C:   000000D2  C$compactflash.c$62$1_0$20         compactflash
C:   000000D5  A$compactflashmpactflash$574       compactflash
C:   000000D5  C$compactflash.c$63$1_0$20         compactflash
C:   000000D7  A$compactflashmpactflash$575       compactflash
C:   000000D9  A$compactflashmpactflash$576       compactflash
C:   000000DA  A$compactflashmpactflash$577       compactflash
ASxxxx Linker V03.00 + NoICE + sdld,  page 21.
Hexadecimal  [32-Bits]

Area                                    Addr        Size        Decimal Bytes (Attributes)
--------------------------------        ----        ----        ------- ----- ------------
CSEG                                00000062    00003C66 =       15462. bytes (REL,CON,CODE)

      Value  Global                              Global Defined In Module
      -----  --------------------------------   ------------------------
C:   000000DC  A$compactflashmpactflash$578       compactflash
C:   000000DF  A$compactflashmpactflash$579       compactflash
C:   000000E0  A$compactflashmpactflash$580       compactflash
C:   000000E1  A$compactflashmpactflash$583       compactflash
C:   000000E1  C$compactflash.c$65$1_0$20         compactflash
C:   000000E4  A$compactflashmpactflash$586       compactflash
C:   000000E4  C$compactflash.c$66$1_0$20         compactflash
C:   000000E6  A$compactflashmpactflash$587       compactflash
C:   000000E8  A$compactflashmpactflash$588       compactflash
C:   000000EB  A$compactflashmpactflash$589       compactflash
C:   000000ED  A$compactflashmpactflash$592       compactflash
C:   000000ED  C$compactflash.c$68$1_0$20         compactflash
C:   000000F0  A$compactflashmpactflash$595       compactflash
C:   000000F0  C$compactflash.c$69$1_0$20         compactflash
C:   000000F2  A$compactflashmpactflash$596       compactflash
C:   000000F4  A$compactflashmpactflash$597       compactflash
C:   000000F5  A$compactflashmpactflash$598       compactflash
C:   000000F6  A$compactflashmpactflash$599       compactflash
C:   000000F8  A$compactflashmpactflash$600       compactflash
C:   000000FB  A$compactflashmpactflash$601       compactflash
C:   000000FC  A$compactflashmpactflash$602       compactflash
C:   000000FD  A$compactflashmpactflash$605       compactflash
C:   000000FD  C$compactflash.c$71$1_0$20         compactflash
C:   00000100  A$compactflashmpactflash$608       compactflash
C:   00000100  C$compactflash.c$72$1_0$20         compactflash
C:   00000102  A$compactflashmpactflash$609       compactflash
C:   00000104  A$compactflashmpactflash$610       compactflash
C:   00000107  A$compactflashmpactflash$611       compactflash
C:   00000109  A$compactflashmpactflash$614       compactflash
C:   00000109  C$compactflash.c$74$1_0$20         compactflash
C:   0000010C  A$compactflashmpactflash$617       compactflash
C:   0000010C  C$compactflash.c$75$1_0$20         compactflash
C:   0000010E  A$compactflashmpactflash$618       compactflash
C:   00000110  A$compactflashmpactflash$619       compactflash
C:   00000111  A$compactflashmpactflash$620       compactflash
C:   00000112  A$compactflashmpactflash$621       compactflash
C:   00000113  A$compactflashmpactflash$622       compactflash
C:   00000115  A$compactflashmpactflash$623       compactflash
C:   00000118  A$compactflashmpactflash$624       compactflash
C:   00000119  A$compactflashmpactflash$625       compactflash
C:   0000011A  A$compactflashmpactflash$628       compactflash
C:   0000011A  C$compactflash.c$77$1_0$20         compactflash
C:   0000011D  A$compactflashmpactflash$631       compactflash
C:   0000011D  C$compactflash.c$78$1_0$20         compactflash
C:   0000011F  A$compactflashmpactflash$632       compactflash
C:   00000121  A$compactflashmpactflash$633       compactflash
C:   00000124  A$compactflashmpactflash$634       compactflash
C:   00000126  A$compactflashmpactflash$637       compactflash
C:   00000126  C$compactflash.c$80$1_0$20         compactflash
C:   00000129  A$compactflashmpactflash$640       compactflash
C:   00000129  C$compactflash.c$81$1_0$20         compactflash
ASxxxx Linker V03.00 + NoICE + sdld,  page 22.
Hexadecimal  [32-Bits]

Area                                    Addr        Size        Decimal Bytes (Attributes)
--------------------------------        ----        ----        ------- ----- ------------
CSEG                                00000062    00003C66 =       15462. bytes (REL,CON,CODE)

      Value  Global                              Global Defined In Module
      -----  --------------------------------   ------------------------
C:   0000012B  A$compactflashmpactflash$641       compactflash
C:   0000012D  A$compactflashmpactflash$642       compactflash
C:   0000012E  A$compactflashmpactflash$643       compactflash
C:   0000012F  A$compactflashmpactflash$644       compactflash
C:   00000130  A$compactflashmpactflash$645       compactflash
C:   00000131  A$compactflashmpactflash$646       compactflash
C:   00000133  A$compactflashmpactflash$647       compactflash
C:   00000136  A$compactflashmpactflash$648       compactflash
C:   00000138  A$compactflashmpactflash$649       compactflash
C:   0000013B  A$compactflashmpactflash$650       compactflash
C:   0000013E  A$compactflashmpactflash$651       compactflash
C:   0000013F  A$compactflashmpactflash$652       compactflash
C:   00000140  A$compactflashmpactflash$655       compactflash
C:   00000140  C$compactflash.c$84$1_0$20         compactflash
C:   00000142  A$compactflashmpactflash$656       compactflash
C:   00000144  A$compactflashmpactflash$657       compactflash
C:   00000145  A$compactflashmpactflash$658       compactflash
C:   00000146  A$compactflashmpactflash$659       compactflash
C:   00000147  A$compactflashmpactflash$660       compactflash
C:   00000148  A$compactflashmpactflash$661       compactflash
C:   00000149  A$compactflashmpactflash$662       compactflash
C:   0000014B  A$compactflashmpactflash$663       compactflash
C:   0000014D  A$compactflashmpactflash$664       compactflash
C:   0000014E  A$compactflashmpactflash$665       compactflash
C:   00000150  A$compactflashmpactflash$666       compactflash
C:   00000151  A$compactflashmpactflash$667       compactflash
C:   00000153  A$compactflashmpactflash$669       compactflash
C:   00000155  A$compactflashmpactflash$670       compactflash
C:   00000157  A$compactflashmpactflash$671       compactflash
C:   00000158  A$compactflashmpactflash$672       compactflash
C:   0000015B  A$compactflashmpactflash$673       compactflash
C:   0000015C  A$compactflashmpactflash$675       compactflash
C:   0000015D  A$compactflashmpactflash$676       compactflash
C:   0000015E  A$compactflashmpactflash$677       compactflash
C:   00000160  A$compactflashmpactflash$678       compactflash
C:   00000163  A$compactflashmpactflash$685       compactflash
C:   00000163  C$compactflash.c$86$2_0$21         compactflash
C:   00000163  C$compactflash.c$88$3_0$22         compactflash
C:   00000166  A$compactflashmpactflash$688       compactflash
C:   00000166  C$compactflash.c$89$3_0$22         compactflash
C:   00000168  A$compactflashmpactflash$689       compactflash
C:   0000016A  A$compactflashmpactflash$690       compactflash
C:   0000016C  A$compactflashmpactflash$691       compactflash
C:   0000016E  A$compactflashmpactflash$692       compactflash
C:   00000171  A$compactflashmpactflash$693       compactflash
C:   00000173  A$compactflashmpactflash$694       compactflash
C:   00000175  A$compactflashmpactflash$695       compactflash
C:   00000177  A$compactflashmpactflash$698       compactflash
C:   00000177  C$compactflash.c$91$3_0$22         compactflash
C:   0000017A  A$compactflashmpactflash$701       compactflash
C:   0000017A  C$compactflash.c$92$3_0$22         compactflash
ASxxxx Linker V03.00 + NoICE + sdld,  page 23.
Hexadecimal  [32-Bits]

Area                                    Addr        Size        Decimal Bytes (Attributes)
--------------------------------        ----        ----        ------- ----- ------------
CSEG                                00000062    00003C66 =       15462. bytes (REL,CON,CODE)

      Value  Global                              Global Defined In Module
      -----  --------------------------------   ------------------------
C:   0000017D  A$compactflashmpactflash$702       compactflash
C:   0000017F  A$compactflashmpactflash$703       compactflash
C:   00000180  A$compactflashmpactflash$706       compactflash
C:   00000180  C$compactflash.c$94$3_0$22         compactflash
C:   00000183  A$compactflashmpactflash$709       compactflash
C:   00000183  C$compactflash.c$95$3_0$22         compactflash
C:   00000185  A$compactflashmpactflash$710       compactflash
C:   00000187  A$compactflashmpactflash$711       compactflash
C:   00000189  A$compactflashmpactflash$712       compactflash
C:   0000018B  A$compactflashmpactflash$713       compactflash
C:   0000018E  A$compactflashmpactflash$714       compactflash
C:   00000190  A$compactflashmpactflash$715       compactflash
C:   00000192  A$compactflashmpactflash$716       compactflash
C:   00000194  A$compactflashmpactflash$719       compactflash
C:   00000194  C$compactflash.c$97$3_0$22         compactflash
C:   00000197  A$compactflashmpactflash$722       compactflash
C:   00000197  C$compactflash.c$98$3_0$22         compactflash
C:   0000019A  A$compactflashmpactflash$723       compactflash
C:   0000019B  A$compactflashmpactflash$728       compactflash
C:   0000019B  C$compactflash.c$100$3_0$22        compactflash
C:   0000019B  C$compactflash.c$102$2_0$21        compactflash
C:   0000019C  A$compactflashmpactflash$729       compactflash
C:   0000019F  A$compactflashmpactflash$730       compactflash
C:   000001A2  A$compactflashmpactflash$733       compactflash
C:   000001A2  C$compactflash.c$105$1_0$20        compactflash
C:   000001A4  A$compactflashmpactflash$734       compactflash
C:   000001A5  A$compactflashmpactflash$735       compactflash
C:   000001A6  A$compactflashmpactflash$736       compactflash
C:   000001A7  A$compactflashmpactflash$737       compactflash
C:   000001A8  A$compactflashmpactflash$738       compactflash
C:   000001A9  A$compactflashmpactflash$740       compactflash
C:   000001AB  A$compactflashmpactflash$741       compactflash
C:   000001AC  A$compactflashmpactflash$742       compactflash
C:   000001AD  A$compactflashmpactflash$743       compactflash
C:   000001AE  A$compactflashmpactflash$744       compactflash
C:   000001AF  A$compactflashmpactflash$745       compactflash
C:   000001B1  A$compactflashmpactflash$746       compactflash
C:   000001B3  A$compactflashmpactflash$749       compactflash
C:   000001B3  C$compactflash.c$107$1_0$20        compactflash
C:   000001B5  A$compactflashmpactflash$750       compactflash
C:   000001B7  A$compactflashmpactflash$751       compactflash
C:   000001BA  A$compactflashmpactflash$754       compactflash
C:   000001BA  C$compactflash.c$108$3_0$23        compactflash
C:   000001BC  A$compactflashmpactflash$755       compactflash
C:   000001BE  A$compactflashmpactflash$756       compactflash
C:   000001C0  A$compactflashmpactflash$757       compactflash
C:   000001C2  A$compactflashmpactflash$758       compactflash
C:   000001C5  A$compactflashmpactflash$759       compactflash
C:   000001C7  A$compactflashmpactflash$760       compactflash
C:   000001C9  A$compactflashmpactflash$761       compactflash
C:   000001CB  A$compactflashmpactflash$764       compactflash
ASxxxx Linker V03.00 + NoICE + sdld,  page 24.
Hexadecimal  [32-Bits]

Area                                    Addr        Size        Decimal Bytes (Attributes)
--------------------------------        ----        ----        ------- ----- ------------
CSEG                                00000062    00003C66 =       15462. bytes (REL,CON,CODE)

      Value  Global                              Global Defined In Module
      -----  --------------------------------   ------------------------
C:   000001CB  C$compactflash.c$110$3_0$23        compactflash
C:   000001CE  A$compactflashmpactflash$767       compactflash
C:   000001CE  C$compactflash.c$111$3_0$23        compactflash
C:   000001D0  A$compactflashmpactflash$768       compactflash
C:   000001D1  A$compactflashmpactflash$769       compactflash
C:   000001D3  A$compactflashmpactflash$770       compactflash
C:   000001D5  A$compactflashmpactflash$771       compactflash
C:   000001D6  A$compactflashmpactflash$772       compactflash
C:   000001D7  A$compactflashmpactflash$773       compactflash
C:   000001D8  A$compactflashmpactflash$774       compactflash
C:   000001D9  A$compactflashmpactflash$775       compactflash
C:   000001DA  A$compactflashmpactflash$776       compactflash
C:   000001DB  A$compactflashmpactflash$777       compactflash
C:   000001DC  A$compactflashmpactflash$778       compactflash
C:   000001DD  A$compactflashmpactflash$779       compactflash
C:   000001DE  A$compactflashmpactflash$780       compactflash
C:   000001E0  A$compactflashmpactflash$781       compactflash
C:   000001E2  A$compactflashmpactflash$782       compactflash
C:   000001E3  A$compactflashmpactflash$783       compactflash
C:   000001E4  A$compactflashmpactflash$784       compactflash
C:   000001E5  A$compactflashmpactflash$785       compactflash
C:   000001E6  A$compactflashmpactflash$786       compactflash
C:   000001E7  A$compactflashmpactflash$787       compactflash
C:   000001E8  A$compactflashmpactflash$788       compactflash
C:   000001E9  A$compactflashmpactflash$789       compactflash
C:   000001EA  A$compactflashmpactflash$790       compactflash
C:   000001EB  A$compactflashmpactflash$791       compactflash
C:   000001ED  A$compactflashmpactflash$792       compactflash
C:   000001F0  A$compactflashmpactflash$793       compactflash
C:   000001F1  A$compactflashmpactflash$794       compactflash
C:   000001F2  A$compactflashmpactflash$795       compactflash
C:   000001F4  A$compactflashmpactflash$796       compactflash
C:   000001F6  A$compactflashmpactflash$797       compactflash
C:   000001F8  A$compactflashmpactflash$798       compactflash
C:   000001FB  A$compactflashmpactflash$801       compactflash
C:   000001FB  C$compactflash.c$113$3_0$23        compactflash
C:   000001FD  A$compactflashmpactflash$802       compactflash
C:   000001FE  A$compactflashmpactflash$803       compactflash
C:   000001FF  A$compactflashmpactflash$804       compactflash
C:   00000202  A$compactflashmpactflash$805       compactflash
C:   00000203  A$compactflashmpactflash$806       compactflash
C:   00000204  A$compactflashmpactflash$810       compactflash
C:   00000204  C$compactflash.c$115$3_0$23        compactflash
C:   00000207  A$compactflashmpactflash$811       compactflash
C:   00000209  A$compactflashmpactflash$812       compactflash
C:   0000020B  A$compactflashmpactflash$813       compactflash
C:   0000020D  A$compactflashmpactflash$817       compactflash
C:   0000020D  C$compactflash.c$117$2_0$21        compactflash
C:   0000020F  A$compactflashmpactflash$818       compactflash
C:   00000211  A$compactflashmpactflash$819       compactflash
C:   00000212  A$compactflashmpactflash$820       compactflash
ASxxxx Linker V03.00 + NoICE + sdld,  page 25.
Hexadecimal  [32-Bits]

Area                                    Addr        Size        Decimal Bytes (Attributes)
--------------------------------        ----        ----        ------- ----- ------------
CSEG                                00000062    00003C66 =       15462. bytes (REL,CON,CODE)

      Value  Global                              Global Defined In Module
      -----  --------------------------------   ------------------------
C:   00000214  A$compactflashmpactflash$821       compactflash
C:   00000215  A$compactflashmpactflash$822       compactflash
C:   00000216  A$compactflashmpactflash$823       compactflash
C:   00000217  A$compactflashmpactflash$824       compactflash
C:   0000021A  A$compactflashmpactflash$828       compactflash
C:   0000021A  C$compactflash.c$120$1_0$20        compactflash
C:   0000021D  A$compactflashmpactflash$831       compactflash
C:   00000220  A$compactflashmpactflash$832       compactflash
C:   00000222  A$compactflashmpactflash$835       compactflash
C:   00000222  C$compactflash.c$121$1_0$20        compactflash
C:   00000222  XG$cfReadSector$0$0                compactflash
C:   00000223  A$compactflashmpactflash$854       compactflash
C:   00000223  C$compactflash.c$123$1_0$25        compactflash
C:   00000223  G$cfWriteSector$0$0                compactflash
C:   00000223  _cfWriteSector                     compactflash
C:   00000225  A$compactflashmpactflash$855       compactflash
C:   00000228  A$compactflashmpactflash$856       compactflash
C:   0000022A  A$compactflashmpactflash$857       compactflash
C:   0000022C  A$compactflashmpactflash$862       compactflash
C:   0000022C  C$compactflash.c$131$1_0$25        compactflash
C:   0000022C  C$compactflash.c$132$1_0$25        compactflash
C:   0000022E  A$compactflashmpactflash$863       compactflash
C:   00000231  A$compactflashmpactflash$864       compactflash
C:   00000233  A$compactflashmpactflash$865       compactflash
C:   00000236  A$compactflashmpactflash$866       compactflash
C:   00000238  A$compactflashmpactflash$869       compactflash
C:   00000238  C$compactflash.c$134$1_0$25        compactflash
C:   0000023B  A$compactflashmpactflash$872       compactflash
C:   0000023B  C$compactflash.c$135$1_0$25        compactflash
C:   0000023E  A$compactflashmpactflash$873       compactflash
C:   00000240  A$compactflashmpactflash$874       compactflash
C:   00000241  A$compactflashmpactflash$877       compactflash
C:   00000241  C$compactflash.c$137$1_0$25        compactflash
C:   00000244  A$compactflashmpactflash$880       compactflash
C:   00000244  C$compactflash.c$138$1_0$25        compactflash
C:   00000246  A$compactflashmpactflash$881       compactflash
C:   00000248  A$compactflashmpactflash$882       compactflash
C:   0000024B  A$compactflashmpactflash$883       compactflash
C:   0000024D  A$compactflashmpactflash$886       compactflash
C:   0000024D  C$compactflash.c$140$1_0$25        compactflash
C:   00000250  A$compactflashmpactflash$889       compactflash
C:   00000250  C$compactflash.c$141$1_0$25        compactflash
C:   00000252  A$compactflashmpactflash$890       compactflash
C:   00000254  A$compactflashmpactflash$891       compactflash
C:   00000255  A$compactflashmpactflash$892       compactflash
C:   00000257  A$compactflashmpactflash$893       compactflash
C:   0000025A  A$compactflashmpactflash$894       compactflash
C:   0000025B  A$compactflashmpactflash$895       compactflash
C:   0000025C  A$compactflashmpactflash$898       compactflash
C:   0000025C  C$compactflash.c$143$1_0$25        compactflash
C:   0000025F  A$compactflashmpactflash$901       compactflash
ASxxxx Linker V03.00 + NoICE + sdld,  page 26.
Hexadecimal  [32-Bits]

Area                                    Addr        Size        Decimal Bytes (Attributes)
--------------------------------        ----        ----        ------- ----- ------------
CSEG                                00000062    00003C66 =       15462. bytes (REL,CON,CODE)

      Value  Global                              Global Defined In Module
      -----  --------------------------------   ------------------------
C:   0000025F  C$compactflash.c$144$1_0$25        compactflash
C:   00000261  A$compactflashmpactflash$902       compactflash
C:   00000263  A$compactflashmpactflash$903       compactflash
C:   00000266  A$compactflashmpactflash$904       compactflash
C:   00000268  A$compactflashmpactflash$907       compactflash
C:   00000268  C$compactflash.c$146$1_0$25        compactflash
C:   0000026B  A$compactflashmpactflash$910       compactflash
C:   0000026B  C$compactflash.c$147$1_0$25        compactflash
C:   0000026D  A$compactflashmpactflash$911       compactflash
C:   0000026F  A$compactflashmpactflash$912       compactflash
C:   00000270  A$compactflashmpactflash$913       compactflash
C:   00000271  A$compactflashmpactflash$914       compactflash
C:   00000273  A$compactflashmpactflash$915       compactflash
C:   00000276  A$compactflashmpactflash$916       compactflash
C:   00000277  A$compactflashmpactflash$917       compactflash
C:   00000278  A$compactflashmpactflash$920       compactflash
C:   00000278  C$compactflash.c$149$1_0$25        compactflash
C:   0000027B  A$compactflashmpactflash$923       compactflash
C:   0000027B  C$compactflash.c$150$1_0$25        compactflash
C:   0000027D  A$compactflashmpactflash$924       compactflash
C:   0000027F  A$compactflashmpactflash$925       compactflash
C:   00000282  A$compactflashmpactflash$926       compactflash
C:   00000284  A$compactflashmpactflash$929       compactflash
C:   00000284  C$compactflash.c$152$1_0$25        compactflash
C:   00000287  A$compactflashmpactflash$932       compactflash
C:   00000287  C$compactflash.c$153$1_0$25        compactflash
C:   00000289  A$compactflashmpactflash$933       compactflash
C:   0000028B  A$compactflashmpactflash$934       compactflash
C:   0000028C  A$compactflashmpactflash$935       compactflash
C:   0000028D  A$compactflashmpactflash$936       compactflash
C:   0000028E  A$compactflashmpactflash$937       compactflash
C:   00000290  A$compactflashmpactflash$938       compactflash
C:   00000293  A$compactflashmpactflash$939       compactflash
C:   00000294  A$compactflashmpactflash$940       compactflash
C:   00000295  A$compactflashmpactflash$943       compactflash
C:   00000295  C$compactflash.c$155$1_0$25        compactflash
C:   00000298  A$compactflashmpactflash$946       compactflash
C:   00000298  C$compactflash.c$156$1_0$25        compactflash
C:   0000029A  A$compactflashmpactflash$947       compactflash
C:   0000029C  A$compactflashmpactflash$948       compactflash
C:   0000029F  A$compactflashmpactflash$949       compactflash
C:   000002A1  A$compactflashmpactflash$952       compactflash
C:   000002A1  C$compactflash.c$158$1_0$25        compactflash
C:   000002A4  A$compactflashmpactflash$955       compactflash
C:   000002A4  C$compactflash.c$159$1_0$25        compactflash
C:   000002A6  A$compactflashmpactflash$956       compactflash
C:   000002A8  A$compactflashmpactflash$957       compactflash
C:   000002A9  A$compactflashmpactflash$958       compactflash
C:   000002AA  A$compactflashmpactflash$959       compactflash
C:   000002AB  A$compactflashmpactflash$960       compactflash
C:   000002AC  A$compactflashmpactflash$961       compactflash
ASxxxx Linker V03.00 + NoICE + sdld,  page 27.
Hexadecimal  [32-Bits]

Area                                    Addr        Size        Decimal Bytes (Attributes)
--------------------------------        ----        ----        ------- ----- ------------
CSEG                                00000062    00003C66 =       15462. bytes (REL,CON,CODE)

      Value  Global                              Global Defined In Module
      -----  --------------------------------   ------------------------
C:   000002AE  A$compactflashmpactflash$962       compactflash
C:   000002B0  A$compactflashmpactflash$963       compactflash
C:   000002B3  A$compactflashmpactflash$964       compactflash
C:   000002B6  A$compactflashmpactflash$965       compactflash
C:   000002B7  A$compactflashmpactflash$966       compactflash
C:   000002B8  A$compactflashmpactflash$969       compactflash
C:   000002B8  C$compactflash.c$162$1_0$25        compactflash
C:   000002BA  A$compactflashmpactflash$970       compactflash
C:   000002BB  A$compactflashmpactflash$971       compactflash
C:   000002BC  A$compactflashmpactflash$972       compactflash
C:   000002BD  A$compactflashmpactflash$973       compactflash
C:   000002BE  A$compactflashmpactflash$974       compactflash
C:   000002BF  A$compactflashmpactflash$975       compactflash
C:   000002C1  A$compactflashmpactflash$976       compactflash
C:   000002C3  A$compactflashmpactflash$977       compactflash
C:   000002C4  A$compactflashmpactflash$978       compactflash
C:   000002C6  A$compactflashmpactflash$979       compactflash
C:   000002C7  A$compactflashmpactflash$980       compactflash
C:   000002C9  A$compactflashmpactflash$982       compactflash
C:   000002CB  A$compactflashmpactflash$983       compactflash
C:   000002CD  A$compactflashmpactflash$984       compactflash
C:   000002CE  A$compactflashmpactflash$985       compactflash
C:   000002D1  A$compactflashmpactflash$986       compactflash
C:   000002D2  A$compactflashmpactflash$988       compactflash
C:   000002D3  A$compactflashmpactflash$989       compactflash
C:   000002D4  A$compactflashmpactflash$990       compactflash
C:   000002D6  A$compactflashmpactflash$991       compactflash
C:   000002D9  A$compactflashmpactflash$998       compactflash
C:   000002D9  C$compactflash.c$164$2_0$26        compactflash
C:   000002D9  C$compactflash.c$166$3_0$27        compactflash
C:   000002DC  A$compactflashmpactflash$1001      compactflash
C:   000002DC  C$compactflash.c$167$3_0$27        compactflash
C:   000002DE  A$compactflashmpactflash$1002      compactflash
C:   000002E0  A$compactflashmpactflash$1003      compactflash
C:   000002E2  A$compactflashmpactflash$1004      compactflash
C:   000002E4  A$compactflashmpactflash$1005      compactflash
C:   000002E7  A$compactflashmpactflash$1006      compactflash
C:   000002E9  A$compactflashmpactflash$1007      compactflash
C:   000002EB  A$compactflashmpactflash$1008      compactflash
C:   000002ED  A$compactflashmpactflash$1011      compactflash
C:   000002ED  C$compactflash.c$169$3_0$27        compactflash
C:   000002F0  A$compactflashmpactflash$1014      compactflash
C:   000002F0  C$compactflash.c$170$3_0$27        compactflash
C:   000002F3  A$compactflashmpactflash$1015      compactflash
C:   000002F5  A$compactflashmpactflash$1016      compactflash
C:   000002F6  A$compactflashmpactflash$1019      compactflash
C:   000002F6  C$compactflash.c$172$3_0$27        compactflash
C:   000002F9  A$compactflashmpactflash$1022      compactflash
C:   000002F9  C$compactflash.c$173$3_0$27        compactflash
C:   000002FB  A$compactflashmpactflash$1023      compactflash
C:   000002FD  A$compactflashmpactflash$1024      compactflash
ASxxxx Linker V03.00 + NoICE + sdld,  page 28.
Hexadecimal  [32-Bits]

Area                                    Addr        Size        Decimal Bytes (Attributes)
--------------------------------        ----        ----        ------- ----- ------------
CSEG                                00000062    00003C66 =       15462. bytes (REL,CON,CODE)

      Value  Global                              Global Defined In Module
      -----  --------------------------------   ------------------------
C:   000002FF  A$compactflashmpactflash$1025      compactflash
C:   00000301  A$compactflashmpactflash$1026      compactflash
C:   00000304  A$compactflashmpactflash$1027      compactflash
C:   00000306  A$compactflashmpactflash$1028      compactflash
C:   00000308  A$compactflashmpactflash$1029      compactflash
C:   0000030A  A$compactflashmpactflash$1032      compactflash
C:   0000030A  C$compactflash.c$175$3_0$27        compactflash
C:   0000030D  A$compactflashmpactflash$1035      compactflash
C:   0000030D  C$compactflash.c$176$3_0$27        compactflash
C:   00000310  A$compactflashmpactflash$1036      compactflash
C:   00000311  A$compactflashmpactflash$1041      compactflash
C:   00000311  C$compactflash.c$178$3_0$27        compactflash
C:   00000311  C$compactflash.c$180$2_0$26        compactflash
C:   00000314  A$compactflashmpactflash$1042      compactflash
C:   00000317  A$compactflashmpactflash$1045      compactflash
C:   00000317  C$compactflash.c$183$1_0$25        compactflash
C:   00000319  A$compactflashmpactflash$1046      compactflash
C:   0000031B  A$compactflashmpactflash$1048      compactflash
C:   0000031D  A$compactflashmpactflash$1049      compactflash
C:   0000031E  A$compactflashmpactflash$1050      compactflash
C:   00000320  A$compactflashmpactflash$1053      compactflash
C:   00000320  C$compactflash.c$185$1_0$25        compactflash
C:   00000322  A$compactflashmpactflash$1054      compactflash
C:   00000324  A$compactflashmpactflash$1055      compactflash
C:   00000327  A$compactflashmpactflash$1058      compactflash
C:   00000327  C$compactflash.c$186$3_0$28        compactflash
C:   00000329  A$compactflashmpactflash$1059      compactflash
C:   0000032B  A$compactflashmpactflash$1060      compactflash
C:   0000032D  A$compactflashmpactflash$1061      compactflash
C:   0000032F  A$compactflashmpactflash$1062      compactflash
C:   00000331  A$compactflashmpactflash$1063      compactflash
C:   00000333  A$compactflashmpactflash$1064      compactflash
C:   00000336  A$compactflashmpactflash$1065      compactflash
C:   00000338  A$compactflashmpactflash$1066      compactflash
C:   0000033A  A$compactflashmpactflash$1067      compactflash
C:   0000033C  A$compactflashmpactflash$1068      compactflash
C:   0000033E  A$compactflashmpactflash$1069      compactflash
C:   00000340  A$compactflashmpactflash$1072      compactflash
C:   00000340  C$compactflash.c$188$3_0$28        compactflash
C:   00000343  A$compactflashmpactflash$1075      compactflash
C:   00000343  C$compactflash.c$189$3_0$28        compactflash
C:   00000345  A$compactflashmpactflash$1076      compactflash
C:   00000346  A$compactflashmpactflash$1077      compactflash
C:   00000347  A$compactflashmpactflash$1078      compactflash
C:   00000348  A$compactflashmpactflash$1079      compactflash
C:   00000349  A$compactflashmpactflash$1080      compactflash
C:   0000034A  A$compactflashmpactflash$1081      compactflash
C:   0000034B  A$compactflashmpactflash$1082      compactflash
C:   0000034C  A$compactflashmpactflash$1083      compactflash
C:   0000034D  A$compactflashmpactflash$1084      compactflash
C:   0000034F  A$compactflashmpactflash$1085      compactflash
ASxxxx Linker V03.00 + NoICE + sdld,  page 29.
Hexadecimal  [32-Bits]

Area                                    Addr        Size        Decimal Bytes (Attributes)
--------------------------------        ----        ----        ------- ----- ------------
CSEG                                00000062    00003C66 =       15462. bytes (REL,CON,CODE)

      Value  Global                              Global Defined In Module
      -----  --------------------------------   ------------------------
C:   00000351  A$compactflashmpactflash$1086      compactflash
C:   00000352  A$compactflashmpactflash$1087      compactflash
C:   00000353  A$compactflashmpactflash$1088      compactflash
C:   00000354  A$compactflashmpactflash$1089      compactflash
C:   00000355  A$compactflashmpactflash$1090      compactflash
C:   00000356  A$compactflashmpactflash$1091      compactflash
C:   00000357  A$compactflashmpactflash$1092      compactflash
C:   00000358  A$compactflashmpactflash$1093      compactflash
C:   00000359  A$compactflashmpactflash$1094      compactflash
C:   0000035A  A$compactflashmpactflash$1095      compactflash
C:   0000035C  A$compactflashmpactflash$1096      compactflash
C:   0000035E  A$compactflashmpactflash$1097      compactflash
C:   00000360  A$compactflashmpactflash$1098      compactflash
C:   00000362  A$compactflashmpactflash$1099      compactflash
C:   00000365  A$compactflashmpactflash$1100      compactflash
C:   00000366  A$compactflashmpactflash$1101      compactflash
C:   00000369  A$compactflashmpactflash$1102      compactflash
C:   0000036A  A$compactflashmpactflash$1105      compactflash
C:   0000036A  C$compactflash.c$191$3_0$28        compactflash
C:   0000036B  A$compactflashmpactflash$1106      compactflash
C:   0000036E  A$compactflashmpactflash$1107      compactflash
C:   0000036F  A$compactflashmpactflash$1111      compactflash
C:   0000036F  C$compactflash.c$193$3_0$28        compactflash
C:   00000372  A$compactflashmpactflash$1112      compactflash
C:   00000374  A$compactflashmpactflash$1113      compactflash
C:   00000376  A$compactflashmpactflash$1114      compactflash
C:   00000378  A$compactflashmpactflash$1118      compactflash
C:   00000378  C$compactflash.c$195$2_0$26        compactflash
C:   0000037A  A$compactflashmpactflash$1119      compactflash
C:   0000037B  A$compactflashmpactflash$1120      compactflash
C:   0000037D  A$compactflashmpactflash$1121      compactflash
C:   0000037E  A$compactflashmpactflash$1122      compactflash
C:   0000037F  A$compactflashmpactflash$1123      compactflash
C:   00000380  A$compactflashmpactflash$1124      compactflash
C:   00000383  A$compactflashmpactflash$1128      compactflash
C:   00000383  C$compactflash.c$198$1_0$25        compactflash
C:   00000386  A$compactflashmpactflash$1131      compactflash
C:   00000389  A$compactflashmpactflash$1132      compactflash
C:   0000038B  A$compactflashmpactflash$1135      compactflash
C:   0000038B  C$compactflash.c$199$1_0$25        compactflash
C:   0000038B  XG$cfWriteSector$0$0               compactflash
C:   0000038C  A$compactflashmpactflash$1150      compactflash
C:   0000038C  C$compactflash.c$201$1_0$30        compactflash
C:   0000038C  C$compactflash.c$203$1_0$30        compactflash
C:   0000038C  G$cfDiskGetSectorCount$0$0         compactflash
C:   0000038C  _cfDiskGetSectorCount              compactflash
C:   0000038F  A$compactflashmpactflash$1151      compactflash
C:   00000390  A$compactflashmpactflash$1152      compactflash
C:   00000392  A$compactflashmpactflash$1157      compactflash
C:   00000392  C$compactflash.c$204$1_0$30        compactflash
C:   00000392  XG$cfDiskGetSectorCount$0$0        compactflash
ASxxxx Linker V03.00 + NoICE + sdld,  page 30.
Hexadecimal  [32-Bits]

Area                                    Addr        Size        Decimal Bytes (Attributes)
--------------------------------        ----        ----        ------- ----- ------------
CSEG                                00000062    00003C66 =       15462. bytes (REL,CON,CODE)

      Value  Global                              Global Defined In Module
      -----  --------------------------------   ------------------------
C:   00000393  A$delayebug\delay$400              delay
C:   00000393  C$delay.c$26$1_0$4                 delay
C:   00000393  C$delay.c$5$0_0$4                  delay
C:   00000393  G$delay_us$0$0                     delay
C:   00000393  _delay_us                          delay
C:   00000395  A$delayebug\delay$401              delay
C:   00000397  A$delayebug\delay$402              delay
C:   00000399  A$delayebug\delay$403              delay
C:   0000039A  A$delayebug\delay$404              delay
C:   0000039C  A$delayebug\delay$405              delay
C:   0000039E  A$delayebug\delay$406              delay
C:   0000039F  A$delayebug\delay$407              delay
C:   000003A1  A$delayebug\delay$408              delay
C:   000003A3  A$delayebug\delay$410              delay
C:   000003A5  A$delayebug\delay$412              delay
C:   000003A7  A$delayebug\delay$413              delay
C:   000003A9  A$delayebug\delay$414              delay
C:   000003AB  A$delayebug\delay$415              delay
C:   000003AD  A$delayebug\delay$420              delay
C:   000003AD  C$delay.c$27$1_0$4                 delay
C:   000003AD  XG$delay_us$0$0                    delay
C:   000003AE  A$delayebug\delay$435              delay
C:   000003AE  C$delay.c$29$1_0$6                 delay
C:   000003AE  C$delay.c$57$1_0$6                 delay
C:   000003AE  G$delay_ms$0$0                     delay
C:   000003AE  _delay_ms                          delay
C:   000003B0  A$delayebug\delay$436              delay
C:   000003B2  A$delayebug\delay$437              delay
C:   000003B4  A$delayebug\delay$438              delay
C:   000003B6  A$delayebug\delay$439              delay
C:   000003B8  A$delayebug\delay$440              delay
C:   000003B9  A$delayebug\delay$441              delay
C:   000003BB  A$delayebug\delay$442              delay
C:   000003BD  A$delayebug\delay$443              delay
C:   000003BE  A$delayebug\delay$444              delay
C:   000003C0  A$delayebug\delay$445              delay
C:   000003C2  A$delayebug\delay$447              delay
C:   000003C4  A$delayebug\delay$449              delay
C:   000003C6  A$delayebug\delay$451              delay
C:   000003C8  A$delayebug\delay$453              delay
C:   000003CA  A$delayebug\delay$454              delay
C:   000003CC  A$delayebug\delay$455              delay
C:   000003CE  A$delayebug\delay$456              delay
C:   000003D0  A$delayebug\delay$457              delay
C:   000003D2  A$delayebug\delay$458              delay
C:   000003D4  A$delayebug\delay$459              delay
C:   000003D6  A$delayebug\delay$460              delay
C:   000003D8  A$delayebug\delay$465              delay
C:   000003D8  C$delay.c$58$1_0$6                 delay
C:   000003D8  XG$delay_ms$0$0                    delay
C:   000003D9  A$led\Debug\led$399                led
ASxxxx Linker V03.00 + NoICE + sdld,  page 31.
Hexadecimal  [32-Bits]

Area                                    Addr        Size        Decimal Bytes (Attributes)
--------------------------------        ----        ----        ------- ----- ------------
CSEG                                00000062    00003C66 =       15462. bytes (REL,CON,CODE)

      Value  Global                              Global Defined In Module
      -----  --------------------------------   ------------------------
C:   000003D9  C$led.c$6$0_0$4                    led
C:   000003D9  C$led.c$8$0_0$4                    led
C:   000003D9  G$ledInit$0$0                      led
C:   000003D9  XG$ledInit$0$0                     led
C:   000003D9  _ledInit                           led
C:   000003DA  A$mainDebug\main$425               main
C:   000003DA  C$main.c$4$0_0$25                  main
C:   000003DA  C$main.c$67$1_0$25                 main
C:   000003DA  G$sysLoadProgram$0$0               main
C:   000003DA  _sysLoadProgram                    main
C:   000003DC  A$mainDebug\main$426               main
C:   000003DE  A$mainDebug\main$427               main
C:   000003E0  A$mainDebug\main$428               main
C:   000003E2  A$mainDebug\main$429               main
C:   000003E5  A$mainDebug\main$430               main
C:   000003E8  A$mainDebug\main$431               main
C:   000003EB  A$mainDebug\main$432               main
C:   000003EE  A$mainDebug\main$433               main
C:   000003F1  A$mainDebug\main$434               main
C:   000003F3  A$mainDebug\main$435               main
C:   000003F5  A$mainDebug\main$437               main
C:   000003F8  A$mainDebug\main$438               main
C:   000003FA  A$mainDebug\main$439               main
C:   000003FB  A$mainDebug\main$440               main
C:   000003FD  A$mainDebug\main$441               main
C:   000003FF  A$mainDebug\main$443               main
C:   00000402  A$mainDebug\main$444               main
C:   00000404  A$mainDebug\main$445               main
C:   00000405  A$mainDebug\main$446               main
C:   00000407  A$mainDebug\main$447               main
C:   00000409  A$mainDebug\main$448               main
C:   0000040C  A$mainDebug\main$450               main
C:   0000040D  A$mainDebug\main$451               main
C:   0000040E  A$mainDebug\main$453               main
C:   00000411  A$mainDebug\main$454               main
C:   00000413  A$mainDebug\main$455               main
C:   00000415  A$mainDebug\main$456               main
C:   00000417  A$mainDebug\main$457               main
C:   00000418  A$mainDebug\main$458               main
C:   00000419  A$mainDebug\main$459               main
C:   0000041B  A$mainDebug\main$460               main
C:   0000041C  A$mainDebug\main$461               main
C:   0000041E  A$mainDebug\main$462               main
C:   00000420  A$mainDebug\main$463               main
C:   00000421  A$mainDebug\main$464               main
C:   00000423  A$mainDebug\main$465               main
C:   00000425  A$mainDebug\main$466               main
C:   00000427  A$mainDebug\main$467               main
C:   00000429  A$mainDebug\main$468               main
C:   0000042B  A$mainDebug\main$469               main
C:   0000042E  A$mainDebug\main$470               main
ASxxxx Linker V03.00 + NoICE + sdld,  page 32.
Hexadecimal  [32-Bits]

Area                                    Addr        Size        Decimal Bytes (Attributes)
--------------------------------        ----        ----        ------- ----- ------------
CSEG                                00000062    00003C66 =       15462. bytes (REL,CON,CODE)

      Value  Global                              Global Defined In Module
      -----  --------------------------------   ------------------------
C:   0000042F  A$mainDebug\main$471               main
C:   00000432  A$mainDebug\main$472               main
C:   00000433  A$mainDebug\main$473               main
C:   00000434  A$mainDebug\main$478               main
C:   00000434  C$main.c$68$1_0$25                 main
C:   00000434  XG$sysLoadProgram$0$0              main
C:   00000435  A$mainDebug\main$495               main
C:   00000435  C$main.c$70$1_0$26                 main
C:   00000435  G$main$0$0                         main
C:   00000435  _main                              main
C:   00000437  A$mainDebug\main$496               main
C:   0000043A  A$mainDebug\main$497               main
C:   0000043C  A$mainDebug\main$498               main
C:   0000043E  A$mainDebug\main$501               main
C:   0000043E  C$main.c$75$1_0$26                 main
C:   00000441  A$mainDebug\main$504               main
C:   00000441  C$main.c$76$2_0$27                 main
C:   00000444  A$mainDebug\main$505               main
C:   00000445  A$mainDebug\main$506               main
C:   00000446  A$mainDebug\main$507               main
C:   00000447  A$mainDebug\main$508               main
C:   00000449  A$mainDebug\main$509               main
C:   0000044C  A$mainDebug\main$510               main
C:   0000044D  A$mainDebug\main$511               main
C:   0000044E  A$mainDebug\main$512               main
C:   00000450  A$mainDebug\main$513               main
C:   00000452  A$mainDebug\main$514               main
C:   00000454  A$mainDebug\main$516               main
C:   00000456  A$mainDebug\main$517               main
C:   00000458  A$mainDebug\main$518               main
C:   00000459  A$mainDebug\main$519               main
C:   0000045C  A$mainDebug\main$520               main
C:   0000045D  A$mainDebug\main$522               main
C:   0000045E  A$mainDebug\main$523               main
C:   0000045F  A$mainDebug\main$524               main
C:   00000461  A$mainDebug\main$525               main
C:   00000463  A$mainDebug\main$526               main
C:   00000465  A$mainDebug\main$527               main
C:   00000466  A$mainDebug\main$528               main
C:   00000467  A$mainDebug\main$529               main
C:   00000468  A$mainDebug\main$530               main
C:   00000469  A$mainDebug\main$531               main
C:   0000046B  A$mainDebug\main$532               main
C:   0000046D  A$mainDebug\main$533               main
C:   0000046F  A$mainDebug\main$534               main
C:   00000471  A$mainDebug\main$535               main
C:   00000472  A$mainDebug\main$536               main
C:   00000473  A$mainDebug\main$537               main
C:   00000474  A$mainDebug\main$538               main
C:   00000476  A$mainDebug\main$539               main
C:   00000478  A$mainDebug\main$542               main
ASxxxx Linker V03.00 + NoICE + sdld,  page 33.
Hexadecimal  [32-Bits]

Area                                    Addr        Size        Decimal Bytes (Attributes)
--------------------------------        ----        ----        ------- ----- ------------
CSEG                                00000062    00003C66 =       15462. bytes (REL,CON,CODE)

      Value  Global                              Global Defined In Module
      -----  --------------------------------   ------------------------
C:   00000478  C$main.c$79$1_0$26                 main
C:   0000047A  A$mainDebug\main$546               main
C:   0000047A  C$main.c$81$2_0$28                 main
C:   0000047D  A$mainDebug\main$547               main
C:   0000047E  A$mainDebug\main$548               main
C:   0000047F  A$mainDebug\main$551               main
C:   0000047F  C$main.c$83$2_0$28                 main
C:   00000482  A$mainDebug\main$554               main
C:   00000482  C$main.c$97$2_0$28                 main
C:   00000485  A$mainDebug\main$555               main
C:   00000488  A$mainDebug\main$558               main
C:   00000488  C$main.c$99$2_0$28                 main
C:   0000048B  A$mainDebug\main$559               main
C:   0000048E  A$mainDebug\main$563               main
C:   0000048E  C$main.c$110$1_0$26                main
C:   00000490  A$mainDebug\main$566               main
C:   00000493  A$mainDebug\main$567               main
C:   00000495  A$mainDebug\main$570               main
C:   00000495  C$main.c$111$1_0$26                main
C:   00000495  XG$main$0$0                        main
C:   00000496  A$diskiobug\pff3a\diskio$420       diskio
C:   00000496  C$diskio.c$12$0_0$19               diskio
C:   00000496  C$diskio.c$17$1_0$19               diskio
C:   00000496  G$disk_initialize$0$0              diskio
C:   00000496  _disk_initialize                   diskio
C:   00000499  A$diskiobug\pff3a\diskio$421       diskio
C:   0000049C  A$diskiobug\pff3a\diskio$424       diskio
C:   0000049C  C$diskio.c$20$1_0$19               diskio
C:   0000049F  A$diskiobug\pff3a\diskio$429       diskio
C:   0000049F  C$diskio.c$21$1_0$19               diskio
C:   0000049F  XG$disk_initialize$0$0             diskio
C:   000004A0  A$diskiobug\pff3a\diskio$447       diskio
C:   000004A0  C$diskio.c$29$1_0$21               diskio
C:   000004A0  G$disk_readp$0$0                   diskio
C:   000004A0  _disk_readp                        diskio
C:   000004A2  A$diskiobug\pff3a\diskio$448       diskio
C:   000004A5  A$diskiobug\pff3a\diskio$449       diskio
C:   000004A7  A$diskiobug\pff3a\diskio$450       diskio
C:   000004A9  A$diskiobug\pff3a\diskio$451       diskio
C:   000004AB  A$diskiobug\pff3a\diskio$452       diskio
C:   000004AD  A$diskiobug\pff3a\diskio$453       diskio
C:   000004AF  A$diskiobug\pff3a\diskio$456       diskio
C:   000004AF  C$diskio.c$40$1_0$21               diskio
C:   000004B2  A$diskiobug\pff3a\diskio$457       diskio
C:   000004B3  A$diskiobug\pff3a\diskio$458       diskio
C:   000004B5  A$diskiobug\pff3a\diskio$459       diskio
C:   000004B8  A$diskiobug\pff3a\diskio$460       diskio
C:   000004B9  A$diskiobug\pff3a\diskio$461       diskio
C:   000004BA  A$diskiobug\pff3a\diskio$462       diskio
C:   000004BB  A$diskiobug\pff3a\diskio$463       diskio
C:   000004BC  A$diskiobug\pff3a\diskio$464       diskio
ASxxxx Linker V03.00 + NoICE + sdld,  page 34.
Hexadecimal  [32-Bits]

Area                                    Addr        Size        Decimal Bytes (Attributes)
--------------------------------        ----        ----        ------- ----- ------------
CSEG                                00000062    00003C66 =       15462. bytes (REL,CON,CODE)

      Value  Global                              Global Defined In Module
      -----  --------------------------------   ------------------------
C:   000004BD  A$diskiobug\pff3a\diskio$465       diskio
C:   000004BE  A$diskiobug\pff3a\diskio$466       diskio
C:   000004BF  A$diskiobug\pff3a\diskio$467       diskio
C:   000004C0  A$diskiobug\pff3a\diskio$468       diskio
C:   000004C1  A$diskiobug\pff3a\diskio$469       diskio
C:   000004C2  A$diskiobug\pff3a\diskio$470       diskio
C:   000004C3  A$diskiobug\pff3a\diskio$471       diskio
C:   000004C5  A$diskiobug\pff3a\diskio$472       diskio
C:   000004C7  A$diskiobug\pff3a\diskio$473       diskio
C:   000004C8  A$diskiobug\pff3a\diskio$474       diskio
C:   000004C9  A$diskiobug\pff3a\diskio$475       diskio
C:   000004CC  A$diskiobug\pff3a\diskio$476       diskio
[...]
C:   00003876  A$testDebug\test$1023              test
C:   00003878  A$testDebug\test$1024              test
C:   0000387A  A$testDebug\test$1025              test
C:   0000387C  A$testDebug\test$1026              test
C:   0000387E  A$testDebug\test$1027              test
ASxxxx Linker V03.00 + NoICE + sdld,  page 202.
Hexadecimal  [32-Bits]

Area                                    Addr        Size        Decimal Bytes (Attributes)
--------------------------------        ----        ----        ------- ----- ------------
CSEG                                00000062    00003C66 =       15462. bytes (REL,CON,CODE)

      Value  Global                              Global Defined In Module
      -----  --------------------------------   ------------------------
C:   00003880  A$testDebug\test$1028              test
C:   00003882  A$testDebug\test$1029              test
C:   00003883  A$testDebug\test$1030              test
C:   00003885  A$testDebug\test$1031              test
C:   00003888  A$testDebug\test$1032              test
C:   0000388B  A$testDebug\test$1033              test
C:   0000388D  A$testDebug\test$1034              test
C:   0000388F  A$testDebug\test$1035              test
C:   00003891  A$testDebug\test$1036              test
C:   00003893  A$testDebug\test$1037              test
C:   00003895  A$testDebug\test$1040              test
C:   00003895  C$test.c$162$1_0$86                test
C:   00003898  A$testDebug\test$1043              test
C:   00003898  C$test.c$172$1_0$86                test
C:   0000389A  A$testDebug\test$1044              test
C:   0000389C  A$testDebug\test$1045              test
C:   0000389E  A$testDebug\test$1046              test
C:   000038A0  A$testDebug\test$1047              test
C:   000038A2  A$testDebug\test$1048              test
C:   000038A4  A$testDebug\test$1049              test
C:   000038A5  A$testDebug\test$1050              test
C:   000038A7  A$testDebug\test$1051              test
C:   000038A9  A$testDebug\test$1052              test
C:   000038AB  A$testDebug\test$1053              test
C:   000038AE  A$testDebug\test$1054              test
C:   000038B1  A$testDebug\test$1055              test
C:   000038B4  A$testDebug\test$1056              test
C:   000038B6  A$testDebug\test$1057              test
C:   000038B8  A$testDebug\test$1058              test
C:   000038BA  A$testDebug\test$1059              test
C:   000038BC  A$testDebug\test$1062              test
C:   000038BC  C$test.c$173$1_0$86                test
C:   000038BD  A$testDebug\test$1063              test
C:   000038BF  A$testDebug\test$1069              test
C:   000038BF  C$test.c$174$1_0$86                test
C:   000038C2  A$testDebug\test$1070              test
C:   000038C4  A$testDebug\test$1073              test
C:   000038C4  C$test.c$190$1_0$86                test
C:   000038C4  XG$FATTest$0$0                     test
C:   000038C5  A$testDebug\test$1089              test
C:   000038C5  C$test.c$197$1_0$91                test
C:   000038C5  G$SIOFATFSTest$0$0                 test
C:   000038C5  _SIOFATFSTest                      test
C:   000038C7  A$testDebug\test$1090              test
C:   000038CA  A$testDebug\test$1091              test
C:   000038CC  A$testDebug\test$1092              test
C:   000038CE  A$testDebug\test$1093              test
C:   000038D0  A$testDebug\test$1096              test
C:   000038D0  C$test.c$203$1_0$91                test
C:   000038D3  A$testDebug\test$1099              test
C:   000038D3  C$test.c$205$1_0$91                test
ASxxxx Linker V03.00 + NoICE + sdld,  page 203.
Hexadecimal  [32-Bits]

Area                                    Addr        Size        Decimal Bytes (Attributes)
--------------------------------        ----        ----        ------- ----- ------------
CSEG                                00000062    00003C66 =       15462. bytes (REL,CON,CODE)

      Value  Global                              Global Defined In Module
      -----  --------------------------------   ------------------------
C:   000038D6  A$testDebug\test$1102              test
C:   000038D6  C$test.c$206$1_0$91                test
C:   000038D7  A$testDebug\test$1103              test
C:   000038D9  A$testDebug\test$1104              test
C:   000038DB  A$testDebug\test$1105              test
C:   000038DD  A$testDebug\test$1106              test
C:   000038DF  A$testDebug\test$1107              test
C:   000038E1  A$testDebug\test$1108              test
C:   000038E3  A$testDebug\test$1109              test
C:   000038E5  A$testDebug\test$1110              test
C:   000038E8  A$testDebug\test$1111              test
C:   000038EB  A$testDebug\test$1112              test
C:   000038EE  A$testDebug\test$1113              test
C:   000038F0  A$testDebug\test$1114              test
C:   000038F2  A$testDebug\test$1115              test
C:   000038F4  A$testDebug\test$1118              test
C:   000038F4  C$test.c$207$1_0$91                test
C:   000038F5  A$testDebug\test$1119              test
C:   000038F7  A$testDebug\test$1122              test
C:   000038F7  C$test.c$209$2_0$92                test
C:   000038FA  A$testDebug\test$1125              test
C:   000038FA  C$test.c$210$2_0$92                test
C:   000038FD  A$testDebug\test$1129              test
C:   000038FD  C$test.c$213$1_0$91                test
C:   00003900  A$testDebug\test$1132              test
C:   00003900  C$test.c$214$1_0$91                test
C:   00003901  A$testDebug\test$1133              test
C:   00003903  A$testDebug\test$1134              test
C:   00003905  A$testDebug\test$1135              test
C:   00003907  A$testDebug\test$1136              test
C:   00003909  A$testDebug\test$1137              test
C:   0000390B  A$testDebug\test$1138              test
C:   0000390D  A$testDebug\test$1139              test
C:   0000390F  A$testDebug\test$1140              test
C:   00003912  A$testDebug\test$1141              test
C:   00003915  A$testDebug\test$1142              test
C:   00003918  A$testDebug\test$1143              test
C:   0000391A  A$testDebug\test$1144              test
C:   0000391C  A$testDebug\test$1145              test
C:   0000391E  A$testDebug\test$1146              test
C:   00003920  A$testDebug\test$1149              test
C:   00003920  C$test.c$215$1_0$91                test
C:   00003921  A$testDebug\test$1150              test
C:   00003923  A$testDebug\test$1153              test
C:   00003923  C$test.c$217$2_0$93                test
C:   00003926  A$testDebug\test$1156              test
C:   00003926  C$test.c$218$2_0$93                test
C:   00003929  A$testDebug\test$1160              test
C:   00003929  C$test.c$221$1_0$91                test
C:   0000392C  A$testDebug\test$1163              test
C:   0000392C  C$test.c$222$1_0$91                test
ASxxxx Linker V03.00 + NoICE + sdld,  page 204.
Hexadecimal  [32-Bits]

Area                                    Addr        Size        Decimal Bytes (Attributes)
--------------------------------        ----        ----        ------- ----- ------------
CSEG                                00000062    00003C66 =       15462. bytes (REL,CON,CODE)

      Value  Global                              Global Defined In Module
      -----  --------------------------------   ------------------------
C:   0000392E  A$testDebug\test$1164              test
C:   00003930  A$testDebug\test$1165              test
C:   00003931  A$testDebug\test$1166              test
C:   00003932  A$testDebug\test$1167              test
C:   00003934  A$testDebug\test$1168              test
C:   00003936  A$testDebug\test$1169              test
C:   00003938  A$testDebug\test$1170              test
C:   0000393A  A$testDebug\test$1171              test
C:   0000393C  A$testDebug\test$1172              test
C:   0000393E  A$testDebug\test$1173              test
C:   0000393F  A$testDebug\test$1174              test
C:   00003941  A$testDebug\test$1175              test
C:   00003943  A$testDebug\test$1176              test
C:   00003945  A$testDebug\test$1177              test
C:   00003947  A$testDebug\test$1178              test
C:   00003949  A$testDebug\test$1179              test
C:   0000394B  A$testDebug\test$1180              test
C:   0000394D  A$testDebug\test$1181              test
C:   0000394E  A$testDebug\test$1182              test
C:   00003950  A$testDebug\test$1183              test
C:   00003953  A$testDebug\test$1184              test
C:   00003956  A$testDebug\test$1185              test
C:   00003959  A$testDebug\test$1186              test
C:   0000395B  A$testDebug\test$1187              test
C:   0000395D  A$testDebug\test$1188              test
C:   0000395F  A$testDebug\test$1189              test
C:   00003961  A$testDebug\test$1190              test
C:   00003963  A$testDebug\test$1193              test
C:   00003963  C$test.c$223$1_0$91                test
C:   00003964  A$testDebug\test$1194              test
C:   00003966  A$testDebug\test$1197              test
C:   00003966  C$test.c$225$2_0$94                test
C:   00003969  A$testDebug\test$1200              test
C:   00003969  C$test.c$226$2_0$94                test
C:   0000396C  A$testDebug\test$1204              test
C:   0000396C  C$test.c$229$1_0$91                test
C:   0000396F  A$testDebug\test$1207              test
C:   0000396F  C$test.c$230$1_0$91                test
C:   00003971  A$testDebug\test$1208              test
C:   00003972  A$testDebug\test$1209              test
C:   00003973  A$testDebug\test$1210              test
C:   00003975  A$testDebug\test$1211              test
C:   00003977  A$testDebug\test$1212              test
C:   00003979  A$testDebug\test$1213              test
C:   0000397B  A$testDebug\test$1214              test
C:   0000397D  A$testDebug\test$1215              test
C:   0000397F  A$testDebug\test$1216              test
C:   00003981  A$testDebug\test$1217              test
C:   00003983  A$testDebug\test$1218              test
C:   00003985  A$testDebug\test$1219              test
C:   00003986  A$testDebug\test$1220              test
ASxxxx Linker V03.00 + NoICE + sdld,  page 205.
Hexadecimal  [32-Bits]

Area                                    Addr        Size        Decimal Bytes (Attributes)
--------------------------------        ----        ----        ------- ----- ------------
CSEG                                00000062    00003C66 =       15462. bytes (REL,CON,CODE)

      Value  Global                              Global Defined In Module
      -----  --------------------------------   ------------------------
C:   00003988  A$testDebug\test$1221              test
C:   0000398B  A$testDebug\test$1222              test
C:   0000398E  A$testDebug\test$1223              test
C:   00003990  A$testDebug\test$1224              test
C:   00003992  A$testDebug\test$1225              test
C:   00003994  A$testDebug\test$1228              test
C:   00003994  C$test.c$232$1_0$91                test
C:   00003997  A$testDebug\test$1231              test
C:   00003997  C$test.c$233$1_0$91                test
C:   00003999  A$testDebug\test$1232              test
C:   0000399B  A$testDebug\test$1233              test
C:   0000399C  A$testDebug\test$1234              test
C:   0000399E  A$testDebug\test$1235              test
C:   000039A0  A$testDebug\test$1236              test
C:   000039A2  A$testDebug\test$1237              test
C:   000039A5  A$testDebug\test$1238              test
C:   000039A8  A$testDebug\test$1239              test
C:   000039AB  A$testDebug\test$1240              test
C:   000039AD  A$testDebug\test$1241              test
C:   000039AF  A$testDebug\test$1242              test
C:   000039B1  A$testDebug\test$1243              test
C:   000039B3  A$testDebug\test$1244              test
C:   000039B5  A$testDebug\test$1245              test
C:   000039B7  A$testDebug\test$1248              test
C:   000039B7  C$test.c$234$1_0$91                test
C:   000039B8  A$testDebug\test$1253              test
C:   000039B8  C$test.c$235$1_0$91                test
C:   000039B8  C$test.c$237$1_0$91                test
C:   000039BA  A$testDebug\test$1254              test
C:   000039BB  A$testDebug\test$1255              test
C:   000039BD  A$testDebug\test$1256              test
C:   000039BF  A$testDebug\test$1257              test
C:   000039C1  A$testDebug\test$1258              test
C:   000039C3  A$testDebug\test$1259              test
C:   000039C4  A$testDebug\test$1260              test
C:   000039C6  A$testDebug\test$1261              test
C:   000039C8  A$testDebug\test$1262              test
C:   000039CA  A$testDebug\test$1263              test
C:   000039CC  A$testDebug\test$1264              test
C:   000039CE  A$testDebug\test$1265              test
C:   000039D0  A$testDebug\test$1266              test
C:   000039D2  A$testDebug\test$1267              test
C:   000039D3  A$testDebug\test$1268              test
C:   000039D5  A$testDebug\test$1269              test
C:   000039D8  A$testDebug\test$1270              test
C:   000039DB  A$testDebug\test$1271              test
C:   000039DE  A$testDebug\test$1272              test
C:   000039E0  A$testDebug\test$1273              test
C:   000039E2  A$testDebug\test$1274              test
C:   000039E4  A$testDebug\test$1275              test
C:   000039E6  A$testDebug\test$1278              test
ASxxxx Linker V03.00 + NoICE + sdld,  page 206.
Hexadecimal  [32-Bits]

Area                                    Addr        Size        Decimal Bytes (Attributes)
--------------------------------        ----        ----        ------- ----- ------------
CSEG                                00000062    00003C66 =       15462. bytes (REL,CON,CODE)

      Value  Global                              Global Defined In Module
      -----  --------------------------------   ------------------------
C:   000039E6  C$test.c$238$1_0$91                test
C:   000039E7  A$testDebug\test$1281              test
C:   000039E7  C$test.c$239$1_0$91                test
C:   000039E9  A$testDebug\test$1284              test
C:   000039E9  C$test.c$250$1_0$91                test
C:   000039EB  A$testDebug\test$1285              test
C:   000039EC  A$testDebug\test$1286              test
C:   000039EE  A$testDebug\test$1287              test
C:   000039F0  A$testDebug\test$1288              test
C:   000039F2  A$testDebug\test$1289              test
C:   000039F4  A$testDebug\test$1290              test
C:   000039F6  A$testDebug\test$1291              test
C:   000039F7  A$testDebug\test$1292              test
C:   000039F9  A$testDebug\test$1293              test
C:   000039FB  A$testDebug\test$1294              test
C:   000039FD  A$testDebug\test$1295              test
C:   000039FF  A$testDebug\test$1296              test
C:   00003A01  A$testDebug\test$1297              test
C:   00003A03  A$testDebug\test$1298              test
C:   00003A05  A$testDebug\test$1299              test
C:   00003A06  A$testDebug\test$1300              test
C:   00003A08  A$testDebug\test$1301              test
C:   00003A0B  A$testDebug\test$1302              test
C:   00003A0E  A$testDebug\test$1303              test
C:   00003A11  A$testDebug\test$1304              test
C:   00003A13  A$testDebug\test$1305              test
C:   00003A15  A$testDebug\test$1306              test
C:   00003A17  A$testDebug\test$1307              test
C:   00003A19  A$testDebug\test$1310              test
C:   00003A19  C$test.c$251$1_0$91                test
C:   00003A1A  A$testDebug\test$1311              test
C:   00003A1C  A$testDebug\test$1317              test
C:   00003A1C  C$test.c$252$1_0$91                test
C:   00003A1F  A$testDebug\test$1318              test
C:   00003A21  A$testDebug\test$1321              test
C:   00003A21  C$test.c$253$1_0$91                test
C:   00003A21  XG$SIOFATFSTest$0$0                test
C:   00003A22  __gptrput                          _gptrput
C:   00003A3D  __divulong                         _divulong
C:   00003ACB  _strlen                            _strlen
C:   00003AE3  __gptrget                          _gptrget
C:   00003AFF  __mullong                          _mullong
C:   00003CC4  __sdcc_external_startup            _startup
ASxxxx Linker V03.00 + NoICE + sdld,  page 207.
Hexadecimal  [32-Bits]

Area                                    Addr        Size        Decimal Bytes (Attributes)
--------------------------------        ----        ----        ------- ----- ------------
CONST                               00003CC8    00000051 =          81. bytes (REL,CON,CODE)

      Value  Global                              Global Defined In Module
      -----  --------------------------------   ------------------------
C:   00003CC8  G$data$0_0$0                       test
C:   00003CC8  _data                              test
C:   00003CFC  Ftest$__str_0$0_0$0                test
C:   00003D10  Ftest$__str_1$0_0$0                test
C:   00003D16  Ftest$__str_2$0_0$0                test

ASxxxx Linker V03.00 + NoICE + sdld,  page 208.
Hexadecimal  [32-Bits]

Area                                    Addr        Size        Decimal Bytes (Attributes)
--------------------------------        ----        ----        ------- ----- ------------
XINIT                               00003D19    00000001 =           1. bytes (REL,CON,CODE)

      Value  Global                              Global Defined In Module
      -----  --------------------------------   ------------------------
C:   00003D19  Fdiskio$__xinit_firstRead$0_0$0    diskio

ASxxxx Linker V03.00 + NoICE + sdld,  page 209.

Files Linked                              [ module(s) ]

obj\Debug\compactflash.rel                [  ]
obj\Debug\delay.rel                       [  ]
obj\Debug\led.rel                         [  ]
obj\Debug\main.rel                        [  ]
obj\Debug\pff3a\diskio.rel                [  ]
obj\Debug\pff3a\pff.rel                   [  ]
obj\Debug\pio.rel                         [  ]
obj\Debug\sio.rel                         [  ]
obj\Debug\SIOFS\siofatfs.rel              [  ]
obj\Debug\sysctrl.rel                     [  ]
obj\Debug\test.rel                        [  ]


Libraries Linked                          [ object file ]

C:\Program Files (x86)\SDCC\lib\large-stack-auto/mcs51.lib
                                          [ crtclear.rel ]
C:\Program Files (x86)\SDCC\lib\large-stack-auto/mcs51.lib
                                          [ crtxinit.rel ]
C:\Program Files (x86)\SDCC\lib\large-stack-auto/libsdcc.lib
                                          [ _gptrput.rel ]
C:\Program Files (x86)\SDCC\lib\large-stack-auto/mcs51.lib
                                          [ crtxclear.rel ]
C:\Program Files (x86)\SDCC\lib\large-stack-auto/liblong.lib
                                          [ _divulong.rel ]
C:\Program Files (x86)\SDCC\lib\large-stack-auto/libsdcc.lib
                                          [ _bp.rel ]
C:\Program Files (x86)\SDCC\lib\large-stack-auto/mcs51.lib
                                          [ crtpagesfr.rel ]
C:\Program Files (x86)\SDCC\lib\large-stack-auto/libsdcc.lib
                                          [ _strlen.rel ]
C:\Program Files (x86)\SDCC\lib\large-stack-auto/mcs51.lib
                                          [ crtstart.rel ]
C:\Program Files (x86)\SDCC\lib\large-stack-auto/libsdcc.lib
                                          [ _gptrget.rel ]
C:\Program Files (x86)\SDCC\lib\large-stack-auto/liblong.lib
                                          [ _mullong.rel ]
C:\Program Files (x86)\SDCC\lib\large-stack-auto/libsdcc.lib
                                          [ _startup.rel ]

ASxxxx Linker V03.00 + NoICE + sdld,  page 210.

User Base Address Definitions

HOME = 0x0000
XSEG = 0x4000
PSEG = 0x4000
ISEG = 0x0000
BSEG = 0x0000

