ASxxxx Linker V03.00 + NoICE + sdld,  page 1.
Hexadecimal  [32-Bits]

Area                                    Addr        Size        Decimal Bytes (Attributes)
--------------------------------        ----        ----        ------- ----- ------------
CABS                                00000000    00000000 =           0. bytes (ABS,CON,CODE)

      Value  Global                              Global Defined In Module
      -----  --------------------------------   ------------------------
C:   00000000  l_BSEG                          
C:   00000000  l_BSEG_BYTES                    
C:   00000000  l_CABS                          
C:   00000000  l_GSINIT                        
C:   00000000  l_GSINIT1                       
C:   00000000  l_GSINIT5                       
C:   00000000  l_IABS                          
C:   00000000  l_ISEG                          
C:   00000000  l_OSEG                          
C:   00000000  l_PSEG                          
C:   00000000  l_REG_BANK_1                    
C:   00000000  l_REG_BANK_2                    
C:   00000000  l_REG_BANK_3                    
C:   00000000  l_RSEG                          
C:   00000000  l_RSEG0                         
C:   00000000  l_RSEG1                         
C:   00000000  l_XABS                          
C:   00000000  l__CODE                         
C:   00000000  s_BSEG                          
C:   00000000  s_CABS                          
C:   00000000  s_DSEG                          
C:   00000000  s_HOME                          
C:   00000000  s_IABS                          
C:   00000000  s_ISEG                          
C:   00000000  s_REG_BANK_0                    
C:   00000000  s_RSEG                          
C:   00000000  s_RSEG0                         
C:   00000000  s_RSEG1                         
C:   00000000  s_XABS                          
C:   00000001  l_BIT_BANK                      
C:   00000002  l_XINIT                         
C:   00000002  l_XISEG                         
C:   00000003  l_GSFINAL                       
C:   00000003  l_GSINIT0                       
C:   00000006  l_HOME                          
C:   00000006  s_GSINIT0                       
C:   00000008  l_REG_BANK_0                    
C:   00000008  s_REG_BANK_1                    
C:   00000009  s_GSINIT1                       
C:   00000009  s_GSINIT2                       
C:   0000000A  l_GSINIT2                       
C:   00000010  s_REG_BANK_2                    
C:   00000013  s_GSINIT3                       
C:   00000018  s_REG_BANK_3                    
C:   00000020  s_BIT_BANK                      
C:   00000020  s_BSEG_BYTES                    
C:   00000020  s_OSEG                          
C:   00000020  s__CODE                         
C:   00000021  s_SSEG                          
C:   00000022  l_GSINIT3                       
ASxxxx Linker V03.00 + NoICE + sdld,  page 2.
Hexadecimal  [32-Bits]

Area                                    Addr        Size        Decimal Bytes (Attributes)
--------------------------------        ----        ----        ------- ----- ------------
CABS                                00000000    00000000 =           0. bytes (ABS,CON,CODE)

      Value  Global                              Global Defined In Module
      -----  --------------------------------   ------------------------
C:   0000002A  l_GSINIT4                       
C:   00000035  s_GSINIT4                       
C:   0000005F  s_GSFINAL                       
C:   0000005F  s_GSINIT                        
C:   0000005F  s_GSINIT5                       
C:   00000062  s_CSEG                          
C:   00000069  l_DSEG                          
C:   000000DF  l_SSEG                          
C:   00000100  l_IRAM                          
C:   000001B3  l_CONST                         
C:   0000045F  l_XSEG                          
C:   00003CB7  l_CSEG                          
C:   00003D19  s_CONST                         
C:   00003ECC  s_XINIT                         
C:   00008000  s_PSEG                          
C:   00008000  s_XSEG                          
C:   0000845F  s_XISEG                         

ASxxxx Linker V03.00 + NoICE + sdld,  page 3.
Hexadecimal  [32-Bits]

Area                                    Addr        Size        Decimal Bytes (Attributes)
--------------------------------        ----        ----        ------- ----- ------------
.  .ABS.                            00000000    00000000 =           0. bytes (ABS,CON)

      Value  Global                              Global Defined In Module
      -----  --------------------------------   ------------------------
     00000000  .__.ABS.                           _startup
     00000080  G$P0$0_0$0                         test
     00000080  G$P0_0$0_0$0                       test
     00000080  _P0                                test
     00000080  _P0_0                              test
     00000081  G$P0_1$0_0$0                       test
     00000081  G$SP$0_0$0                         test
     00000081  _P0_1                              test
     00000081  _SP                                test
     00000082  G$DPL$0_0$0                        test
     00000082  G$P0_2$0_0$0                       test
     00000082  _DPL                               test
     00000082  _P0_2                              test
     00000083  G$DPH$0_0$0                        test
     00000083  G$P0_3$0_0$0                       test
     00000083  _DPH                               test
     00000083  _P0_3                              test
     00000084  G$P0_4$0_0$0                       test
     00000084  _P0_4                              test
     00000085  G$P0_5$0_0$0                       test
     00000085  _P0_5                              test
     00000086  G$P0_6$0_0$0                       test
     00000086  _P0_6                              test
     00000087  G$P0_7$0_0$0                       test
     00000087  G$PCON$0_0$0                       test
     00000087  _P0_7                              test
     00000087  _PCON                              test
     00000088  G$IT0$0_0$0                        test
     00000088  G$TCON$0_0$0                       test
     00000088  _IT0                               test
     00000088  _TCON                              test
     00000089  G$IE0$0_0$0                        test
     00000089  G$TMOD$0_0$0                       test
     00000089  _IE0                               test
     00000089  _TMOD                              test
     0000008A  G$IT1$0_0$0                        test
     0000008A  G$TL0$0_0$0                        test
     0000008A  _IT1                               test
     0000008A  _TL0                               test
     0000008B  G$IE1$0_0$0                        test
     0000008B  G$TL1$0_0$0                        test
     0000008B  _IE1                               test
     0000008B  _TL1                               test
     0000008C  G$TH0$0_0$0                        test
     0000008C  G$TR0$0_0$0                        test
     0000008C  _TH0                               test
     0000008C  _TR0                               test
     0000008D  G$TF0$0_0$0                        test
     0000008D  G$TH1$0_0$0                        test
     0000008D  _TF0                               test
ASxxxx Linker V03.00 + NoICE + sdld,  page 4.
Hexadecimal  [32-Bits]

Area                                    Addr        Size        Decimal Bytes (Attributes)
--------------------------------        ----        ----        ------- ----- ------------
.  .ABS.                            00000000    00000000 =           0. bytes (ABS,CON)

      Value  Global                              Global Defined In Module
      -----  --------------------------------   ------------------------
     0000008D  _TH1                               test
     0000008E  G$TR1$0_0$0                        test
     0000008E  _TR1                               test
     0000008F  G$TF1$0_0$0                        test
     0000008F  _TF1                               test
     00000090  G$P1$0_0$0                         test
     00000090  G$P1_0$0_0$0                       test
     00000090  _P1                                test
     00000090  _P1_0                              test
     00000091  G$P1_1$0_0$0                       test
     00000091  _P1_1                              test
     00000092  G$P1_2$0_0$0                       test
     00000092  _P1_2                              test
     00000093  G$P1_3$0_0$0                       test
     00000093  _P1_3                              test
     00000094  G$P1_4$0_0$0                       test
     00000094  _P1_4                              test
     00000095  G$P1_5$0_0$0                       test
     00000095  _P1_5                              test
     00000096  G$P1_6$0_0$0                       test
     00000096  _P1_6                              test
     00000097  G$P1_7$0_0$0                       test
     00000097  _P1_7                              test
     00000098  G$RI$0_0$0                         test
     00000098  G$SCON$0_0$0                       test
     00000098  _RI                                test
     00000098  _SCON                              test
     00000099  G$SBUF$0_0$0                       test
     00000099  G$TI$0_0$0                         test
     00000099  _SBUF                              test
     00000099  _TI                                test
     0000009A  G$RB8$0_0$0                        test
     0000009A  _RB8                               test
     0000009B  G$TB8$0_0$0                        test
     0000009B  _TB8                               test
     0000009C  G$REN$0_0$0                        test
     0000009C  _REN                               test
     0000009D  G$SM2$0_0$0                        test
     0000009D  _SM2                               test
     0000009E  G$SM1$0_0$0                        test
     0000009E  _SM1                               test
     0000009F  G$SM0$0_0$0                        test
     0000009F  _SM0                               test
     000000A0  G$P2$0_0$0                         test
     000000A0  G$P2_0$0_0$0                       test
     000000A0  _P2                                test
     000000A0  _P2_0                              test
     000000A0  __XPAGE                            
     000000A1  G$P2_1$0_0$0                       test
     000000A1  _P2_1                              test
     000000A2  G$P2_2$0_0$0                       test
ASxxxx Linker V03.00 + NoICE + sdld,  page 5.
Hexadecimal  [32-Bits]

Area                                    Addr        Size        Decimal Bytes (Attributes)
--------------------------------        ----        ----        ------- ----- ------------
.  .ABS.                            00000000    00000000 =           0. bytes (ABS,CON)

      Value  Global                              Global Defined In Module
      -----  --------------------------------   ------------------------
     000000A2  _P2_2                              test
     000000A3  G$P2_3$0_0$0                       test
     000000A3  _P2_3                              test
     000000A4  G$P2_4$0_0$0                       test
     000000A4  _P2_4                              test
     000000A5  G$P2_5$0_0$0                       test
     000000A5  _P2_5                              test
     000000A6  G$P2_6$0_0$0                       test
     000000A6  _P2_6                              test
     000000A7  G$P2_7$0_0$0                       test
     000000A7  _P2_7                              test
     000000A8  G$EX0$0_0$0                        test
     000000A8  G$IE$0_0$0                         test
     000000A8  _EX0                               test
     000000A8  _IE                                test
     000000A9  G$ET0$0_0$0                        test
     000000A9  _ET0                               test
     000000AA  G$EX1$0_0$0                        test
     000000AA  _EX1                               test
     000000AB  G$ET1$0_0$0                        test
     000000AB  _ET1                               test
     000000AC  G$ES$0_0$0                         test
     000000AC  _ES                                test
     000000AF  G$EA$0_0$0                         test
     000000AF  _EA                                test
     000000B0  G$P3$0_0$0                         test
     000000B0  G$P3_0$0_0$0                       test
     000000B0  G$RXD$0_0$0                        test
     000000B0  _P3                                test
     000000B0  _P3_0                              test
     000000B0  _RXD                               test
     000000B1  G$P3_1$0_0$0                       test
     000000B1  G$TXD$0_0$0                        test
     000000B1  _P3_1                              test
     000000B1  _TXD                               test
     000000B2  G$INT0$0_0$0                       test
     000000B2  G$P3_2$0_0$0                       test
     000000B2  _INT0                              test
     000000B2  _P3_2                              test
     000000B3  G$INT1$0_0$0                       test
     000000B3  G$P3_3$0_0$0                       test
     000000B3  _INT1                              test
     000000B3  _P3_3                              test
     000000B4  G$P3_4$0_0$0                       test
     000000B4  G$T0$0_0$0                         test
     000000B4  _P3_4                              test
     000000B4  _T0                                test
     000000B5  G$P3_5$0_0$0                       test
     000000B5  G$T1$0_0$0                         test
     000000B5  _P3_5                              test
     000000B5  _T1                                test
ASxxxx Linker V03.00 + NoICE + sdld,  page 6.
Hexadecimal  [32-Bits]

Area                                    Addr        Size        Decimal Bytes (Attributes)
--------------------------------        ----        ----        ------- ----- ------------
.  .ABS.                            00000000    00000000 =           0. bytes (ABS,CON)

      Value  Global                              Global Defined In Module
      -----  --------------------------------   ------------------------
     000000B6  G$P3_6$0_0$0                       test
     000000B6  G$WR$0_0$0                         test
     000000B6  _P3_6                              test
     000000B6  _WR                                test
     000000B7  G$P3_7$0_0$0                       test
     000000B7  G$RD$0_0$0                         test
     000000B7  _P3_7                              test
     000000B7  _RD                                test
     000000B8  G$IP$0_0$0                         test
     000000B8  G$PX0$0_0$0                        test
     000000B8  _IP                                test
     000000B8  _PX0                               test
     000000B9  G$PT0$0_0$0                        test
     000000B9  _PT0                               test
     000000BA  G$PX1$0_0$0                        test
     000000BA  _PX1                               test
     000000BB  G$PT1$0_0$0                        test
     000000BB  _PT1                               test
     000000BC  G$PS$0_0$0                         test
     000000BC  _PS                                test
     000000D0  G$P$0_0$0                          test
     000000D0  G$PSW$0_0$0                        test
     000000D0  _P                                 test
     000000D0  _PSW                               test
     000000D1  G$F1$0_0$0                         test
     000000D1  _F1                                test
     000000D2  G$OV$0_0$0                         test
     000000D2  _OV                                test
     000000D3  G$RS0$0_0$0                        test
     000000D3  _RS0                               test
     000000D4  G$RS1$0_0$0                        test
     000000D4  _RS1                               test
     000000D5  G$F0$0_0$0                         test
     000000D5  _F0                                test
     000000D6  G$AC$0_0$0                         test
     000000D6  _AC                                test
     000000D7  G$CY$0_0$0                         test
     000000D7  _CY                                test
     000000E0  G$ACC$0_0$0                        test
     000000E0  _ACC                               test
     000000F0  G$B$0_0$0                          test
     000000F0  _B                                 test
     000000F5  _B_5                               _gptrget
     000000F6  _B_6                               _gptrget
     000000F7  _B_7                               _gptrget

ASxxxx Linker V03.00 + NoICE + sdld,  page 7.
Hexadecimal  [32-Bits]

Area                                    Addr        Size        Decimal Bytes (Attributes)
--------------------------------        ----        ----        ------- ----- ------------
REG_BANK_0                          00000000    00000008 =           8. bytes (REL,OVR)

      Value  Global                              Global Defined In Module
      -----  --------------------------------   ------------------------
ASxxxx Linker V03.00 + NoICE + sdld,  page 8.
Hexadecimal  [32-Bits]

Area                                    Addr        Size        Decimal Bytes (Attributes)
--------------------------------        ----        ----        ------- ----- ------------
BIT_BANK                            00000020    00000001 =           1. bytes (REL,OVR)

      Value  Global                              Global Defined In Module
      -----  --------------------------------   ------------------------
ASxxxx Linker V03.00 + NoICE + sdld,  page 9.
Hexadecimal  [32-Bits]

Area                                    Addr        Size        Decimal Bytes (Attributes)
--------------------------------        ----        ----        ------- ----- ------------
DSEG                                00000000    00000069 =         105. bytes (REL,CON)

      Value  Global                              Global Defined In Module
      -----  --------------------------------   ------------------------
     00000008  _bp                                _bp

ASxxxx Linker V03.00 + NoICE + sdld,  page 10.
Hexadecimal  [32-Bits]

Area                                    Addr        Size        Decimal Bytes (Attributes)
--------------------------------        ----        ----        ------- ----- ------------
SSEG                                00000021    000000DF =         223. bytes (REL,OVR)

      Value  Global                              Global Defined In Module
      -----  --------------------------------   ------------------------
     00000021  __start__stack                     main

ASxxxx Linker V03.00 + NoICE + sdld,  page 11.
Hexadecimal  [32-Bits]

Area                                    Addr        Size        Decimal Bytes (Attributes)
--------------------------------        ----        ----        ------- ----- ------------
XSEG                                00008000    0000045F =        1119. bytes (REL,CON,XDATA)

      Value  Global                              Global Defined In Module
      -----  --------------------------------   ------------------------
D:   00008000  G$diskioCacheBuf$0_0$0             diskio
D:   00008000  _diskioCacheBuf                    diskio
D:   00008200  G$lastSector$0_0$0                 diskio
D:   00008200  _lastSector                        diskio
D:   00008204  G$writingSector$0_0$0              diskio
D:   00008204  _writingSector                     diskio
D:   00008208  Fpff$FatFs$0_0$0                   pff
D:   0000820B  G$buf$0_0$0                        test
D:   0000820B  _buf                               test
D:   0000840B  G$fs$0_0$0                         test
D:   0000840B  _fs                                test
D:   00008435  G$dj$0_0$0                         test
D:   00008435  _dj                                test
D:   00008446  G$filInfo$0_0$0                    test
D:   00008446  _filInfo                           test
D:   0000845C  G$siofs$0_0$0                      test
D:   0000845C  _siofs                             test
D:   0000845D  G$siofile$0_0$0                    test
D:   0000845D  _siofile                           test
D:   0000845E  G$siodir$0_0$0                     test
D:   0000845E  _siodir                            test
ASxxxx Linker V03.00 + NoICE + sdld,  page 12.
Hexadecimal  [32-Bits]

Area                                    Addr        Size        Decimal Bytes (Attributes)
--------------------------------        ----        ----        ------- ----- ------------
XISEG                               0000845F    00000002 =           2. bytes (REL,CON,XDATA)

      Value  Global                              Global Defined In Module
      -----  --------------------------------   ------------------------
D:   0000845F  G$PSBANK$0_0$0                     main
D:   0000845F  _PSBANK                            main
D:   00008460  G$firstRead$0_0$0                  diskio
D:   00008460  _firstRead                         diskio

ASxxxx Linker V03.00 + NoICE + sdld,  page 13.
Hexadecimal  [32-Bits]

Area                                    Addr        Size        Decimal Bytes (Attributes)
--------------------------------        ----        ----        ------- ----- ------------
HOME                                00000000    00000006 =           6. bytes (REL,CON,CODE)

      Value  Global                              Global Defined In Module
      -----  --------------------------------   ------------------------
C:   00000000  A$mainDebug\main$379               main
C:   00000003  A$mainDebug\main$401               main
C:   00000003  __sdcc_program_startup             main
ASxxxx Linker V03.00 + NoICE + sdld,  page 14.
Hexadecimal  [32-Bits]

Area                                    Addr        Size        Decimal Bytes (Attributes)
--------------------------------        ----        ----        ------- ----- ------------
GSINIT0                             00000006    00000003 =           3. bytes (REL,CON,CODE)

      Value  Global                              Global Defined In Module
      -----  --------------------------------   ------------------------
C:   00000006  __sdcc_gsinit_startup              

ASxxxx Linker V03.00 + NoICE + sdld,  page 15.
Hexadecimal  [32-Bits]

Area                                    Addr        Size        Decimal Bytes (Attributes)
--------------------------------        ----        ----        ------- ----- ------------
GSINIT2                             00000009    0000000A =          10. bytes (REL,CON,CODE)

      Value  Global                              Global Defined In Module
      -----  --------------------------------   ------------------------
ASxxxx Linker V03.00 + NoICE + sdld,  page 16.
Hexadecimal  [32-Bits]

Area                                    Addr        Size        Decimal Bytes (Attributes)
--------------------------------        ----        ----        ------- ----- ------------
GSINIT3                             00000013    00000022 =          34. bytes (REL,CON,CODE)

      Value  Global                              Global Defined In Module
      -----  --------------------------------   ------------------------
C:   00000013  __mcs51_genXINIT                   

ASxxxx Linker V03.00 + NoICE + sdld,  page 17.
Hexadecimal  [32-Bits]

Area                                    Addr        Size        Decimal Bytes (Attributes)
--------------------------------        ----        ----        ------- ----- ------------
GSINIT4                             00000035    0000002A =          42. bytes (REL,CON,CODE)

      Value  Global                              Global Defined In Module
      -----  --------------------------------   ------------------------
C:   00000035  __mcs51_genRAMCLEAR                
C:   0000003B  __mcs51_genXRAMCLEAR               

ASxxxx Linker V03.00 + NoICE + sdld,  page 18.
Hexadecimal  [32-Bits]

Area                                    Addr        Size        Decimal Bytes (Attributes)
--------------------------------        ----        ----        ------- ----- ------------
GSFINAL                             0000005F    00000003 =           3. bytes (REL,CON,CODE)

      Value  Global                              Global Defined In Module
      -----  --------------------------------   ------------------------
C:   0000005F  A$mainDebug\main$394               main

ASxxxx Linker V03.00 + NoICE + sdld,  page 19.
Hexadecimal  [32-Bits]

Area                                    Addr        Size        Decimal Bytes (Attributes)
--------------------------------        ----        ----        ------- ----- ------------
CSEG                                00000062    00003CB7 =       15543. bytes (REL,CON,CODE)

      Value  Global                              Global Defined In Module
      -----  --------------------------------   ------------------------
C:   00000062  A$compactflashmpactflash$406       compactflash
C:   00000062  C$compactflash.c$5$0_0$33          compactflash
C:   00000062  C$compactflash.c$7$1_0$33          compactflash
C:   00000062  G$cfInit$0$0                       compactflash
C:   00000062  _cfInit                            compactflash
C:   00000064  A$compactflashmpactflash$407       compactflash
C:   00000066  A$compactflashmpactflash$408       compactflash
C:   00000069  A$compactflashmpactflash$409       compactflash
C:   0000006B  A$compactflashmpactflash$412       compactflash
C:   0000006B  C$compactflash.c$9$1_0$33          compactflash
C:   0000006E  A$compactflashmpactflash$413       compactflash
C:   00000070  A$compactflashmpactflash$414       compactflash
C:   00000071  A$compactflashmpactflash$417       compactflash
C:   00000071  C$compactflash.c$11$1_0$33         compactflash
C:   00000073  A$compactflashmpactflash$418       compactflash
C:   00000076  A$compactflashmpactflash$421       compactflash
C:   00000076  C$compactflash.c$13$1_0$33         compactflash
C:   00000079  A$compactflashmpactflash$422       compactflash
C:   0000007B  A$compactflashmpactflash$423       compactflash
C:   0000007C  A$compactflashmpactflash$428       compactflash
C:   0000007C  C$compactflash.c$14$1_0$33         compactflash
C:   0000007C  XG$cfInit$0$0                      compactflash
C:   0000007D  A$compactflashmpactflash$444       compactflash
C:   0000007D  C$compactflash.c$16$1_0$35         compactflash
C:   0000007D  C$compactflash.c$18$1_0$35         compactflash
C:   0000007D  G$cfWaitIdle$0$0                   compactflash
C:   0000007D  _cfWaitIdle                        compactflash
C:   00000080  A$compactflashmpactflash$445       compactflash
C:   00000081  A$compactflashmpactflash$446       compactflash
C:   00000084  A$compactflashmpactflash$451       compactflash
C:   00000084  C$compactflash.c$19$1_0$35         compactflash
C:   00000084  XG$cfWaitIdle$0$0                  compactflash
C:   00000085  A$compactflashmpactflash$467       compactflash
C:   00000085  C$compactflash.c$21$1_0$37         compactflash
C:   00000085  C$compactflash.c$23$1_0$37         compactflash
C:   00000085  G$cfWaitCommandReady$0$0           compactflash
C:   00000085  _cfWaitCommandReady                compactflash
C:   00000088  A$compactflashmpactflash$468       compactflash
C:   00000089  A$compactflashmpactflash$469       compactflash
C:   0000008A  A$compactflashmpactflash$470       compactflash
C:   0000008D  A$compactflashmpactflash$471       compactflash
C:   0000008F  A$compactflashmpactflash$472       compactflash
C:   00000092  A$compactflashmpactflash$473       compactflash
C:   00000095  A$compactflashmpactflash$478       compactflash
C:   00000095  C$compactflash.c$24$1_0$37         compactflash
C:   00000095  XG$cfWaitCommandReady$0$0          compactflash
C:   00000096  A$compactflashmpactflash$494       compactflash
C:   00000096  C$compactflash.c$26$1_0$39         compactflash
C:   00000096  C$compactflash.c$28$1_0$39         compactflash
C:   00000096  G$cfWaitDataReady$0$0              compactflash
ASxxxx Linker V03.00 + NoICE + sdld,  page 20.
Hexadecimal  [32-Bits]

Area                                    Addr        Size        Decimal Bytes (Attributes)
--------------------------------        ----        ----        ------- ----- ------------
CSEG                                00000062    00003CB7 =       15543. bytes (REL,CON,CODE)

      Value  Global                              Global Defined In Module
      -----  --------------------------------   ------------------------
C:   00000096  _cfWaitDataReady                   compactflash
C:   00000099  A$compactflashmpactflash$495       compactflash
C:   0000009A  A$compactflashmpactflash$496       compactflash
C:   0000009B  A$compactflashmpactflash$497       compactflash
C:   0000009E  A$compactflashmpactflash$498       compactflash
C:   000000A0  A$compactflashmpactflash$499       compactflash
C:   000000A3  A$compactflashmpactflash$500       compactflash
C:   000000A6  A$compactflashmpactflash$505       compactflash
C:   000000A6  C$compactflash.c$29$1_0$39         compactflash
C:   000000A6  XG$cfWaitDataReady$0$0             compactflash
C:   000000A7  A$compactflashmpactflash$524       compactflash
C:   000000A7  C$compactflash.c$31$1_0$41         compactflash
C:   000000A7  G$cfReadSector$0$0                 compactflash
C:   000000A7  _cfReadSector                      compactflash
C:   000000A9  A$compactflashmpactflash$525       compactflash
C:   000000AB  A$compactflashmpactflash$526       compactflash
C:   000000AD  A$compactflashmpactflash$527       compactflash
C:   000000AF  A$compactflashmpactflash$528       compactflash
C:   000000B1  A$compactflashmpactflash$529       compactflash
C:   000000B3  A$compactflashmpactflash$532       compactflash
C:   000000B3  C$compactflash.c$37$1_0$41         compactflash
C:   000000B6  A$compactflashmpactflash$533       compactflash
C:   000000B8  A$compactflashmpactflash$534       compactflash
C:   000000B9  A$compactflashmpactflash$537       compactflash
C:   000000B9  C$compactflash.c$39$1_0$41         compactflash
C:   000000BB  A$compactflashmpactflash$538       compactflash
C:   000000BD  A$compactflashmpactflash$539       compactflash
C:   000000C0  A$compactflashmpactflash$540       compactflash
C:   000000C2  A$compactflashmpactflash$543       compactflash
C:   000000C2  C$compactflash.c$41$1_0$41         compactflash
C:   000000C4  A$compactflashmpactflash$544       compactflash
C:   000000C6  A$compactflashmpactflash$545       compactflash
C:   000000C7  A$compactflashmpactflash$546       compactflash
C:   000000C9  A$compactflashmpactflash$547       compactflash
C:   000000CC  A$compactflashmpactflash$548       compactflash
C:   000000CD  A$compactflashmpactflash$549       compactflash
C:   000000CE  A$compactflashmpactflash$552       compactflash
C:   000000CE  C$compactflash.c$43$1_0$41         compactflash
C:   000000D0  A$compactflashmpactflash$553       compactflash
C:   000000D2  A$compactflashmpactflash$554       compactflash
C:   000000D5  A$compactflashmpactflash$557       compactflash
C:   000000D5  C$compactflash.c$45$1_0$41         compactflash
C:   000000D7  A$compactflashmpactflash$558       compactflash
C:   000000D9  A$compactflashmpactflash$559       compactflash
C:   000000DA  A$compactflashmpactflash$560       compactflash
C:   000000DB  A$compactflashmpactflash$561       compactflash
C:   000000DD  A$compactflashmpactflash$562       compactflash
C:   000000E0  A$compactflashmpactflash$563       compactflash
C:   000000E1  A$compactflashmpactflash$564       compactflash
C:   000000E2  A$compactflashmpactflash$567       compactflash
C:   000000E2  C$compactflash.c$47$1_0$41         compactflash
ASxxxx Linker V03.00 + NoICE + sdld,  page 21.
Hexadecimal  [32-Bits]

Area                                    Addr        Size        Decimal Bytes (Attributes)
--------------------------------        ----        ----        ------- ----- ------------
CSEG                                00000062    00003CB7 =       15543. bytes (REL,CON,CODE)

      Value  Global                              Global Defined In Module
      -----  --------------------------------   ------------------------
C:   000000E4  A$compactflashmpactflash$568       compactflash
C:   000000E6  A$compactflashmpactflash$569       compactflash
C:   000000E8  A$compactflashmpactflash$570       compactflash
C:   000000EA  A$compactflashmpactflash$571       compactflash
C:   000000EC  A$compactflashmpactflash$572       compactflash
C:   000000EE  A$compactflashmpactflash$573       compactflash
C:   000000F1  A$compactflashmpactflash$574       compactflash
C:   000000F4  A$compactflashmpactflash$575       compactflash
C:   000000F6  A$compactflashmpactflash$576       compactflash
C:   000000F8  A$compactflashmpactflash$577       compactflash
C:   000000FA  A$compactflashmpactflash$578       compactflash
C:   000000FC  A$compactflashmpactflash$581       compactflash
C:   000000FC  C$compactflash.c$48$1_0$41         compactflash
C:   000000FE  A$compactflashmpactflash$582       compactflash
C:   00000100  A$compactflashmpactflash$583       compactflash
C:   00000103  A$compactflashmpactflash$584       compactflash
C:   00000105  A$compactflashmpactflash$587       compactflash
C:   00000105  C$compactflash.c$50$1_0$41         compactflash
C:   00000107  A$compactflashmpactflash$588       compactflash
C:   00000109  A$compactflashmpactflash$589       compactflash
C:   0000010A  A$compactflashmpactflash$590       compactflash
C:   0000010B  A$compactflashmpactflash$591       compactflash
C:   0000010C  A$compactflashmpactflash$592       compactflash
C:   0000010E  A$compactflashmpactflash$593       compactflash
C:   00000111  A$compactflashmpactflash$594       compactflash
C:   00000112  A$compactflashmpactflash$595       compactflash
C:   00000113  A$compactflashmpactflash$598       compactflash
C:   00000113  C$compactflash.c$52$1_0$41         compactflash
C:   00000115  A$compactflashmpactflash$599       compactflash
C:   00000117  A$compactflashmpactflash$600       compactflash
C:   0000011A  A$compactflashmpactflash$603       compactflash
C:   0000011A  C$compactflash.c$54$1_0$41         compactflash
C:   0000011C  A$compactflashmpactflash$604       compactflash
C:   0000011E  A$compactflashmpactflash$605       compactflash
C:   0000011F  A$compactflashmpactflash$606       compactflash
C:   00000120  A$compactflashmpactflash$607       compactflash
C:   00000121  A$compactflashmpactflash$608       compactflash
C:   00000122  A$compactflashmpactflash$609       compactflash
C:   00000124  A$compactflashmpactflash$610       compactflash
C:   00000127  A$compactflashmpactflash$611       compactflash
C:   0000012A  A$compactflashmpactflash$612       compactflash
C:   0000012D  A$compactflashmpactflash$613       compactflash
C:   0000012E  A$compactflashmpactflash$614       compactflash
C:   0000012F  A$compactflashmpactflash$617       compactflash
C:   0000012F  C$compactflash.c$56$1_0$41         compactflash
C:   00000131  A$compactflashmpactflash$618       compactflash
C:   00000133  A$compactflashmpactflash$619       compactflash
C:   00000135  A$compactflashmpactflash$620       compactflash
C:   00000137  A$compactflashmpactflash$621       compactflash
C:   00000139  A$compactflashmpactflash$622       compactflash
C:   0000013B  A$compactflashmpactflash$623       compactflash
ASxxxx Linker V03.00 + NoICE + sdld,  page 22.
Hexadecimal  [32-Bits]

Area                                    Addr        Size        Decimal Bytes (Attributes)
--------------------------------        ----        ----        ------- ----- ------------
CSEG                                00000062    00003CB7 =       15543. bytes (REL,CON,CODE)

      Value  Global                              Global Defined In Module
      -----  --------------------------------   ------------------------
C:   0000013E  A$compactflashmpactflash$624       compactflash
C:   00000141  A$compactflashmpactflash$625       compactflash
C:   00000143  A$compactflashmpactflash$626       compactflash
C:   00000145  A$compactflashmpactflash$627       compactflash
C:   00000147  A$compactflashmpactflash$628       compactflash
C:   00000149  A$compactflashmpactflash$631       compactflash
C:   00000149  C$compactflash.c$58$2_0$42         compactflash
C:   0000014B  A$compactflashmpactflash$632       compactflash
C:   0000014D  A$compactflashmpactflash$633       compactflash
C:   0000014E  A$compactflashmpactflash$634       compactflash
C:   0000014F  A$compactflashmpactflash$635       compactflash
C:   00000150  A$compactflashmpactflash$636       compactflash
C:   00000151  A$compactflashmpactflash$637       compactflash
C:   00000152  A$compactflashmpactflash$638       compactflash
C:   00000154  A$compactflashmpactflash$639       compactflash
C:   00000156  A$compactflashmpactflash$640       compactflash
C:   00000157  A$compactflashmpactflash$641       compactflash
C:   00000159  A$compactflashmpactflash$642       compactflash
C:   0000015A  A$compactflashmpactflash$643       compactflash
C:   0000015C  A$compactflashmpactflash$645       compactflash
C:   0000015E  A$compactflashmpactflash$646       compactflash
C:   00000160  A$compactflashmpactflash$647       compactflash
C:   00000161  A$compactflashmpactflash$648       compactflash
C:   00000164  A$compactflashmpactflash$649       compactflash
C:   00000165  A$compactflashmpactflash$651       compactflash
C:   00000166  A$compactflashmpactflash$652       compactflash
C:   00000167  A$compactflashmpactflash$653       compactflash
C:   00000169  A$compactflashmpactflash$654       compactflash
C:   0000016C  A$compactflashmpactflash$658       compactflash
C:   0000016C  C$compactflash.c$60$2_0$42         compactflash
C:   0000016E  A$compactflashmpactflash$659       compactflash
C:   00000170  A$compactflashmpactflash$660       compactflash
C:   00000172  A$compactflashmpactflash$661       compactflash
C:   00000174  A$compactflashmpactflash$662       compactflash
C:   00000176  A$compactflashmpactflash$663       compactflash
C:   00000178  A$compactflashmpactflash$664       compactflash
C:   0000017A  A$compactflashmpactflash$665       compactflash
C:   0000017C  A$compactflashmpactflash$666       compactflash
C:   0000017E  A$compactflashmpactflash$667       compactflash
C:   00000181  A$compactflashmpactflash$668       compactflash
C:   00000184  A$compactflashmpactflash$669       compactflash
C:   00000186  A$compactflashmpactflash$670       compactflash
C:   00000188  A$compactflashmpactflash$671       compactflash
C:   0000018A  A$compactflashmpactflash$672       compactflash
C:   0000018C  A$compactflashmpactflash$673       compactflash
C:   0000018E  A$compactflashmpactflash$674       compactflash
C:   00000190  A$compactflashmpactflash$680       compactflash
C:   00000190  C$compactflash.c$61$2_0$42         compactflash
C:   00000190  C$compactflash.c$63$3_0$43         compactflash
C:   00000192  A$compactflashmpactflash$681       compactflash
C:   00000194  A$compactflashmpactflash$682       compactflash
ASxxxx Linker V03.00 + NoICE + sdld,  page 23.
Hexadecimal  [32-Bits]

Area                                    Addr        Size        Decimal Bytes (Attributes)
--------------------------------        ----        ----        ------- ----- ------------
CSEG                                00000062    00003CB7 =       15543. bytes (REL,CON,CODE)

      Value  Global                              Global Defined In Module
      -----  --------------------------------   ------------------------
C:   00000196  A$compactflashmpactflash$683       compactflash
C:   00000198  A$compactflashmpactflash$684       compactflash
C:   0000019A  A$compactflashmpactflash$685       compactflash
C:   0000019C  A$compactflashmpactflash$686       compactflash
C:   0000019E  A$compactflashmpactflash$687       compactflash
C:   000001A0  A$compactflashmpactflash$688       compactflash
C:   000001A2  A$compactflashmpactflash$689       compactflash
C:   000001A5  A$compactflashmpactflash$690       compactflash
C:   000001A8  A$compactflashmpactflash$691       compactflash
C:   000001AA  A$compactflashmpactflash$692       compactflash
C:   000001AC  A$compactflashmpactflash$693       compactflash
C:   000001AE  A$compactflashmpactflash$694       compactflash
C:   000001B0  A$compactflashmpactflash$695       compactflash
C:   000001B2  A$compactflashmpactflash$696       compactflash
C:   000001B4  A$compactflashmpactflash$699       compactflash
C:   000001B4  C$compactflash.c$64$3_0$43         compactflash
C:   000001B6  A$compactflashmpactflash$700       compactflash
C:   000001B8  A$compactflashmpactflash$701       compactflash
C:   000001BA  A$compactflashmpactflash$702       compactflash
C:   000001BC  A$compactflashmpactflash$703       compactflash
C:   000001BF  A$compactflashmpactflash$706       compactflash
C:   000001BF  C$compactflash.c$66$3_0$43         compactflash
C:   000001C1  A$compactflashmpactflash$707       compactflash
C:   000001C3  A$compactflashmpactflash$708       compactflash
C:   000001C5  A$compactflashmpactflash$709       compactflash
C:   000001C7  A$compactflashmpactflash$710       compactflash
C:   000001C9  A$compactflashmpactflash$711       compactflash
C:   000001CB  A$compactflashmpactflash$712       compactflash
C:   000001CE  A$compactflashmpactflash$713       compactflash
C:   000001D1  A$compactflashmpactflash$714       compactflash
C:   000001D3  A$compactflashmpactflash$715       compactflash
C:   000001D5  A$compactflashmpactflash$716       compactflash
C:   000001D7  A$compactflashmpactflash$719       compactflash
C:   000001D7  C$compactflash.c$67$3_0$43         compactflash
C:   000001DA  A$compactflashmpactflash$720       compactflash
C:   000001DC  A$compactflashmpactflash$721       compactflash
C:   000001DD  A$compactflashmpactflash$724       compactflash
C:   000001DD  C$compactflash.c$69$3_0$43         compactflash
C:   000001DF  A$compactflashmpactflash$725       compactflash
C:   000001E1  A$compactflashmpactflash$726       compactflash
C:   000001E3  A$compactflashmpactflash$727       compactflash
C:   000001E5  A$compactflashmpactflash$728       compactflash
C:   000001E7  A$compactflashmpactflash$729       compactflash
C:   000001E9  A$compactflashmpactflash$730       compactflash
C:   000001EC  A$compactflashmpactflash$731       compactflash
C:   000001EF  A$compactflashmpactflash$732       compactflash
C:   000001F1  A$compactflashmpactflash$733       compactflash
C:   000001F3  A$compactflashmpactflash$734       compactflash
C:   000001F5  A$compactflashmpactflash$735       compactflash
C:   000001F7  A$compactflashmpactflash$736       compactflash
C:   000001F9  A$compactflashmpactflash$737       compactflash
ASxxxx Linker V03.00 + NoICE + sdld,  page 24.
Hexadecimal  [32-Bits]

Area                                    Addr        Size        Decimal Bytes (Attributes)
--------------------------------        ----        ----        ------- ----- ------------
CSEG                                00000062    00003CB7 =       15543. bytes (REL,CON,CODE)

      Value  Global                              Global Defined In Module
      -----  --------------------------------   ------------------------
C:   000001FB  A$compactflashmpactflash$740       compactflash
C:   000001FB  C$compactflash.c$70$3_0$43         compactflash
C:   000001FD  A$compactflashmpactflash$741       compactflash
C:   000001FF  A$compactflashmpactflash$742       compactflash
C:   00000201  A$compactflashmpactflash$743       compactflash
C:   00000203  A$compactflashmpactflash$744       compactflash
C:   00000206  A$compactflashmpactflash$745       compactflash
C:   00000208  A$compactflashmpactflash$746       compactflash
C:   0000020A  A$compactflashmpactflash$747       compactflash
C:   0000020C  A$compactflashmpactflash$750       compactflash
C:   0000020C  C$compactflash.c$72$3_0$43         compactflash
C:   0000020F  A$compactflashmpactflash$751       compactflash
C:   00000210  A$compactflashmpactflash$754       compactflash
C:   00000210  C$compactflash.c$74$2_0$42         compactflash
C:   00000211  A$compactflashmpactflash$755       compactflash
C:   00000214  A$compactflashmpactflash$756       compactflash
C:   00000217  A$compactflashmpactflash$760       compactflash
C:   00000217  C$compactflash.c$76$2_0$42         compactflash
C:   00000219  A$compactflashmpactflash$761       compactflash
C:   0000021B  A$compactflashmpactflash$762       compactflash
C:   0000021D  A$compactflashmpactflash$763       compactflash
C:   0000021F  A$compactflashmpactflash$764       compactflash
C:   00000221  A$compactflashmpactflash$765       compactflash
C:   00000223  A$compactflashmpactflash$766       compactflash
C:   00000225  A$compactflashmpactflash$767       compactflash
C:   00000227  A$compactflashmpactflash$768       compactflash
C:   00000229  A$compactflashmpactflash$769       compactflash
C:   0000022C  A$compactflashmpactflash$770       compactflash
C:   0000022F  A$compactflashmpactflash$771       compactflash
C:   00000231  A$compactflashmpactflash$772       compactflash
C:   00000233  A$compactflashmpactflash$773       compactflash
C:   00000235  A$compactflashmpactflash$774       compactflash
C:   00000237  A$compactflashmpactflash$775       compactflash
C:   00000239  A$compactflashmpactflash$776       compactflash
C:   0000023B  A$compactflashmpactflash$779       compactflash
C:   0000023B  C$compactflash.c$78$1_0$41         compactflash
C:   0000023D  A$compactflashmpactflash$780       compactflash
C:   0000023E  A$compactflashmpactflash$781       compactflash
C:   0000023F  A$compactflashmpactflash$782       compactflash
C:   00000240  A$compactflashmpactflash$783       compactflash
C:   00000241  A$compactflashmpactflash$784       compactflash
C:   00000242  A$compactflashmpactflash$786       compactflash
C:   00000244  A$compactflashmpactflash$787       compactflash
C:   00000245  A$compactflashmpactflash$788       compactflash
C:   00000246  A$compactflashmpactflash$789       compactflash
C:   00000247  A$compactflashmpactflash$790       compactflash
C:   00000248  A$compactflashmpactflash$791       compactflash
C:   0000024A  A$compactflashmpactflash$792       compactflash
C:   0000024C  A$compactflashmpactflash$795       compactflash
C:   0000024C  C$compactflash.c$80$1_0$41         compactflash
C:   0000024E  A$compactflashmpactflash$796       compactflash
ASxxxx Linker V03.00 + NoICE + sdld,  page 25.
Hexadecimal  [32-Bits]

Area                                    Addr        Size        Decimal Bytes (Attributes)
--------------------------------        ----        ----        ------- ----- ------------
CSEG                                00000062    00003CB7 =       15543. bytes (REL,CON,CODE)

      Value  Global                              Global Defined In Module
      -----  --------------------------------   ------------------------
C:   00000250  A$compactflashmpactflash$797       compactflash
C:   00000252  A$compactflashmpactflash$798       compactflash
C:   00000254  A$compactflashmpactflash$799       compactflash
C:   00000256  A$compactflashmpactflash$800       compactflash
C:   00000258  A$compactflashmpactflash$801       compactflash
C:   0000025B  A$compactflashmpactflash$802       compactflash
C:   0000025D  A$compactflashmpactflash$803       compactflash
C:   0000025F  A$compactflashmpactflash$804       compactflash
C:   00000261  A$compactflashmpactflash$807       compactflash
C:   00000261  C$compactflash.c$82$3_0$44         compactflash
C:   00000263  A$compactflashmpactflash$808       compactflash
C:   00000264  A$compactflashmpactflash$809       compactflash
C:   00000266  A$compactflashmpactflash$810       compactflash
C:   00000268  A$compactflashmpactflash$811       compactflash
C:   00000269  A$compactflashmpactflash$812       compactflash
C:   0000026A  A$compactflashmpactflash$813       compactflash
C:   0000026B  A$compactflashmpactflash$814       compactflash
C:   0000026C  A$compactflashmpactflash$815       compactflash
C:   0000026D  A$compactflashmpactflash$816       compactflash
C:   0000026E  A$compactflashmpactflash$817       compactflash
C:   0000026F  A$compactflashmpactflash$818       compactflash
C:   00000270  A$compactflashmpactflash$819       compactflash
C:   00000271  A$compactflashmpactflash$820       compactflash
C:   00000273  A$compactflashmpactflash$821       compactflash
C:   00000275  A$compactflashmpactflash$822       compactflash
C:   00000276  A$compactflashmpactflash$823       compactflash
C:   00000277  A$compactflashmpactflash$824       compactflash
C:   00000278  A$compactflashmpactflash$825       compactflash
C:   00000279  A$compactflashmpactflash$826       compactflash
C:   0000027A  A$compactflashmpactflash$827       compactflash
C:   0000027B  A$compactflashmpactflash$828       compactflash
C:   0000027C  A$compactflashmpactflash$829       compactflash
C:   0000027D  A$compactflashmpactflash$830       compactflash
C:   0000027E  A$compactflashmpactflash$831       compactflash
C:   00000280  A$compactflashmpactflash$832       compactflash
C:   00000283  A$compactflashmpactflash$833       compactflash
C:   00000284  A$compactflashmpactflash$834       compactflash
C:   00000285  A$compactflashmpactflash$835       compactflash
C:   00000287  A$compactflashmpactflash$836       compactflash
C:   00000289  A$compactflashmpactflash$837       compactflash
C:   0000028B  A$compactflashmpactflash$838       compactflash
C:   0000028E  A$compactflashmpactflash$841       compactflash
C:   0000028E  C$compactflash.c$84$3_0$44         compactflash
C:   00000290  A$compactflashmpactflash$842       compactflash
C:   00000291  A$compactflashmpactflash$843       compactflash
C:   00000292  A$compactflashmpactflash$844       compactflash
C:   00000295  A$compactflashmpactflash$845       compactflash
C:   00000296  A$compactflashmpactflash$846       compactflash
C:   00000297  A$compactflashmpactflash$848       compactflash
C:   00000299  A$compactflashmpactflash$849       compactflash
C:   0000029B  A$compactflashmpactflash$850       compactflash
ASxxxx Linker V03.00 + NoICE + sdld,  page 26.
Hexadecimal  [32-Bits]

Area                                    Addr        Size        Decimal Bytes (Attributes)
--------------------------------        ----        ----        ------- ----- ------------
CSEG                                00000062    00003CB7 =       15543. bytes (REL,CON,CODE)

      Value  Global                              Global Defined In Module
      -----  --------------------------------   ------------------------
C:   0000029D  A$compactflashmpactflash$854       compactflash
C:   0000029D  C$compactflash.c$86$2_0$42         compactflash
C:   0000029F  A$compactflashmpactflash$855       compactflash
C:   000002A1  A$compactflashmpactflash$856       compactflash
C:   000002A2  A$compactflashmpactflash$857       compactflash
C:   000002A4  A$compactflashmpactflash$858       compactflash
C:   000002A5  A$compactflashmpactflash$859       compactflash
C:   000002A6  A$compactflashmpactflash$860       compactflash
C:   000002A7  A$compactflashmpactflash$863       compactflash
C:   000002A7  C$compactflash.c$87$2_0$42         compactflash
C:   000002A9  A$compactflashmpactflash$864       compactflash
C:   000002AB  A$compactflashmpactflash$865       compactflash
C:   000002AD  A$compactflashmpactflash$866       compactflash
C:   000002AF  A$compactflashmpactflash$867       compactflash
C:   000002B1  A$compactflashmpactflash$868       compactflash
C:   000002B3  A$compactflashmpactflash$869       compactflash
C:   000002B5  A$compactflashmpactflash$870       compactflash
C:   000002B7  A$compactflashmpactflash$871       compactflash
C:   000002B9  A$compactflashmpactflash$872       compactflash
C:   000002BC  A$compactflashmpactflash$873       compactflash
C:   000002BF  A$compactflashmpactflash$874       compactflash
C:   000002C1  A$compactflashmpactflash$875       compactflash
C:   000002C3  A$compactflashmpactflash$876       compactflash
C:   000002C5  A$compactflashmpactflash$877       compactflash
C:   000002C7  A$compactflashmpactflash$878       compactflash
C:   000002C9  A$compactflashmpactflash$879       compactflash
C:   000002CB  A$compactflashmpactflash$880       compactflash
C:   000002CE  A$compactflashmpactflash$884       compactflash
C:   000002CE  C$compactflash.c$90$1_0$41         compactflash
C:   000002D0  A$compactflashmpactflash$885       compactflash
C:   000002D2  A$compactflashmpactflash$886       compactflash
C:   000002D4  A$compactflashmpactflash$887       compactflash
C:   000002D6  A$compactflashmpactflash$888       compactflash
C:   000002D8  A$compactflashmpactflash$889       compactflash
C:   000002DA  A$compactflashmpactflash$890       compactflash
C:   000002DD  A$compactflashmpactflash$891       compactflash
C:   000002E0  A$compactflashmpactflash$892       compactflash
C:   000002E2  A$compactflashmpactflash$893       compactflash
C:   000002E4  A$compactflashmpactflash$894       compactflash
C:   000002E6  A$compactflashmpactflash$897       compactflash
C:   000002E9  A$compactflashmpactflash$898       compactflash
C:   000002EB  A$compactflashmpactflash$901       compactflash
C:   000002EB  C$compactflash.c$91$1_0$41         compactflash
C:   000002EB  XG$cfReadSector$0$0                compactflash
C:   000002EC  A$compactflashmpactflash$920       compactflash
C:   000002EC  C$compactflash.c$93$1_0$46         compactflash
C:   000002EC  G$cfWriteSector$0$0                compactflash
C:   000002EC  _cfWriteSector                     compactflash
C:   000002EE  A$compactflashmpactflash$921       compactflash
C:   000002F1  A$compactflashmpactflash$922       compactflash
C:   000002F3  A$compactflashmpactflash$923       compactflash
ASxxxx Linker V03.00 + NoICE + sdld,  page 27.
Hexadecimal  [32-Bits]

Area                                    Addr        Size        Decimal Bytes (Attributes)
--------------------------------        ----        ----        ------- ----- ------------
CSEG                                00000062    00003CB7 =       15543. bytes (REL,CON,CODE)

      Value  Global                              Global Defined In Module
      -----  --------------------------------   ------------------------
C:   000002F5  A$compactflashmpactflash$928       compactflash
C:   000002F5  C$compactflash.c$100$1_0$46        compactflash
C:   000002F5  C$compactflash.c$99$1_0$46         compactflash
C:   000002F7  A$compactflashmpactflash$929       compactflash
C:   000002FA  A$compactflashmpactflash$930       compactflash
C:   000002FC  A$compactflashmpactflash$931       compactflash
C:   000002FF  A$compactflashmpactflash$932       compactflash
C:   00000301  A$compactflashmpactflash$935       compactflash
C:   00000301  C$compactflash.c$102$1_0$46        compactflash
C:   00000304  A$compactflashmpactflash$938       compactflash
C:   00000304  C$compactflash.c$103$1_0$46        compactflash
C:   00000307  A$compactflashmpactflash$939       compactflash
C:   00000309  A$compactflashmpactflash$940       compactflash
C:   0000030A  A$compactflashmpactflash$943       compactflash
C:   0000030A  C$compactflash.c$105$1_0$46        compactflash
C:   0000030D  A$compactflashmpactflash$946       compactflash
C:   0000030D  C$compactflash.c$106$1_0$46        compactflash
C:   0000030F  A$compactflashmpactflash$947       compactflash
C:   00000311  A$compactflashmpactflash$948       compactflash
C:   00000314  A$compactflashmpactflash$949       compactflash
C:   00000316  A$compactflashmpactflash$952       compactflash
C:   00000316  C$compactflash.c$108$1_0$46        compactflash
C:   00000319  A$compactflashmpactflash$955       compactflash
C:   00000319  C$compactflash.c$109$1_0$46        compactflash
C:   0000031B  A$compactflashmpactflash$956       compactflash
C:   0000031D  A$compactflashmpactflash$957       compactflash
C:   0000031E  A$compactflashmpactflash$958       compactflash
C:   00000320  A$compactflashmpactflash$959       compactflash
C:   00000323  A$compactflashmpactflash$960       compactflash
C:   00000324  A$compactflashmpactflash$961       compactflash
C:   00000325  A$compactflashmpactflash$964       compactflash
C:   00000325  C$compactflash.c$111$1_0$46        compactflash
C:   00000328  A$compactflashmpactflash$967       compactflash
C:   00000328  C$compactflash.c$112$1_0$46        compactflash
C:   0000032A  A$compactflashmpactflash$968       compactflash
C:   0000032C  A$compactflashmpactflash$969       compactflash
C:   0000032F  A$compactflashmpactflash$970       compactflash
C:   00000331  A$compactflashmpactflash$973       compactflash
C:   00000331  C$compactflash.c$114$1_0$46        compactflash
C:   00000334  A$compactflashmpactflash$976       compactflash
C:   00000334  C$compactflash.c$115$1_0$46        compactflash
C:   00000336  A$compactflashmpactflash$977       compactflash
C:   00000338  A$compactflashmpactflash$978       compactflash
C:   00000339  A$compactflashmpactflash$979       compactflash
C:   0000033A  A$compactflashmpactflash$980       compactflash
C:   0000033C  A$compactflashmpactflash$981       compactflash
C:   0000033F  A$compactflashmpactflash$982       compactflash
C:   00000340  A$compactflashmpactflash$983       compactflash
C:   00000341  A$compactflashmpactflash$986       compactflash
C:   00000341  C$compactflash.c$117$1_0$46        compactflash
C:   00000344  A$compactflashmpactflash$989       compactflash
ASxxxx Linker V03.00 + NoICE + sdld,  page 28.
Hexadecimal  [32-Bits]

Area                                    Addr        Size        Decimal Bytes (Attributes)
--------------------------------        ----        ----        ------- ----- ------------
CSEG                                00000062    00003CB7 =       15543. bytes (REL,CON,CODE)

      Value  Global                              Global Defined In Module
      -----  --------------------------------   ------------------------
C:   00000344  C$compactflash.c$118$1_0$46        compactflash
C:   00000346  A$compactflashmpactflash$990       compactflash
C:   00000348  A$compactflashmpactflash$991       compactflash
C:   0000034B  A$compactflashmpactflash$992       compactflash
C:   0000034D  A$compactflashmpactflash$995       compactflash
C:   0000034D  C$compactflash.c$120$1_0$46        compactflash
C:   00000350  A$compactflashmpactflash$998       compactflash
C:   00000350  C$compactflash.c$121$1_0$46        compactflash
C:   00000352  A$compactflashmpactflash$999       compactflash
C:   00000354  A$compactflashmpactflash$1000      compactflash
C:   00000355  A$compactflashmpactflash$1001      compactflash
C:   00000356  A$compactflashmpactflash$1002      compactflash
C:   00000357  A$compactflashmpactflash$1003      compactflash
C:   00000359  A$compactflashmpactflash$1004      compactflash
C:   0000035C  A$compactflashmpactflash$1005      compactflash
C:   0000035D  A$compactflashmpactflash$1006      compactflash
C:   0000035E  A$compactflashmpactflash$1009      compactflash
C:   0000035E  C$compactflash.c$123$1_0$46        compactflash
C:   00000361  A$compactflashmpactflash$1012      compactflash
C:   00000361  C$compactflash.c$124$1_0$46        compactflash
C:   00000363  A$compactflashmpactflash$1013      compactflash
C:   00000365  A$compactflashmpactflash$1014      compactflash
C:   00000368  A$compactflashmpactflash$1015      compactflash
C:   0000036A  A$compactflashmpactflash$1018      compactflash
C:   0000036A  C$compactflash.c$126$1_0$46        compactflash
C:   0000036D  A$compactflashmpactflash$1021      compactflash
C:   0000036D  C$compactflash.c$127$1_0$46        compactflash
C:   0000036F  A$compactflashmpactflash$1022      compactflash
C:   00000371  A$compactflashmpactflash$1023      compactflash
C:   00000372  A$compactflashmpactflash$1024      compactflash
C:   00000373  A$compactflashmpactflash$1025      compactflash
C:   00000374  A$compactflashmpactflash$1026      compactflash
C:   00000375  A$compactflashmpactflash$1027      compactflash
C:   00000377  A$compactflashmpactflash$1028      compactflash
C:   00000379  A$compactflashmpactflash$1029      compactflash
C:   0000037C  A$compactflashmpactflash$1030      compactflash
C:   0000037F  A$compactflashmpactflash$1031      compactflash
C:   00000380  A$compactflashmpactflash$1032      compactflash
C:   00000381  A$compactflashmpactflash$1035      compactflash
C:   00000381  C$compactflash.c$130$1_0$46        compactflash
C:   00000383  A$compactflashmpactflash$1036      compactflash
C:   00000384  A$compactflashmpactflash$1037      compactflash
C:   00000385  A$compactflashmpactflash$1038      compactflash
C:   00000386  A$compactflashmpactflash$1039      compactflash
C:   00000387  A$compactflashmpactflash$1040      compactflash
C:   00000388  A$compactflashmpactflash$1041      compactflash
C:   0000038A  A$compactflashmpactflash$1042      compactflash
C:   0000038C  A$compactflashmpactflash$1043      compactflash
C:   0000038D  A$compactflashmpactflash$1044      compactflash
C:   0000038F  A$compactflashmpactflash$1045      compactflash
C:   00000390  A$compactflashmpactflash$1046      compactflash
ASxxxx Linker V03.00 + NoICE + sdld,  page 29.
Hexadecimal  [32-Bits]

Area                                    Addr        Size        Decimal Bytes (Attributes)
--------------------------------        ----        ----        ------- ----- ------------
CSEG                                00000062    00003CB7 =       15543. bytes (REL,CON,CODE)

      Value  Global                              Global Defined In Module
      -----  --------------------------------   ------------------------
C:   00000392  A$compactflashmpactflash$1048      compactflash
C:   00000394  A$compactflashmpactflash$1049      compactflash
C:   00000396  A$compactflashmpactflash$1050      compactflash
C:   00000397  A$compactflashmpactflash$1051      compactflash
C:   0000039A  A$compactflashmpactflash$1052      compactflash
C:   0000039B  A$compactflashmpactflash$1054      compactflash
C:   0000039C  A$compactflashmpactflash$1055      compactflash
C:   0000039D  A$compactflashmpactflash$1056      compactflash
C:   0000039F  A$compactflashmpactflash$1057      compactflash
C:   000003A2  A$compactflashmpactflash$1064      compactflash
C:   000003A2  C$compactflash.c$132$2_0$47        compactflash
C:   000003A2  C$compactflash.c$134$3_0$48        compactflash
C:   000003A5  A$compactflashmpactflash$1067      compactflash
C:   000003A5  C$compactflash.c$135$3_0$48        compactflash
C:   000003A7  A$compactflashmpactflash$1068      compactflash
C:   000003A9  A$compactflashmpactflash$1069      compactflash
C:   000003AB  A$compactflashmpactflash$1070      compactflash
C:   000003AD  A$compactflashmpactflash$1071      compactflash
C:   000003B0  A$compactflashmpactflash$1072      compactflash
C:   000003B2  A$compactflashmpactflash$1073      compactflash
C:   000003B4  A$compactflashmpactflash$1074      compactflash
C:   000003B6  A$compactflashmpactflash$1077      compactflash
C:   000003B6  C$compactflash.c$137$3_0$48        compactflash
C:   000003B9  A$compactflashmpactflash$1080      compactflash
C:   000003B9  C$compactflash.c$138$3_0$48        compactflash
C:   000003BC  A$compactflashmpactflash$1081      compactflash
C:   000003BE  A$compactflashmpactflash$1082      compactflash
C:   000003BF  A$compactflashmpactflash$1085      compactflash
C:   000003BF  C$compactflash.c$140$3_0$48        compactflash
C:   000003C2  A$compactflashmpactflash$1088      compactflash
C:   000003C2  C$compactflash.c$141$3_0$48        compactflash
C:   000003C4  A$compactflashmpactflash$1089      compactflash
C:   000003C6  A$compactflashmpactflash$1090      compactflash
C:   000003C8  A$compactflashmpactflash$1091      compactflash
C:   000003CA  A$compactflashmpactflash$1092      compactflash
C:   000003CD  A$compactflashmpactflash$1093      compactflash
C:   000003CF  A$compactflashmpactflash$1094      compactflash
C:   000003D1  A$compactflashmpactflash$1095      compactflash
C:   000003D3  A$compactflashmpactflash$1098      compactflash
C:   000003D3  C$compactflash.c$143$3_0$48        compactflash
C:   000003D6  A$compactflashmpactflash$1101      compactflash
C:   000003D6  C$compactflash.c$144$3_0$48        compactflash
C:   000003D9  A$compactflashmpactflash$1102      compactflash
C:   000003DA  A$compactflashmpactflash$1107      compactflash
C:   000003DA  C$compactflash.c$146$3_0$48        compactflash
C:   000003DA  C$compactflash.c$148$2_0$47        compactflash
C:   000003DD  A$compactflashmpactflash$1108      compactflash
C:   000003E0  A$compactflashmpactflash$1111      compactflash
C:   000003E0  C$compactflash.c$151$1_0$46        compactflash
C:   000003E2  A$compactflashmpactflash$1112      compactflash
C:   000003E4  A$compactflashmpactflash$1114      compactflash
ASxxxx Linker V03.00 + NoICE + sdld,  page 30.
Hexadecimal  [32-Bits]

Area                                    Addr        Size        Decimal Bytes (Attributes)
--------------------------------        ----        ----        ------- ----- ------------
CSEG                                00000062    00003CB7 =       15543. bytes (REL,CON,CODE)

      Value  Global                              Global Defined In Module
      -----  --------------------------------   ------------------------
C:   000003E6  A$compactflashmpactflash$1115      compactflash
C:   000003E7  A$compactflashmpactflash$1116      compactflash
C:   000003E9  A$compactflashmpactflash$1119      compactflash
C:   000003E9  C$compactflash.c$153$1_0$46        compactflash
C:   000003EB  A$compactflashmpactflash$1120      compactflash
C:   000003ED  A$compactflashmpactflash$1121      compactflash
C:   000003F0  A$compactflashmpactflash$1124      compactflash
C:   000003F0  C$compactflash.c$154$3_0$49        compactflash
C:   000003F2  A$compactflashmpactflash$1125      compactflash
C:   000003F4  A$compactflashmpactflash$1126      compactflash
C:   000003F6  A$compactflashmpactflash$1127      compactflash
C:   000003F8  A$compactflashmpactflash$1128      compactflash
C:   000003FA  A$compactflashmpactflash$1129      compactflash
C:   000003FC  A$compactflashmpactflash$1130      compactflash
C:   000003FF  A$compactflashmpactflash$1131      compactflash
C:   00000401  A$compactflashmpactflash$1132      compactflash
C:   00000403  A$compactflashmpactflash$1133      compactflash
C:   00000405  A$compactflashmpactflash$1134      compactflash
C:   00000407  A$compactflashmpactflash$1135      compactflash
C:   00000409  A$compactflashmpactflash$1138      compactflash
C:   00000409  C$compactflash.c$156$3_0$49        compactflash
C:   0000040C  A$compactflashmpactflash$1141      compactflash
C:   0000040C  C$compactflash.c$157$3_0$49        compactflash
C:   0000040E  A$compactflashmpactflash$1142      compactflash
C:   0000040F  A$compactflashmpactflash$1143      compactflash
C:   00000410  A$compactflashmpactflash$1144      compactflash
C:   00000411  A$compactflashmpactflash$1145      compactflash
C:   00000412  A$compactflashmpactflash$1146      compactflash
C:   00000413  A$compactflashmpactflash$1147      compactflash
C:   00000414  A$compactflashmpactflash$1148      compactflash
C:   00000415  A$compactflashmpactflash$1149      compactflash
C:   00000416  A$compactflashmpactflash$1150      compactflash
C:   00000418  A$compactflashmpactflash$1151      compactflash
C:   0000041A  A$compactflashmpactflash$1152      compactflash
C:   0000041B  A$compactflashmpactflash$1153      compactflash
C:   0000041C  A$compactflashmpactflash$1154      compactflash
C:   0000041D  A$compactflashmpactflash$1155      compactflash
C:   0000041E  A$compactflashmpactflash$1156      compactflash
C:   0000041F  A$compactflashmpactflash$1157      compactflash
C:   00000420  A$compactflashmpactflash$1158      compactflash
C:   00000421  A$compactflashmpactflash$1159      compactflash
C:   00000422  A$compactflashmpactflash$1160      compactflash
C:   00000423  A$compactflashmpactflash$1161      compactflash
C:   00000425  A$compactflashmpactflash$1162      compactflash
C:   00000427  A$compactflashmpactflash$1163      compactflash
C:   00000429  A$compactflashmpactflash$1164      compactflash
C:   0000042B  A$compactflashmpactflash$1165      compactflash
C:   0000042E  A$compactflashmpactflash$1166      compactflash
C:   0000042F  A$compactflashmpactflash$1167      compactflash
C:   00000432  A$compactflashmpactflash$1168      compactflash
C:   00000433  A$compactflashmpactflash$1171      compactflash
ASxxxx Linker V03.00 + NoICE + sdld,  page 31.
Hexadecimal  [32-Bits]

Area                                    Addr        Size        Decimal Bytes (Attributes)
--------------------------------        ----        ----        ------- ----- ------------
CSEG                                00000062    00003CB7 =       15543. bytes (REL,CON,CODE)

      Value  Global                              Global Defined In Module
      -----  --------------------------------   ------------------------
C:   00000433  C$compactflash.c$159$3_0$49        compactflash
C:   00000434  A$compactflashmpactflash$1172      compactflash
C:   00000437  A$compactflashmpactflash$1173      compactflash
C:   00000438  A$compactflashmpactflash$1177      compactflash
C:   00000438  C$compactflash.c$161$3_0$49        compactflash
C:   0000043B  A$compactflashmpactflash$1178      compactflash
C:   0000043D  A$compactflashmpactflash$1179      compactflash
C:   0000043F  A$compactflashmpactflash$1180      compactflash
C:   00000441  A$compactflashmpactflash$1184      compactflash
C:   00000441  C$compactflash.c$163$2_0$47        compactflash
C:   00000443  A$compactflashmpactflash$1185      compactflash
C:   00000444  A$compactflashmpactflash$1186      compactflash
C:   00000446  A$compactflashmpactflash$1187      compactflash
C:   00000447  A$compactflashmpactflash$1188      compactflash
C:   00000448  A$compactflashmpactflash$1189      compactflash
C:   00000449  A$compactflashmpactflash$1190      compactflash
C:   0000044C  A$compactflashmpactflash$1194      compactflash
C:   0000044C  C$compactflash.c$166$1_0$46        compactflash
C:   0000044F  A$compactflashmpactflash$1197      compactflash
C:   00000452  A$compactflashmpactflash$1198      compactflash
C:   00000454  A$compactflashmpactflash$1201      compactflash
C:   00000454  C$compactflash.c$167$1_0$46        compactflash
C:   00000454  XG$cfWriteSector$0$0               compactflash
C:   00000455  A$compactflashmpactflash$1216      compactflash
C:   00000455  C$compactflash.c$169$1_0$51        compactflash
C:   00000455  C$compactflash.c$171$1_0$51        compactflash
C:   00000455  G$cfDiskGetSectorCount$0$0         compactflash
C:   00000455  _cfDiskGetSectorCount              compactflash
C:   00000458  A$compactflashmpactflash$1217      compactflash
C:   00000459  A$compactflashmpactflash$1218      compactflash
C:   0000045B  A$compactflashmpactflash$1223      compactflash
C:   0000045B  C$compactflash.c$172$1_0$51        compactflash
C:   0000045B  XG$cfDiskGetSectorCount$0$0        compactflash
C:   0000045C  A$delayebug\delay$400              delay
C:   0000045C  C$delay.c$26$1_0$4                 delay
C:   0000045C  C$delay.c$5$0_0$4                  delay
C:   0000045C  G$delay_us$0$0                     delay
C:   0000045C  _delay_us                          delay
C:   0000045E  A$delayebug\delay$401              delay
C:   00000460  A$delayebug\delay$402              delay
C:   00000462  A$delayebug\delay$403              delay
C:   00000463  A$delayebug\delay$404              delay
C:   00000465  A$delayebug\delay$405              delay
C:   00000467  A$delayebug\delay$406              delay
C:   00000468  A$delayebug\delay$407              delay
C:   0000046A  A$delayebug\delay$408              delay
C:   0000046C  A$delayebug\delay$410              delay
C:   0000046E  A$delayebug\delay$412              delay
C:   00000470  A$delayebug\delay$413              delay
C:   00000472  A$delayebug\delay$414              delay
C:   00000474  A$delayebug\delay$415              delay
ASxxxx Linker V03.00 + NoICE + sdld,  page 32.
Hexadecimal  [32-Bits]

Area                                    Addr        Size        Decimal Bytes (Attributes)
--------------------------------        ----        ----        ------- ----- ------------
CSEG                                00000062    00003CB7 =       15543. bytes (REL,CON,CODE)

      Value  Global                              Global Defined In Module
      -----  --------------------------------   ------------------------
C:   00000476  A$delayebug\delay$420              delay
C:   00000476  C$delay.c$27$1_0$4                 delay
C:   00000476  XG$delay_us$0$0                    delay
C:   00000477  A$delayebug\delay$435              delay
C:   00000477  C$delay.c$29$1_0$6                 delay
C:   00000477  C$delay.c$57$1_0$6                 delay
C:   00000477  G$delay_ms$0$0                     delay
C:   00000477  _delay_ms                          delay
C:   00000479  A$delayebug\delay$436              delay
C:   0000047B  A$delayebug\delay$437              delay
C:   0000047D  A$delayebug\delay$438              delay
C:   0000047F  A$delayebug\delay$439              delay
C:   00000481  A$delayebug\delay$440              delay
C:   00000482  A$delayebug\delay$441              delay
C:   00000484  A$delayebug\delay$442              delay
C:   00000486  A$delayebug\delay$443              delay
C:   00000487  A$delayebug\delay$444              delay
C:   00000489  A$delayebug\delay$445              delay
C:   0000048B  A$delayebug\delay$447              delay
C:   0000048D  A$delayebug\delay$449              delay
C:   0000048F  A$delayebug\delay$451              delay
C:   00000491  A$delayebug\delay$453              delay
C:   00000493  A$delayebug\delay$454              delay
C:   00000495  A$delayebug\delay$455              delay
C:   00000497  A$delayebug\delay$456              delay
C:   00000499  A$delayebug\delay$457              delay
C:   0000049B  A$delayebug\delay$458              delay
C:   0000049D  A$delayebug\delay$459              delay
C:   0000049F  A$delayebug\delay$460              delay
C:   000004A1  A$delayebug\delay$465              delay
C:   000004A1  C$delay.c$58$1_0$6                 delay
C:   000004A1  XG$delay_ms$0$0                    delay
C:   000004A2  A$led\Debug\led$399                led
C:   000004A2  C$led.c$6$0_0$4                    led
C:   000004A2  C$led.c$8$0_0$4                    led
C:   000004A2  G$ledInit$0$0                      led
C:   000004A2  XG$ledInit$0$0                     led
C:   000004A2  _ledInit                           led
C:   000004A3  A$mainDebug\main$430               main
C:   000004A3  C$main.c$13$1_0$25                 main
C:   000004A3  C$main.c$7$0_0$25                  main
C:   000004A3  G$main$0$0                         main
C:   000004A3  _main                              main
C:   000004A6  A$mainDebug\main$433               main
C:   000004A6  C$main.c$20$2_0$26                 main
C:   000004A9  A$mainDebug\main$434               main
C:   000004AA  A$mainDebug\main$435               main
C:   000004AB  A$mainDebug\main$438               main
C:   000004AB  C$main.c$22$2_0$26                 main
C:   000004AE  A$mainDebug\main$441               main
C:   000004AE  C$main.c$38$2_0$26                 main
ASxxxx Linker V03.00 + NoICE + sdld,  page 33.
Hexadecimal  [32-Bits]

Area                                    Addr        Size        Decimal Bytes (Attributes)
--------------------------------        ----        ----        ------- ----- ------------
CSEG                                00000062    00003CB7 =       15543. bytes (REL,CON,CODE)

      Value  Global                              Global Defined In Module
      -----  --------------------------------   ------------------------
C:   000004B1  A$mainDebug\main$442               main
C:   000004B4  A$mainDebug\main$446               main
C:   000004B4  C$main.c$50$1_0$25                 main
C:   000004B6  A$mainDebug\main$451               main
C:   000004B6  C$main.c$51$1_0$25                 main
C:   000004B6  XG$main$0$0                        main
C:   000004B7  A$diskiobug\pff3a\diskio$419       diskio
C:   000004B7  C$diskio.c$12$0_0$19               diskio
C:   000004B7  C$diskio.c$17$1_0$19               diskio
C:   000004B7  G$disk_initialize$0$0              diskio
C:   000004B7  _disk_initialize                   diskio
C:   000004BA  A$diskiobug\pff3a\diskio$420       diskio
C:   000004BD  A$diskiobug\pff3a\diskio$423       diskio
C:   000004BD  C$diskio.c$20$1_0$19               diskio
C:   000004C0  A$diskiobug\pff3a\diskio$428       diskio
C:   000004C0  C$diskio.c$21$1_0$19               diskio
C:   000004C0  XG$disk_initialize$0$0             diskio
C:   000004C1  A$diskiobug\pff3a\diskio$446       diskio
C:   000004C1  C$diskio.c$29$1_0$21               diskio
C:   000004C1  G$disk_readp$0$0                   diskio
C:   000004C1  _disk_readp                        diskio
C:   000004C3  A$diskiobug\pff3a\diskio$447       diskio
C:   000004C6  A$diskiobug\pff3a\diskio$448       diskio
C:   000004C8  A$diskiobug\pff3a\diskio$449       diskio
C:   000004CA  A$diskiobug\pff3a\diskio$450       diskio
C:   000004CC  A$diskiobug\pff3a\diskio$451       diskio
C:   000004CE  A$diskiobug\pff3a\diskio$452       diskio
C:   000004D0  A$diskiobug\pff3a\diskio$455       diskio
C:   000004D0  C$diskio.c$40$1_0$21               diskio
C:   000004D3  A$diskiobug\pff3a\diskio$456       diskio
C:   000004D4  A$diskiobug\pff3a\diskio$457       diskio
C:   000004D6  A$diskiobug\pff3a\diskio$458       diskio
C:   000004D9  A$diskiobug\pff3a\diskio$459       diskio
C:   000004DA  A$diskiobug\pff3a\diskio$460       diskio
C:   000004DB  A$diskiobug\pff3a\diskio$461       diskio
C:   000004DC  A$diskiobug\pff3a\diskio$462       diskio
C:   000004DD  A$diskiobug\pff3a\diskio$463       diskio
C:   000004DE  A$diskiobug\pff3a\diskio$464       diskio
C:   000004DF  A$diskiobug\pff3a\diskio$465       diskio
C:   000004E0  A$diskiobug\pff3a\diskio$466       diskio
C:   000004E1  A$diskiobug\pff3a\diskio$467       diskio
C:   000004E2  A$diskiobug\pff3a\diskio$468       diskio
C:   000004E3  A$diskiobug\pff3a\diskio$469       diskio
C:   000004E4  A$diskiobug\pff3a\diskio$470       diskio
C:   000004E6  A$diskiobug\pff3a\diskio$471       diskio
C:   000004E8  A$diskiobug\pff3a\diskio$472       diskio
C:   000004E9  A$diskiobug\pff3a\diskio$473       diskio
C:   000004EA  A$diskiobug\pff3a\diskio$474       diskio
C:   000004ED  A$diskiobug\pff3a\diskio$475       diskio
C:   000004EE  A$diskiobug\pff3a\diskio$476       diskio
C:   000004EF  A$diskiobug\pff3a\diskio$477       diskio
ASxxxx Linker V03.00 + NoICE + sdld,  page 34.
Hexadecimal  [32-Bits]

Area                                    Addr        Size        Decimal Bytes (Attributes)
--------------------------------        ----        ----        ------- ----- ------------
CSEG                                00000062    00003CB7 =       15543. bytes (REL,CON,CODE)

[...]
C:   000038F2  A$testDebug\test$1185              test
C:   000038F3  A$testDebug\test$1186              test
C:   000038F5  A$testDebug\test$1187              test
C:   000038F7  A$testDebug\test$1188              test
C:   000038F9  A$testDebug\test$1189              test
C:   000038FC  A$testDebug\test$1190              test
C:   000038FF  A$testDebug\test$1191              test
C:   00003902  A$testDebug\test$1192              test
C:   00003904  A$testDebug\test$1193              test
C:   00003906  A$testDebug\test$1194              test
C:   00003908  A$testDebug\test$1195              test
C:   0000390A  A$testDebug\test$1198              test
C:   0000390A  C$test.c$180$1_0$86                test
C:   0000390B  A$testDebug\test$1199              test
C:   0000390D  A$testDebug\test$1205              test
C:   0000390D  C$test.c$181$1_0$86                test
C:   00003910  A$testDebug\test$1206              test
C:   00003912  A$testDebug\test$1209              test
C:   00003912  C$test.c$197$1_0$86                test
C:   00003912  XG$FATTest$0$0                     test
ASxxxx Linker V03.00 + NoICE + sdld,  page 202.
Hexadecimal  [32-Bits]

Area                                    Addr        Size        Decimal Bytes (Attributes)
--------------------------------        ----        ----        ------- ----- ------------
CSEG                                00000062    00003CB7 =       15543. bytes (REL,CON,CODE)

      Value  Global                              Global Defined In Module
      -----  --------------------------------   ------------------------
C:   00003913  A$testDebug\test$1225              test
C:   00003913  C$test.c$204$1_0$91                test
C:   00003913  G$SIOFATFSTest$0$0                 test
C:   00003913  _SIOFATFSTest                      test
C:   00003915  A$testDebug\test$1226              test
C:   00003918  A$testDebug\test$1227              test
C:   0000391A  A$testDebug\test$1228              test
C:   0000391C  A$testDebug\test$1229              test
C:   0000391E  A$testDebug\test$1232              test
C:   0000391E  C$test.c$210$1_0$91                test
C:   00003921  A$testDebug\test$1235              test
C:   00003921  C$test.c$212$1_0$91                test
C:   00003924  A$testDebug\test$1238              test
C:   00003924  C$test.c$213$1_0$91                test
C:   00003925  A$testDebug\test$1239              test
C:   00003927  A$testDebug\test$1240              test
C:   00003929  A$testDebug\test$1241              test
C:   0000392B  A$testDebug\test$1242              test
C:   0000392D  A$testDebug\test$1243              test
C:   0000392F  A$testDebug\test$1244              test
C:   00003931  A$testDebug\test$1245              test
C:   00003933  A$testDebug\test$1246              test
C:   00003936  A$testDebug\test$1247              test
C:   00003939  A$testDebug\test$1248              test
C:   0000393C  A$testDebug\test$1249              test
C:   0000393E  A$testDebug\test$1250              test
C:   00003940  A$testDebug\test$1251              test
C:   00003942  A$testDebug\test$1254              test
C:   00003942  C$test.c$214$1_0$91                test
C:   00003943  A$testDebug\test$1255              test
C:   00003945  A$testDebug\test$1258              test
C:   00003945  C$test.c$216$2_0$92                test
C:   00003948  A$testDebug\test$1261              test
C:   00003948  C$test.c$217$2_0$92                test
C:   0000394B  A$testDebug\test$1265              test
C:   0000394B  C$test.c$220$1_0$91                test
C:   0000394E  A$testDebug\test$1268              test
C:   0000394E  C$test.c$221$1_0$91                test
C:   0000394F  A$testDebug\test$1269              test
C:   00003951  A$testDebug\test$1270              test
C:   00003953  A$testDebug\test$1271              test
C:   00003955  A$testDebug\test$1272              test
C:   00003957  A$testDebug\test$1273              test
C:   00003959  A$testDebug\test$1274              test
C:   0000395B  A$testDebug\test$1275              test
C:   0000395D  A$testDebug\test$1276              test
C:   00003960  A$testDebug\test$1277              test
C:   00003963  A$testDebug\test$1278              test
C:   00003966  A$testDebug\test$1279              test
C:   00003968  A$testDebug\test$1280              test
C:   0000396A  A$testDebug\test$1281              test
ASxxxx Linker V03.00 + NoICE + sdld,  page 203.
Hexadecimal  [32-Bits]

Area                                    Addr        Size        Decimal Bytes (Attributes)
--------------------------------        ----        ----        ------- ----- ------------
CSEG                                00000062    00003CB7 =       15543. bytes (REL,CON,CODE)

      Value  Global                              Global Defined In Module
      -----  --------------------------------   ------------------------
C:   0000396C  A$testDebug\test$1282              test
C:   0000396E  A$testDebug\test$1285              test
C:   0000396E  C$test.c$222$1_0$91                test
C:   0000396F  A$testDebug\test$1286              test
C:   00003971  A$testDebug\test$1289              test
C:   00003971  C$test.c$224$2_0$93                test
C:   00003974  A$testDebug\test$1292              test
C:   00003974  C$test.c$225$2_0$93                test
C:   00003977  A$testDebug\test$1296              test
C:   00003977  C$test.c$228$1_0$91                test
C:   0000397A  A$testDebug\test$1299              test
C:   0000397A  C$test.c$229$1_0$91                test
C:   0000397C  A$testDebug\test$1300              test
C:   0000397E  A$testDebug\test$1301              test
C:   0000397F  A$testDebug\test$1302              test
C:   00003980  A$testDebug\test$1303              test
C:   00003982  A$testDebug\test$1304              test
C:   00003984  A$testDebug\test$1305              test
C:   00003986  A$testDebug\test$1306              test
C:   00003988  A$testDebug\test$1307              test
C:   0000398A  A$testDebug\test$1308              test
C:   0000398C  A$testDebug\test$1309              test
C:   0000398D  A$testDebug\test$1310              test
C:   0000398F  A$testDebug\test$1311              test
C:   00003991  A$testDebug\test$1312              test
C:   00003993  A$testDebug\test$1313              test
C:   00003995  A$testDebug\test$1314              test
C:   00003997  A$testDebug\test$1315              test
C:   00003999  A$testDebug\test$1316              test
C:   0000399B  A$testDebug\test$1317              test
C:   0000399C  A$testDebug\test$1318              test
C:   0000399E  A$testDebug\test$1319              test
C:   000039A1  A$testDebug\test$1320              test
C:   000039A4  A$testDebug\test$1321              test
C:   000039A7  A$testDebug\test$1322              test
C:   000039A9  A$testDebug\test$1323              test
C:   000039AB  A$testDebug\test$1324              test
C:   000039AD  A$testDebug\test$1325              test
C:   000039AF  A$testDebug\test$1326              test
C:   000039B1  A$testDebug\test$1329              test
C:   000039B1  C$test.c$230$1_0$91                test
C:   000039B2  A$testDebug\test$1330              test
C:   000039B4  A$testDebug\test$1333              test
C:   000039B4  C$test.c$232$2_0$94                test
C:   000039B7  A$testDebug\test$1336              test
C:   000039B7  C$test.c$233$2_0$94                test
C:   000039BA  A$testDebug\test$1340              test
C:   000039BA  C$test.c$236$1_0$91                test
C:   000039BD  A$testDebug\test$1343              test
C:   000039BD  C$test.c$237$1_0$91                test
C:   000039BF  A$testDebug\test$1344              test
ASxxxx Linker V03.00 + NoICE + sdld,  page 204.
Hexadecimal  [32-Bits]

Area                                    Addr        Size        Decimal Bytes (Attributes)
--------------------------------        ----        ----        ------- ----- ------------
CSEG                                00000062    00003CB7 =       15543. bytes (REL,CON,CODE)

      Value  Global                              Global Defined In Module
      -----  --------------------------------   ------------------------
C:   000039C1  A$testDebug\test$1345              test
C:   000039C2  A$testDebug\test$1346              test
C:   000039C4  A$testDebug\test$1347              test
C:   000039C6  A$testDebug\test$1348              test
C:   000039C8  A$testDebug\test$1349              test
C:   000039CA  A$testDebug\test$1350              test
C:   000039CC  A$testDebug\test$1351              test
C:   000039CE  A$testDebug\test$1352              test
C:   000039D0  A$testDebug\test$1353              test
C:   000039D2  A$testDebug\test$1354              test
C:   000039D4  A$testDebug\test$1355              test
C:   000039D5  A$testDebug\test$1356              test
C:   000039D7  A$testDebug\test$1357              test
C:   000039DA  A$testDebug\test$1358              test
C:   000039DD  A$testDebug\test$1359              test
C:   000039DF  A$testDebug\test$1360              test
C:   000039E1  A$testDebug\test$1361              test
C:   000039E3  A$testDebug\test$1364              test
C:   000039E3  C$test.c$239$1_0$91                test
C:   000039E6  A$testDebug\test$1367              test
C:   000039E6  C$test.c$240$1_0$91                test
C:   000039E8  A$testDebug\test$1368              test
C:   000039EA  A$testDebug\test$1369              test
C:   000039EB  A$testDebug\test$1370              test
C:   000039ED  A$testDebug\test$1371              test
C:   000039EF  A$testDebug\test$1372              test
C:   000039F1  A$testDebug\test$1373              test
C:   000039F4  A$testDebug\test$1374              test
C:   000039F7  A$testDebug\test$1375              test
C:   000039FA  A$testDebug\test$1376              test
C:   000039FC  A$testDebug\test$1377              test
C:   000039FE  A$testDebug\test$1378              test
C:   00003A00  A$testDebug\test$1379              test
C:   00003A02  A$testDebug\test$1380              test
C:   00003A04  A$testDebug\test$1381              test
C:   00003A06  A$testDebug\test$1384              test
C:   00003A06  C$test.c$241$1_0$91                test
C:   00003A07  A$testDebug\test$1389              test
C:   00003A07  C$test.c$242$1_0$91                test
C:   00003A07  C$test.c$244$1_0$91                test
C:   00003A09  A$testDebug\test$1390              test
C:   00003A0A  A$testDebug\test$1391              test
C:   00003A0C  A$testDebug\test$1392              test
C:   00003A0E  A$testDebug\test$1393              test
C:   00003A10  A$testDebug\test$1394              test
C:   00003A12  A$testDebug\test$1395              test
C:   00003A13  A$testDebug\test$1396              test
C:   00003A15  A$testDebug\test$1397              test
C:   00003A17  A$testDebug\test$1398              test
C:   00003A19  A$testDebug\test$1399              test
C:   00003A1B  A$testDebug\test$1400              test
ASxxxx Linker V03.00 + NoICE + sdld,  page 205.
Hexadecimal  [32-Bits]

Area                                    Addr        Size        Decimal Bytes (Attributes)
--------------------------------        ----        ----        ------- ----- ------------
CSEG                                00000062    00003CB7 =       15543. bytes (REL,CON,CODE)

      Value  Global                              Global Defined In Module
      -----  --------------------------------   ------------------------
C:   00003A1D  A$testDebug\test$1401              test
C:   00003A1F  A$testDebug\test$1402              test
C:   00003A21  A$testDebug\test$1403              test
C:   00003A22  A$testDebug\test$1404              test
C:   00003A24  A$testDebug\test$1405              test
C:   00003A27  A$testDebug\test$1406              test
C:   00003A2A  A$testDebug\test$1407              test
C:   00003A2D  A$testDebug\test$1408              test
C:   00003A2F  A$testDebug\test$1409              test
C:   00003A31  A$testDebug\test$1410              test
C:   00003A33  A$testDebug\test$1411              test
C:   00003A35  A$testDebug\test$1414              test
C:   00003A35  C$test.c$245$1_0$91                test
C:   00003A36  A$testDebug\test$1417              test
C:   00003A36  C$test.c$246$1_0$91                test
C:   00003A38  A$testDebug\test$1420              test
C:   00003A38  C$test.c$257$1_0$91                test
C:   00003A3A  A$testDebug\test$1421              test
C:   00003A3C  A$testDebug\test$1422              test
C:   00003A3D  A$testDebug\test$1423              test
C:   00003A3F  A$testDebug\test$1424              test
C:   00003A41  A$testDebug\test$1425              test
C:   00003A43  A$testDebug\test$1426              test
C:   00003A45  A$testDebug\test$1427              test
C:   00003A47  A$testDebug\test$1428              test
C:   00003A48  A$testDebug\test$1429              test
C:   00003A4A  A$testDebug\test$1430              test
C:   00003A4C  A$testDebug\test$1431              test
C:   00003A4E  A$testDebug\test$1432              test
C:   00003A50  A$testDebug\test$1433              test
C:   00003A52  A$testDebug\test$1434              test
C:   00003A54  A$testDebug\test$1435              test
C:   00003A56  A$testDebug\test$1436              test
C:   00003A57  A$testDebug\test$1437              test
C:   00003A59  A$testDebug\test$1438              test
C:   00003A5C  A$testDebug\test$1439              test
C:   00003A5F  A$testDebug\test$1440              test
C:   00003A62  A$testDebug\test$1441              test
C:   00003A64  A$testDebug\test$1442              test
C:   00003A66  A$testDebug\test$1443              test
C:   00003A68  A$testDebug\test$1444              test
C:   00003A6A  A$testDebug\test$1447              test
C:   00003A6A  C$test.c$258$1_0$91                test
C:   00003A6B  A$testDebug\test$1448              test
C:   00003A6D  A$testDebug\test$1454              test
C:   00003A6D  C$test.c$259$1_0$91                test
C:   00003A70  A$testDebug\test$1455              test
C:   00003A72  A$testDebug\test$1458              test
C:   00003A72  C$test.c$260$1_0$91                test
C:   00003A72  XG$SIOFATFSTest$0$0                test
C:   00003A73  __gptrput                          _gptrput
ASxxxx Linker V03.00 + NoICE + sdld,  page 206.
Hexadecimal  [32-Bits]

Area                                    Addr        Size        Decimal Bytes (Attributes)
--------------------------------        ----        ----        ------- ----- ------------
CSEG                                00000062    00003CB7 =       15543. bytes (REL,CON,CODE)

      Value  Global                              Global Defined In Module
      -----  --------------------------------   ------------------------
C:   00003A8E  __divulong                         _divulong
C:   00003B1C  _strlen                            _strlen
C:   00003B34  __gptrget                          _gptrget
C:   00003B50  __mullong                          _mullong
C:   00003D15  __sdcc_external_startup            _startup

ASxxxx Linker V03.00 + NoICE + sdld,  page 207.
Hexadecimal  [32-Bits]

Area                                    Addr        Size        Decimal Bytes (Attributes)
--------------------------------        ----        ----        ------- ----- ------------
CONST                               00003D19    000001B3 =         435. bytes (REL,CON,CODE)

      Value  Global                              Global Defined In Module
      -----  --------------------------------   ------------------------
C:   00003D19  Fcompactflash$__str_0$0_0$0        compactflash
C:   00003D28  Fcompactflash$__str_1$0_0$0        compactflash
C:   00003D37  Fcompactflash$__str_2$0_0$0        compactflash
C:   00003D46  Fcompactflash$__str_3$0_0$0        compactflash
C:   00003D55  Fcompactflash$__str_4$0_0$0        compactflash
C:   00003D64  Fcompactflash$__str_5$0_0$0        compactflash
C:   00003D73  Fcompactflash$__str_6$0_0$0        compactflash
C:   00003D83  Lpff.create_name$cvt$1_0$42        pff
C:   00003E03  G$data$0_0$0                       test
C:   00003E03  _data                              test
C:   00003E37  Ftest$__str_0$0_0$0                test
C:   00003E4B  Ftest$__str_1$0_0$0                test
C:   00003E55  Ftest$__str_2$0_0$0                test
C:   00003E5F  Ftest$__str_3$0_0$0                test
C:   00003E69  Ftest$__str_4$0_0$0                test
C:   00003E73  Ftest$__str_5$0_0$0                test
C:   00003E7D  Ftest$__str_6$0_0$0                test
C:   00003E87  Ftest$__str_7$0_0$0                test
C:   00003E91  Ftest$__str_8$0_0$0                test
C:   00003E97  Ftest$__str_9$0_0$0                test
C:   00003EA1  Ftest$__str_10$0_0$0               test
C:   00003EAB  Ftest$__str_11$0_0$0               test
C:   00003EB5  Ftest$__str_12$0_0$0               test
C:   00003EBF  Ftest$__str_13$0_0$0               test
C:   00003EC9  Ftest$__str_14$0_0$0               test

ASxxxx Linker V03.00 + NoICE + sdld,  page 208.
Hexadecimal  [32-Bits]

Area                                    Addr        Size        Decimal Bytes (Attributes)
--------------------------------        ----        ----        ------- ----- ------------
XINIT                               00003ECC    00000002 =           2. bytes (REL,CON,CODE)

      Value  Global                              Global Defined In Module
      -----  --------------------------------   ------------------------
C:   00003ECC  Fmain$__xinit_PSBANK$0_0$0         main
C:   00003ECD  Fdiskio$__xinit_firstRead$0_0$0    diskio

ASxxxx Linker V03.00 + NoICE + sdld,  page 209.

Files Linked                              [ module(s) ]

obj\Debug\compactflash.rel                [  ]
obj\Debug\delay.rel                       [  ]
obj\Debug\led.rel                         [  ]
obj\Debug\main.rel                        [  ]
obj\Debug\pff3a\diskio.rel                [  ]
obj\Debug\pff3a\pff.rel                   [  ]
obj\Debug\pio.rel                         [  ]
obj\Debug\sio.rel                         [  ]
obj\Debug\SIOFS\siofatfs.rel              [  ]
obj\Debug\sysctrl.rel                     [  ]
obj\Debug\test.rel                        [  ]


Libraries Linked                          [ object file ]

C:\Program Files (x86)\SDCC\bin\..\lib\large-stack-auto/mcs51.lib
                                          [ crtclear.rel ]
C:\Program Files (x86)\SDCC\bin\..\lib\large-stack-auto/mcs51.lib
                                          [ crtxinit.rel ]
C:\Program Files (x86)\SDCC\bin\..\lib\large-stack-auto/libsdcc.lib
                                          [ _gptrput.rel ]
C:\Program Files (x86)\SDCC\bin\..\lib\large-stack-auto/mcs51.lib
                                          [ crtxclear.rel ]
C:\Program Files (x86)\SDCC\bin\..\lib\large-stack-auto/liblong.lib
                                          [ _divulong.rel ]
C:\Program Files (x86)\SDCC\bin\..\lib\large-stack-auto/libsdcc.lib
                                          [ _bp.rel ]
C:\Program Files (x86)\SDCC\bin\..\lib\large-stack-auto/mcs51.lib
                                          [ crtpagesfr.rel ]
C:\Program Files (x86)\SDCC\bin\..\lib\large-stack-auto/libsdcc.lib
                                          [ _strlen.rel ]
C:\Program Files (x86)\SDCC\bin\..\lib\large-stack-auto/mcs51.lib
                                          [ crtstart.rel ]
C:\Program Files (x86)\SDCC\bin\..\lib\large-stack-auto/libsdcc.lib
                                          [ _gptrget.rel ]
C:\Program Files (x86)\SDCC\bin\..\lib\large-stack-auto/liblong.lib
                                          [ _mullong.rel ]
C:\Program Files (x86)\SDCC\bin\..\lib\large-stack-auto/libsdcc.lib
                                          [ _startup.rel ]

ASxxxx Linker V03.00 + NoICE + sdld,  page 210.

User Base Address Definitions

HOME = 0x0000
XSEG = 0x8000
PSEG = 0x8000
ISEG = 0x0000
BSEG = 0x0000

