ASxxxx Linker V03.00 + NoICE + sdld,  page 1.
Hexadecimal  [32-Bits]

Area                                    Addr        Size        Decimal Bytes (Attributes)
--------------------------------        ----        ----        ------- ----- ------------
CABS                                00000000    00000000 =           0. bytes (ABS,CON,CODE)

      Value  Global                              Global Defined In Module
      -----  --------------------------------   ------------------------
C:   00000000  l_BSEG                          
C:   00000000  l_BSEG_BYTES                    
C:   00000000  l_CABS                          
C:   00000000  l_GSINIT                        
C:   00000000  l_GSINIT1                       
C:   00000000  l_GSINIT5                       
C:   00000000  l_IABS                          
C:   00000000  l_ISEG                          
C:   00000000  l_OSEG                          
C:   00000000  l_PSEG                          
C:   00000000  l_REG_BANK_1                    
C:   00000000  l_REG_BANK_2                    
C:   00000000  l_REG_BANK_3                    
C:   00000000  l_RSEG                          
C:   00000000  l_RSEG0                         
C:   00000000  l_RSEG1                         
C:   00000000  l_XABS                          
C:   00000000  l__CODE                         
C:   00000000  s_BSEG                          
C:   00000000  s_CABS                          
C:   00000000  s_DSEG                          
C:   00000000  s_HOME                          
C:   00000000  s_IABS                          
C:   00000000  s_ISEG                          
C:   00000000  s_REG_BANK_0                    
C:   00000000  s_RSEG                          
C:   00000000  s_RSEG0                         
C:   00000000  s_RSEG1                         
C:   00000000  s_XABS                          
C:   00000001  l_BIT_BANK                      
C:   00000001  l_XINIT                         
C:   00000001  l_XISEG                         
C:   00000003  l_GSFINAL                       
C:   00000003  l_GSINIT0                       
C:   00000006  l_HOME                          
C:   00000006  s_GSINIT0                       
C:   00000008  l_REG_BANK_0                    
C:   00000008  s_REG_BANK_1                    
C:   00000009  s_GSINIT1                       
C:   00000009  s_GSINIT2                       
C:   0000000A  l_GSINIT2                       
C:   00000010  s_REG_BANK_2                    
C:   00000013  s_GSINIT3                       
C:   00000018  s_REG_BANK_3                    
C:   00000020  s_BIT_BANK                      
C:   00000020  s_BSEG_BYTES                    
C:   00000020  s_OSEG                          
C:   00000020  s__CODE                         
C:   00000021  s_SSEG                          
C:   00000022  l_GSINIT3                       
ASxxxx Linker V03.00 + NoICE + sdld,  page 2.
Hexadecimal  [32-Bits]

Area                                    Addr        Size        Decimal Bytes (Attributes)
--------------------------------        ----        ----        ------- ----- ------------
CABS                                00000000    00000000 =           0. bytes (ABS,CON,CODE)

      Value  Global                              Global Defined In Module
      -----  --------------------------------   ------------------------
C:   0000002A  l_GSINIT4                       
C:   00000035  s_GSINIT4                       
C:   00000051  l_CONST                         
C:   0000005F  s_GSFINAL                       
C:   0000005F  s_GSINIT                        
C:   0000005F  s_GSINIT5                       
C:   00000062  s_CSEG                          
C:   00000069  l_DSEG                          
C:   000000DF  l_SSEG                          
C:   00000100  l_IRAM                          
C:   0000045F  l_XSEG                          
C:   00003E45  l_CSEG                          
C:   00003EA7  s_CONST                         
C:   00003EF8  s_XINIT                         
C:   00008000  s_PSEG                          
C:   00008000  s_XSEG                          
C:   0000845F  s_XISEG                         

ASxxxx Linker V03.00 + NoICE + sdld,  page 3.
Hexadecimal  [32-Bits]

Area                                    Addr        Size        Decimal Bytes (Attributes)
--------------------------------        ----        ----        ------- ----- ------------
.  .ABS.                            00000000    00000000 =           0. bytes (ABS,CON)

      Value  Global                              Global Defined In Module
      -----  --------------------------------   ------------------------
     00000000  .__.ABS.                           _startup
     00000080  G$P0$0_0$0                         test
     00000080  G$P0_0$0_0$0                       test
     00000080  _P0                                test
     00000080  _P0_0                              test
     00000081  G$P0_1$0_0$0                       test
     00000081  G$SP$0_0$0                         test
     00000081  _P0_1                              test
     00000081  _SP                                test
     00000082  G$DPL$0_0$0                        test
     00000082  G$P0_2$0_0$0                       test
     00000082  _DPL                               test
     00000082  _P0_2                              test
     00000083  G$DPH$0_0$0                        test
     00000083  G$P0_3$0_0$0                       test
     00000083  _DPH                               test
     00000083  _P0_3                              test
     00000084  G$P0_4$0_0$0                       test
     00000084  _P0_4                              test
     00000085  G$P0_5$0_0$0                       test
     00000085  _P0_5                              test
     00000086  G$P0_6$0_0$0                       test
     00000086  _P0_6                              test
     00000087  G$P0_7$0_0$0                       test
     00000087  G$PCON$0_0$0                       test
     00000087  _P0_7                              test
     00000087  _PCON                              test
     00000088  G$IT0$0_0$0                        test
     00000088  G$TCON$0_0$0                       test
     00000088  _IT0                               test
     00000088  _TCON                              test
     00000089  G$IE0$0_0$0                        test
     00000089  G$TMOD$0_0$0                       test
     00000089  _IE0                               test
     00000089  _TMOD                              test
     0000008A  G$IT1$0_0$0                        test
     0000008A  G$TL0$0_0$0                        test
     0000008A  _IT1                               test
     0000008A  _TL0                               test
     0000008B  G$IE1$0_0$0                        test
     0000008B  G$TL1$0_0$0                        test
     0000008B  _IE1                               test
     0000008B  _TL1                               test
     0000008C  G$TH0$0_0$0                        test
     0000008C  G$TR0$0_0$0                        test
     0000008C  _TH0                               test
     0000008C  _TR0                               test
     0000008D  G$TF0$0_0$0                        test
     0000008D  G$TH1$0_0$0                        test
     0000008D  _TF0                               test
ASxxxx Linker V03.00 + NoICE + sdld,  page 4.
Hexadecimal  [32-Bits]

Area                                    Addr        Size        Decimal Bytes (Attributes)
--------------------------------        ----        ----        ------- ----- ------------
.  .ABS.                            00000000    00000000 =           0. bytes (ABS,CON)

      Value  Global                              Global Defined In Module
      -----  --------------------------------   ------------------------
     0000008D  _TH1                               test
     0000008E  G$TR1$0_0$0                        test
     0000008E  _TR1                               test
     0000008F  G$TF1$0_0$0                        test
     0000008F  _TF1                               test
     00000090  G$P1$0_0$0                         test
     00000090  G$P1_0$0_0$0                       test
     00000090  _P1                                test
     00000090  _P1_0                              test
     00000091  G$P1_1$0_0$0                       test
     00000091  _P1_1                              test
     00000092  G$P1_2$0_0$0                       test
     00000092  _P1_2                              test
     00000093  G$P1_3$0_0$0                       test
     00000093  _P1_3                              test
     00000094  G$P1_4$0_0$0                       test
     00000094  _P1_4                              test
     00000095  G$P1_5$0_0$0                       test
     00000095  _P1_5                              test
     00000096  G$P1_6$0_0$0                       test
     00000096  _P1_6                              test
     00000097  G$P1_7$0_0$0                       test
     00000097  _P1_7                              test
     00000098  G$RI$0_0$0                         test
     00000098  G$SCON$0_0$0                       test
     00000098  _RI                                test
     00000098  _SCON                              test
     00000099  G$SBUF$0_0$0                       test
     00000099  G$TI$0_0$0                         test
     00000099  _SBUF                              test
     00000099  _TI                                test
     0000009A  G$RB8$0_0$0                        test
     0000009A  _RB8                               test
     0000009B  G$TB8$0_0$0                        test
     0000009B  _TB8                               test
     0000009C  G$REN$0_0$0                        test
     0000009C  _REN                               test
     0000009D  G$SM2$0_0$0                        test
     0000009D  _SM2                               test
     0000009E  G$SM1$0_0$0                        test
     0000009E  _SM1                               test
     0000009F  G$SM0$0_0$0                        test
     0000009F  _SM0                               test
     000000A0  G$P2$0_0$0                         test
     000000A0  G$P2_0$0_0$0                       test
     000000A0  _P2                                test
     000000A0  _P2_0                              test
     000000A0  __XPAGE                            
     000000A1  G$P2_1$0_0$0                       test
     000000A1  _P2_1                              test
     000000A2  G$P2_2$0_0$0                       test
ASxxxx Linker V03.00 + NoICE + sdld,  page 5.
Hexadecimal  [32-Bits]

Area                                    Addr        Size        Decimal Bytes (Attributes)
--------------------------------        ----        ----        ------- ----- ------------
.  .ABS.                            00000000    00000000 =           0. bytes (ABS,CON)

      Value  Global                              Global Defined In Module
      -----  --------------------------------   ------------------------
     000000A2  _P2_2                              test
     000000A3  G$P2_3$0_0$0                       test
     000000A3  _P2_3                              test
     000000A4  G$P2_4$0_0$0                       test
     000000A4  _P2_4                              test
     000000A5  G$P2_5$0_0$0                       test
     000000A5  _P2_5                              test
     000000A6  G$P2_6$0_0$0                       test
     000000A6  _P2_6                              test
     000000A7  G$P2_7$0_0$0                       test
     000000A7  _P2_7                              test
     000000A8  G$EX0$0_0$0                        test
     000000A8  G$IE$0_0$0                         test
     000000A8  _EX0                               test
     000000A8  _IE                                test
     000000A9  G$ET0$0_0$0                        test
     000000A9  _ET0                               test
     000000AA  G$EX1$0_0$0                        test
     000000AA  _EX1                               test
     000000AB  G$ET1$0_0$0                        test
     000000AB  _ET1                               test
     000000AC  G$ES$0_0$0                         test
     000000AC  _ES                                test
     000000AF  G$EA$0_0$0                         test
     000000AF  _EA                                test
     000000B0  G$P3$0_0$0                         test
     000000B0  G$P3_0$0_0$0                       test
     000000B0  G$RXD$0_0$0                        test
     000000B0  _P3                                test
     000000B0  _P3_0                              test
     000000B0  _RXD                               test
     000000B1  G$P3_1$0_0$0                       test
     000000B1  G$TXD$0_0$0                        test
     000000B1  _P3_1                              test
     000000B1  _TXD                               test
     000000B2  G$INT0$0_0$0                       test
     000000B2  G$P3_2$0_0$0                       test
     000000B2  _INT0                              test
     000000B2  _P3_2                              test
     000000B3  G$INT1$0_0$0                       test
     000000B3  G$P3_3$0_0$0                       test
     000000B3  _INT1                              test
     000000B3  _P3_3                              test
     000000B4  G$P3_4$0_0$0                       test
     000000B4  G$T0$0_0$0                         test
     000000B4  _P3_4                              test
     000000B4  _T0                                test
     000000B5  G$P3_5$0_0$0                       test
     000000B5  G$T1$0_0$0                         test
     000000B5  _P3_5                              test
     000000B5  _T1                                test
ASxxxx Linker V03.00 + NoICE + sdld,  page 6.
Hexadecimal  [32-Bits]

Area                                    Addr        Size        Decimal Bytes (Attributes)
--------------------------------        ----        ----        ------- ----- ------------
.  .ABS.                            00000000    00000000 =           0. bytes (ABS,CON)

      Value  Global                              Global Defined In Module
      -----  --------------------------------   ------------------------
     000000B6  G$P3_6$0_0$0                       test
     000000B6  G$WR$0_0$0                         test
     000000B6  _P3_6                              test
     000000B6  _WR                                test
     000000B7  G$P3_7$0_0$0                       test
     000000B7  G$RD$0_0$0                         test
     000000B7  _P3_7                              test
     000000B7  _RD                                test
     000000B8  G$IP$0_0$0                         test
     000000B8  G$PX0$0_0$0                        test
     000000B8  _IP                                test
     000000B8  _PX0                               test
     000000B9  G$PT0$0_0$0                        test
     000000B9  _PT0                               test
     000000BA  G$PX1$0_0$0                        test
     000000BA  _PX1                               test
     000000BB  G$PT1$0_0$0                        test
     000000BB  _PT1                               test
     000000BC  G$PS$0_0$0                         test
     000000BC  _PS                                test
     000000D0  G$P$0_0$0                          test
     000000D0  G$PSW$0_0$0                        test
     000000D0  _P                                 test
     000000D0  _PSW                               test
     000000D1  G$F1$0_0$0                         test
     000000D1  _F1                                test
     000000D2  G$OV$0_0$0                         test
     000000D2  _OV                                test
     000000D3  G$RS0$0_0$0                        test
     000000D3  _RS0                               test
     000000D4  G$RS1$0_0$0                        test
     000000D4  _RS1                               test
     000000D5  G$F0$0_0$0                         test
     000000D5  _F0                                test
     000000D6  G$AC$0_0$0                         test
     000000D6  _AC                                test
     000000D7  G$CY$0_0$0                         test
     000000D7  _CY                                test
     000000E0  G$ACC$0_0$0                        test
     000000E0  _ACC                               test
     000000F0  G$B$0_0$0                          test
     000000F0  _B                                 test
     000000F5  _B_5                               _gptrget
     000000F6  _B_6                               _gptrget
     000000F7  _B_7                               _gptrget

ASxxxx Linker V03.00 + NoICE + sdld,  page 7.
Hexadecimal  [32-Bits]

Area                                    Addr        Size        Decimal Bytes (Attributes)
--------------------------------        ----        ----        ------- ----- ------------
REG_BANK_0                          00000000    00000008 =           8. bytes (REL,OVR)

      Value  Global                              Global Defined In Module
      -----  --------------------------------   ------------------------
ASxxxx Linker V03.00 + NoICE + sdld,  page 8.
Hexadecimal  [32-Bits]

Area                                    Addr        Size        Decimal Bytes (Attributes)
--------------------------------        ----        ----        ------- ----- ------------
BIT_BANK                            00000020    00000001 =           1. bytes (REL,OVR)

      Value  Global                              Global Defined In Module
      -----  --------------------------------   ------------------------
ASxxxx Linker V03.00 + NoICE + sdld,  page 9.
Hexadecimal  [32-Bits]

Area                                    Addr        Size        Decimal Bytes (Attributes)
--------------------------------        ----        ----        ------- ----- ------------
DSEG                                00000000    00000069 =         105. bytes (REL,CON)

      Value  Global                              Global Defined In Module
      -----  --------------------------------   ------------------------
     00000008  _bp                                _bp

ASxxxx Linker V03.00 + NoICE + sdld,  page 10.
Hexadecimal  [32-Bits]

Area                                    Addr        Size        Decimal Bytes (Attributes)
--------------------------------        ----        ----        ------- ----- ------------
SSEG                                00000021    000000DF =         223. bytes (REL,OVR)

      Value  Global                              Global Defined In Module
      -----  --------------------------------   ------------------------
     00000021  __start__stack                     main

ASxxxx Linker V03.00 + NoICE + sdld,  page 11.
Hexadecimal  [32-Bits]

Area                                    Addr        Size        Decimal Bytes (Attributes)
--------------------------------        ----        ----        ------- ----- ------------
XSEG                                00008000    0000045F =        1119. bytes (REL,CON,XDATA)

      Value  Global                              Global Defined In Module
      -----  --------------------------------   ------------------------
D:   00008000  G$diskioCacheBuf$0_0$0             diskio
D:   00008000  _diskioCacheBuf                    diskio
D:   00008200  G$lastSector$0_0$0                 diskio
D:   00008200  _lastSector                        diskio
D:   00008204  G$writingSector$0_0$0              diskio
D:   00008204  _writingSector                     diskio
D:   00008208  Fpff$FatFs$0_0$0                   pff
D:   0000820B  G$buf$0_0$0                        test
D:   0000820B  _buf                               test
D:   0000840B  G$fs$0_0$0                         test
D:   0000840B  _fs                                test
D:   00008435  G$dj$0_0$0                         test
D:   00008435  _dj                                test
D:   00008446  G$filInfo$0_0$0                    test
D:   00008446  _filInfo                           test
D:   0000845C  G$siofs$0_0$0                      test
D:   0000845C  _siofs                             test
D:   0000845D  G$siofile$0_0$0                    test
D:   0000845D  _siofile                           test
D:   0000845E  G$siodir$0_0$0                     test
D:   0000845E  _siodir                            test
ASxxxx Linker V03.00 + NoICE + sdld,  page 12.
Hexadecimal  [32-Bits]

Area                                    Addr        Size        Decimal Bytes (Attributes)
--------------------------------        ----        ----        ------- ----- ------------
XISEG                               0000845F    00000001 =           1. bytes (REL,CON,XDATA)

      Value  Global                              Global Defined In Module
      -----  --------------------------------   ------------------------
D:   0000845F  G$firstRead$0_0$0                  diskio
D:   0000845F  _firstRead                         diskio

ASxxxx Linker V03.00 + NoICE + sdld,  page 13.
Hexadecimal  [32-Bits]

Area                                    Addr        Size        Decimal Bytes (Attributes)
--------------------------------        ----        ----        ------- ----- ------------
HOME                                00000000    00000006 =           6. bytes (REL,CON,CODE)

      Value  Global                              Global Defined In Module
      -----  --------------------------------   ------------------------
C:   00000000  A$mainDebug\main$377               main
C:   00000003  A$mainDebug\main$399               main
C:   00000003  __sdcc_program_startup             main
ASxxxx Linker V03.00 + NoICE + sdld,  page 14.
Hexadecimal  [32-Bits]

Area                                    Addr        Size        Decimal Bytes (Attributes)
--------------------------------        ----        ----        ------- ----- ------------
GSINIT0                             00000006    00000003 =           3. bytes (REL,CON,CODE)

      Value  Global                              Global Defined In Module
      -----  --------------------------------   ------------------------
C:   00000006  __sdcc_gsinit_startup              

ASxxxx Linker V03.00 + NoICE + sdld,  page 15.
Hexadecimal  [32-Bits]

Area                                    Addr        Size        Decimal Bytes (Attributes)
--------------------------------        ----        ----        ------- ----- ------------
GSINIT2                             00000009    0000000A =          10. bytes (REL,CON,CODE)

      Value  Global                              Global Defined In Module
      -----  --------------------------------   ------------------------
ASxxxx Linker V03.00 + NoICE + sdld,  page 16.
Hexadecimal  [32-Bits]

Area                                    Addr        Size        Decimal Bytes (Attributes)
--------------------------------        ----        ----        ------- ----- ------------
GSINIT3                             00000013    00000022 =          34. bytes (REL,CON,CODE)

      Value  Global                              Global Defined In Module
      -----  --------------------------------   ------------------------
C:   00000013  __mcs51_genXINIT                   

ASxxxx Linker V03.00 + NoICE + sdld,  page 17.
Hexadecimal  [32-Bits]

Area                                    Addr        Size        Decimal Bytes (Attributes)
--------------------------------        ----        ----        ------- ----- ------------
GSINIT4                             00000035    0000002A =          42. bytes (REL,CON,CODE)

      Value  Global                              Global Defined In Module
      -----  --------------------------------   ------------------------
C:   00000035  __mcs51_genRAMCLEAR                
C:   0000003B  __mcs51_genXRAMCLEAR               

ASxxxx Linker V03.00 + NoICE + sdld,  page 18.
Hexadecimal  [32-Bits]

Area                                    Addr        Size        Decimal Bytes (Attributes)
--------------------------------        ----        ----        ------- ----- ------------
GSFINAL                             0000005F    00000003 =           3. bytes (REL,CON,CODE)

      Value  Global                              Global Defined In Module
      -----  --------------------------------   ------------------------
C:   0000005F  A$mainDebug\main$392               main

ASxxxx Linker V03.00 + NoICE + sdld,  page 19.
Hexadecimal  [32-Bits]

Area                                    Addr        Size        Decimal Bytes (Attributes)
--------------------------------        ----        ----        ------- ----- ------------
CSEG                                00000062    00003E45 =       15941. bytes (REL,CON,CODE)

      Value  Global                              Global Defined In Module
      -----  --------------------------------   ------------------------
C:   00000062  A$compactflashmpactflash$405       compactflash
C:   00000062  C$compactflash.c$3$0_0$9           compactflash
C:   00000062  C$compactflash.c$5$1_0$9           compactflash
C:   00000062  G$cfInit$0$0                       compactflash
C:   00000062  _cfInit                            compactflash
C:   00000064  A$compactflashmpactflash$406       compactflash
C:   00000066  A$compactflashmpactflash$407       compactflash
C:   00000069  A$compactflashmpactflash$408       compactflash
C:   0000006B  A$compactflashmpactflash$411       compactflash
C:   0000006B  C$compactflash.c$7$1_0$9           compactflash
C:   0000006D  A$compactflashmpactflash$412       compactflash
C:   0000006E  A$compactflashmpactflash$413       compactflash
C:   0000006F  A$compactflashmpactflash$414       compactflash
C:   00000071  A$compactflashmpactflash$415       compactflash
C:   00000072  A$compactflashmpactflash$416       compactflash
C:   00000073  A$compactflashmpactflash$417       compactflash
C:   00000074  A$compactflashmpactflash$418       compactflash
C:   00000075  A$compactflashmpactflash$419       compactflash
C:   00000076  A$compactflashmpactflash$420       compactflash
C:   00000078  A$compactflashmpactflash$421       compactflash
C:   00000079  A$compactflashmpactflash$422       compactflash
C:   0000007A  A$compactflashmpactflash$423       compactflash
C:   0000007B  A$compactflashmpactflash$424       compactflash
C:   0000007D  A$compactflashmpactflash$425       compactflash
C:   0000007E  A$compactflashmpactflash$426       compactflash
C:   0000007F  A$compactflashmpactflash$427       compactflash
C:   00000081  A$compactflashmpactflash$428       compactflash
C:   00000082  A$compactflashmpactflash$429       compactflash
C:   00000083  A$compactflashmpactflash$430       compactflash
C:   00000085  A$compactflashmpactflash$431       compactflash
C:   00000087  A$compactflashmpactflash$432       compactflash
C:   00000089  A$compactflashmpactflash$433       compactflash
C:   0000008A  A$compactflashmpactflash$436       compactflash
C:   0000008A  C$compactflash.c$9$1_0$9           compactflash
C:   0000008C  A$compactflashmpactflash$437       compactflash
C:   0000008E  A$compactflashmpactflash$438       compactflash
C:   00000090  A$compactflashmpactflash$439       compactflash
C:   00000093  A$compactflashmpactflash$440       compactflash
C:   00000095  A$compactflashmpactflash$441       compactflash
C:   00000097  A$compactflashmpactflash$444       compactflash
C:   00000097  C$compactflash.c$11$1_0$9          compactflash
C:   00000099  A$compactflashmpactflash$445       compactflash
C:   0000009A  A$compactflashmpactflash$446       compactflash
C:   0000009B  A$compactflashmpactflash$447       compactflash
C:   0000009D  A$compactflashmpactflash$448       compactflash
C:   0000009E  A$compactflashmpactflash$449       compactflash
C:   0000009F  A$compactflashmpactflash$450       compactflash
C:   000000A1  A$compactflashmpactflash$451       compactflash
C:   000000A3  A$compactflashmpactflash$452       compactflash
C:   000000A5  A$compactflashmpactflash$453       compactflash
ASxxxx Linker V03.00 + NoICE + sdld,  page 20.
Hexadecimal  [32-Bits]

Area                                    Addr        Size        Decimal Bytes (Attributes)
--------------------------------        ----        ----        ------- ----- ------------
CSEG                                00000062    00003E45 =       15941. bytes (REL,CON,CODE)

      Value  Global                              Global Defined In Module
      -----  --------------------------------   ------------------------
C:   000000A6  A$compactflashmpactflash$458       compactflash
C:   000000A6  C$compactflash.c$12$1_0$9          compactflash
C:   000000A6  XG$cfInit$0$0                      compactflash
C:   000000A7  A$compactflashmpactflash$472       compactflash
C:   000000A7  C$compactflash.c$14$1_0$11         compactflash
C:   000000A7  G$cfWaitIdle$0$0                   compactflash
C:   000000A7  _cfWaitIdle                        compactflash
C:   000000A9  A$compactflashmpactflash$478       compactflash
C:   000000A9  C$compactflash.c$17$1_0$11         compactflash
C:   000000A9  C$compactflash.c$19$2_0$12         compactflash
C:   000000AB  A$compactflashmpactflash$479       compactflash
C:   000000AC  A$compactflashmpactflash$480       compactflash
C:   000000AD  A$compactflashmpactflash$481       compactflash
C:   000000AF  A$compactflashmpactflash$482       compactflash
C:   000000B0  A$compactflashmpactflash$483       compactflash
C:   000000B1  A$compactflashmpactflash$484       compactflash
C:   000000B2  A$compactflashmpactflash$485       compactflash
C:   000000B3  A$compactflashmpactflash$486       compactflash
C:   000000B4  A$compactflashmpactflash$487       compactflash
C:   000000B6  A$compactflashmpactflash$488       compactflash
C:   000000B7  A$compactflashmpactflash$489       compactflash
C:   000000B8  A$compactflashmpactflash$490       compactflash
C:   000000B9  A$compactflashmpactflash$491       compactflash
C:   000000BB  A$compactflashmpactflash$492       compactflash
C:   000000BC  A$compactflashmpactflash$493       compactflash
C:   000000BD  A$compactflashmpactflash$494       compactflash
C:   000000BF  A$compactflashmpactflash$495       compactflash
C:   000000C0  A$compactflashmpactflash$496       compactflash
C:   000000C1  A$compactflashmpactflash$497       compactflash
C:   000000C3  A$compactflashmpactflash$498       compactflash
C:   000000C5  A$compactflashmpactflash$499       compactflash
C:   000000C6  A$compactflashmpactflash$502       compactflash
C:   000000C6  C$compactflash.c$21$1_0$11         compactflash
C:   000000C9  A$compactflashmpactflash$507       compactflash
C:   000000C9  C$compactflash.c$22$1_0$11         compactflash
C:   000000C9  XG$cfWaitIdle$0$0                  compactflash
C:   000000CA  A$compactflashmpactflash$521       compactflash
C:   000000CA  C$compactflash.c$24$1_0$14         compactflash
C:   000000CA  G$cfWaitCommandReady$0$0           compactflash
C:   000000CA  _cfWaitCommandReady                compactflash
C:   000000CC  A$compactflashmpactflash$527       compactflash
C:   000000CC  C$compactflash.c$28$1_0$14         compactflash
C:   000000CC  C$compactflash.c$30$2_0$15         compactflash
C:   000000CE  A$compactflashmpactflash$528       compactflash
C:   000000CF  A$compactflashmpactflash$529       compactflash
C:   000000D0  A$compactflashmpactflash$530       compactflash
C:   000000D2  A$compactflashmpactflash$531       compactflash
C:   000000D3  A$compactflashmpactflash$532       compactflash
C:   000000D4  A$compactflashmpactflash$533       compactflash
C:   000000D5  A$compactflashmpactflash$534       compactflash
C:   000000D6  A$compactflashmpactflash$535       compactflash
ASxxxx Linker V03.00 + NoICE + sdld,  page 21.
Hexadecimal  [32-Bits]

Area                                    Addr        Size        Decimal Bytes (Attributes)
--------------------------------        ----        ----        ------- ----- ------------
CSEG                                00000062    00003E45 =       15941. bytes (REL,CON,CODE)

      Value  Global                              Global Defined In Module
      -----  --------------------------------   ------------------------
C:   000000D7  A$compactflashmpactflash$536       compactflash
C:   000000D9  A$compactflashmpactflash$537       compactflash
C:   000000DA  A$compactflashmpactflash$538       compactflash
C:   000000DB  A$compactflashmpactflash$539       compactflash
C:   000000DC  A$compactflashmpactflash$540       compactflash
C:   000000DE  A$compactflashmpactflash$541       compactflash
C:   000000DF  A$compactflashmpactflash$542       compactflash
C:   000000E0  A$compactflashmpactflash$543       compactflash
C:   000000E2  A$compactflashmpactflash$544       compactflash
C:   000000E3  A$compactflashmpactflash$545       compactflash
C:   000000E4  A$compactflashmpactflash$546       compactflash
C:   000000E6  A$compactflashmpactflash$547       compactflash
C:   000000E8  A$compactflashmpactflash$548       compactflash
C:   000000E9  A$compactflashmpactflash$549       compactflash
C:   000000EA  A$compactflashmpactflash$552       compactflash
C:   000000EA  C$compactflash.c$32$1_0$14         compactflash
C:   000000ED  A$compactflashmpactflash$553       compactflash
C:   000000EF  A$compactflashmpactflash$554       compactflash
C:   000000F2  A$compactflashmpactflash$555       compactflash
C:   000000F5  A$compactflashmpactflash$560       compactflash
C:   000000F5  C$compactflash.c$33$1_0$14         compactflash
C:   000000F5  XG$cfWaitCommandReady$0$0          compactflash
C:   000000F6  A$compactflashmpactflash$574       compactflash
C:   000000F6  C$compactflash.c$35$1_0$17         compactflash
C:   000000F6  G$cfWaitDataReady$0$0              compactflash
C:   000000F6  _cfWaitDataReady                   compactflash
C:   000000F8  A$compactflashmpactflash$580       compactflash
C:   000000F8  C$compactflash.c$38$1_0$17         compactflash
C:   000000F8  C$compactflash.c$40$2_0$18         compactflash
C:   000000FA  A$compactflashmpactflash$581       compactflash
C:   000000FB  A$compactflashmpactflash$582       compactflash
C:   000000FC  A$compactflashmpactflash$583       compactflash
C:   000000FE  A$compactflashmpactflash$584       compactflash
C:   000000FF  A$compactflashmpactflash$585       compactflash
C:   00000100  A$compactflashmpactflash$586       compactflash
C:   00000101  A$compactflashmpactflash$587       compactflash
C:   00000102  A$compactflashmpactflash$588       compactflash
C:   00000103  A$compactflashmpactflash$589       compactflash
C:   00000105  A$compactflashmpactflash$590       compactflash
C:   00000106  A$compactflashmpactflash$591       compactflash
C:   00000107  A$compactflashmpactflash$592       compactflash
C:   00000108  A$compactflashmpactflash$593       compactflash
C:   0000010A  A$compactflashmpactflash$594       compactflash
C:   0000010B  A$compactflashmpactflash$595       compactflash
C:   0000010C  A$compactflashmpactflash$596       compactflash
C:   0000010E  A$compactflashmpactflash$597       compactflash
C:   0000010F  A$compactflashmpactflash$598       compactflash
C:   00000110  A$compactflashmpactflash$599       compactflash
C:   00000112  A$compactflashmpactflash$600       compactflash
C:   00000114  A$compactflashmpactflash$601       compactflash
C:   00000115  A$compactflashmpactflash$602       compactflash
ASxxxx Linker V03.00 + NoICE + sdld,  page 22.
Hexadecimal  [32-Bits]

Area                                    Addr        Size        Decimal Bytes (Attributes)
--------------------------------        ----        ----        ------- ----- ------------
CSEG                                00000062    00003E45 =       15941. bytes (REL,CON,CODE)

      Value  Global                              Global Defined In Module
      -----  --------------------------------   ------------------------
C:   00000116  A$compactflashmpactflash$605       compactflash
C:   00000116  C$compactflash.c$42$1_0$17         compactflash
C:   00000119  A$compactflashmpactflash$606       compactflash
C:   0000011B  A$compactflashmpactflash$607       compactflash
C:   0000011E  A$compactflashmpactflash$608       compactflash
C:   00000121  A$compactflashmpactflash$613       compactflash
C:   00000121  C$compactflash.c$43$1_0$17         compactflash
C:   00000121  XG$cfWaitDataReady$0$0             compactflash
C:   00000122  A$compactflashmpactflash$633       compactflash
C:   00000122  C$compactflash.c$45$1_0$20         compactflash
C:   00000122  G$cfReadSector$0$0                 compactflash
C:   00000122  _cfReadSector                      compactflash
C:   00000124  A$compactflashmpactflash$634       compactflash
C:   00000127  A$compactflashmpactflash$635       compactflash
C:   00000129  A$compactflashmpactflash$636       compactflash
C:   0000012B  A$compactflashmpactflash$637       compactflash
C:   0000012D  A$compactflashmpactflash$638       compactflash
C:   0000012F  A$compactflashmpactflash$641       compactflash
C:   0000012F  C$compactflash.c$53$1_0$20         compactflash
C:   00000132  A$compactflashmpactflash$644       compactflash
C:   00000132  C$compactflash.c$54$1_0$20         compactflash
C:   00000134  A$compactflashmpactflash$645       compactflash
C:   00000135  A$compactflashmpactflash$646       compactflash
C:   00000137  A$compactflashmpactflash$647       compactflash
C:   0000013A  A$compactflashmpactflash$650       compactflash
C:   0000013A  C$compactflash.c$56$1_0$20         compactflash
C:   0000013D  A$compactflashmpactflash$653       compactflash
C:   0000013D  C$compactflash.c$57$1_0$20         compactflash
C:   0000013F  A$compactflashmpactflash$654       compactflash
C:   00000140  A$compactflashmpactflash$655       compactflash
C:   00000142  A$compactflashmpactflash$656       compactflash
C:   00000143  A$compactflashmpactflash$657       compactflash
C:   00000144  A$compactflashmpactflash$658       compactflash
C:   00000145  A$compactflashmpactflash$659       compactflash
C:   00000146  A$compactflashmpactflash$660       compactflash
C:   00000147  A$compactflashmpactflash$661       compactflash
C:   00000148  A$compactflashmpactflash$662       compactflash
C:   0000014A  A$compactflashmpactflash$663       compactflash
C:   0000014B  A$compactflashmpactflash$664       compactflash
C:   0000014C  A$compactflashmpactflash$665       compactflash
C:   0000014D  A$compactflashmpactflash$666       compactflash
C:   0000014F  A$compactflashmpactflash$667       compactflash
C:   00000150  A$compactflashmpactflash$668       compactflash
C:   00000151  A$compactflashmpactflash$669       compactflash
C:   00000153  A$compactflashmpactflash$670       compactflash
C:   00000154  A$compactflashmpactflash$671       compactflash
C:   00000155  A$compactflashmpactflash$672       compactflash
C:   00000157  A$compactflashmpactflash$673       compactflash
C:   00000159  A$compactflashmpactflash$674       compactflash
C:   0000015B  A$compactflashmpactflash$675       compactflash
C:   0000015C  A$compactflashmpactflash$678       compactflash
ASxxxx Linker V03.00 + NoICE + sdld,  page 23.
Hexadecimal  [32-Bits]

Area                                    Addr        Size        Decimal Bytes (Attributes)
--------------------------------        ----        ----        ------- ----- ------------
CSEG                                00000062    00003E45 =       15941. bytes (REL,CON,CODE)

      Value  Global                              Global Defined In Module
      -----  --------------------------------   ------------------------
C:   0000015C  C$compactflash.c$59$1_0$20         compactflash
C:   0000015F  A$compactflashmpactflash$681       compactflash
C:   0000015F  C$compactflash.c$60$1_0$20         compactflash
C:   00000161  A$compactflashmpactflash$682       compactflash
C:   00000162  A$compactflashmpactflash$683       compactflash
C:   00000164  A$compactflashmpactflash$684       compactflash
C:   00000166  A$compactflashmpactflash$685       compactflash
C:   00000168  A$compactflashmpactflash$686       compactflash
C:   0000016B  A$compactflashmpactflash$687       compactflash
C:   0000016D  A$compactflashmpactflash$688       compactflash
C:   0000016F  A$compactflashmpactflash$691       compactflash
C:   0000016F  C$compactflash.c$62$1_0$20         compactflash
C:   00000172  A$compactflashmpactflash$694       compactflash
C:   00000172  C$compactflash.c$63$1_0$20         compactflash
C:   00000174  A$compactflashmpactflash$695       compactflash
C:   00000175  A$compactflashmpactflash$696       compactflash
C:   00000176  A$compactflashmpactflash$697       compactflash
C:   00000178  A$compactflashmpactflash$698       compactflash
C:   00000179  A$compactflashmpactflash$699       compactflash
C:   0000017A  A$compactflashmpactflash$700       compactflash
C:   0000017C  A$compactflashmpactflash$701       compactflash
C:   0000017E  A$compactflashmpactflash$702       compactflash
C:   0000017F  A$compactflashmpactflash$703       compactflash
C:   00000181  A$compactflashmpactflash$704       compactflash
C:   00000183  A$compactflashmpactflash$705       compactflash
C:   00000185  A$compactflashmpactflash$706       compactflash
C:   00000186  A$compactflashmpactflash$707       compactflash
C:   00000187  A$compactflashmpactflash$710       compactflash
C:   00000187  C$compactflash.c$65$1_0$20         compactflash
C:   0000018A  A$compactflashmpactflash$713       compactflash
C:   0000018A  C$compactflash.c$66$1_0$20         compactflash
C:   0000018C  A$compactflashmpactflash$714       compactflash
C:   0000018D  A$compactflashmpactflash$715       compactflash
C:   0000018F  A$compactflashmpactflash$716       compactflash
C:   00000191  A$compactflashmpactflash$717       compactflash
C:   00000193  A$compactflashmpactflash$718       compactflash
C:   00000196  A$compactflashmpactflash$719       compactflash
C:   00000198  A$compactflashmpactflash$720       compactflash
C:   0000019A  A$compactflashmpactflash$723       compactflash
C:   0000019A  C$compactflash.c$68$1_0$20         compactflash
C:   0000019D  A$compactflashmpactflash$726       compactflash
C:   0000019D  C$compactflash.c$69$1_0$20         compactflash
C:   0000019F  A$compactflashmpactflash$727       compactflash
C:   000001A0  A$compactflashmpactflash$728       compactflash
C:   000001A1  A$compactflashmpactflash$729       compactflash
C:   000001A3  A$compactflashmpactflash$730       compactflash
C:   000001A4  A$compactflashmpactflash$731       compactflash
C:   000001A5  A$compactflashmpactflash$732       compactflash
C:   000001A7  A$compactflashmpactflash$733       compactflash
C:   000001A9  A$compactflashmpactflash$734       compactflash
C:   000001AA  A$compactflashmpactflash$735       compactflash
ASxxxx Linker V03.00 + NoICE + sdld,  page 24.
Hexadecimal  [32-Bits]

Area                                    Addr        Size        Decimal Bytes (Attributes)
--------------------------------        ----        ----        ------- ----- ------------
CSEG                                00000062    00003E45 =       15941. bytes (REL,CON,CODE)

      Value  Global                              Global Defined In Module
      -----  --------------------------------   ------------------------
C:   000001AB  A$compactflashmpactflash$736       compactflash
C:   000001AD  A$compactflashmpactflash$737       compactflash
C:   000001AF  A$compactflashmpactflash$738       compactflash
C:   000001B1  A$compactflashmpactflash$739       compactflash
C:   000001B2  A$compactflashmpactflash$740       compactflash
C:   000001B3  A$compactflashmpactflash$743       compactflash
C:   000001B3  C$compactflash.c$71$1_0$20         compactflash
C:   000001B6  A$compactflashmpactflash$746       compactflash
C:   000001B6  C$compactflash.c$72$1_0$20         compactflash
C:   000001B8  A$compactflashmpactflash$747       compactflash
C:   000001B9  A$compactflashmpactflash$748       compactflash
C:   000001BB  A$compactflashmpactflash$749       compactflash
C:   000001BD  A$compactflashmpactflash$750       compactflash
C:   000001BF  A$compactflashmpactflash$751       compactflash
C:   000001C2  A$compactflashmpactflash$752       compactflash
C:   000001C4  A$compactflashmpactflash$753       compactflash
C:   000001C6  A$compactflashmpactflash$756       compactflash
C:   000001C6  C$compactflash.c$74$1_0$20         compactflash
C:   000001C9  A$compactflashmpactflash$759       compactflash
C:   000001C9  C$compactflash.c$75$1_0$20         compactflash
C:   000001CB  A$compactflashmpactflash$760       compactflash
C:   000001CC  A$compactflashmpactflash$761       compactflash
C:   000001CD  A$compactflashmpactflash$762       compactflash
C:   000001CF  A$compactflashmpactflash$763       compactflash
C:   000001D0  A$compactflashmpactflash$764       compactflash
C:   000001D1  A$compactflashmpactflash$765       compactflash
C:   000001D3  A$compactflashmpactflash$766       compactflash
C:   000001D5  A$compactflashmpactflash$767       compactflash
C:   000001D6  A$compactflashmpactflash$768       compactflash
C:   000001D7  A$compactflashmpactflash$769       compactflash
C:   000001D8  A$compactflashmpactflash$770       compactflash
C:   000001DA  A$compactflashmpactflash$771       compactflash
C:   000001DC  A$compactflashmpactflash$772       compactflash
C:   000001DE  A$compactflashmpactflash$773       compactflash
C:   000001DF  A$compactflashmpactflash$774       compactflash
C:   000001E0  A$compactflashmpactflash$777       compactflash
C:   000001E0  C$compactflash.c$77$1_0$20         compactflash
C:   000001E3  A$compactflashmpactflash$780       compactflash
C:   000001E3  C$compactflash.c$78$1_0$20         compactflash
C:   000001E5  A$compactflashmpactflash$781       compactflash
C:   000001E6  A$compactflashmpactflash$782       compactflash
C:   000001E8  A$compactflashmpactflash$783       compactflash
C:   000001EA  A$compactflashmpactflash$784       compactflash
C:   000001EC  A$compactflashmpactflash$785       compactflash
C:   000001EF  A$compactflashmpactflash$786       compactflash
C:   000001F1  A$compactflashmpactflash$787       compactflash
C:   000001F3  A$compactflashmpactflash$790       compactflash
C:   000001F3  C$compactflash.c$80$1_0$20         compactflash
C:   000001F6  A$compactflashmpactflash$793       compactflash
C:   000001F6  C$compactflash.c$81$1_0$20         compactflash
C:   000001F8  A$compactflashmpactflash$794       compactflash
ASxxxx Linker V03.00 + NoICE + sdld,  page 25.
Hexadecimal  [32-Bits]

Area                                    Addr        Size        Decimal Bytes (Attributes)
--------------------------------        ----        ----        ------- ----- ------------
CSEG                                00000062    00003E45 =       15941. bytes (REL,CON,CODE)

      Value  Global                              Global Defined In Module
      -----  --------------------------------   ------------------------
C:   000001F9  A$compactflashmpactflash$795       compactflash
C:   000001FA  A$compactflashmpactflash$796       compactflash
C:   000001FC  A$compactflashmpactflash$797       compactflash
C:   000001FD  A$compactflashmpactflash$798       compactflash
C:   000001FE  A$compactflashmpactflash$799       compactflash
C:   00000200  A$compactflashmpactflash$800       compactflash
C:   00000202  A$compactflashmpactflash$801       compactflash
C:   00000203  A$compactflashmpactflash$802       compactflash
C:   00000204  A$compactflashmpactflash$803       compactflash
C:   00000205  A$compactflashmpactflash$804       compactflash
C:   00000206  A$compactflashmpactflash$805       compactflash
C:   00000208  A$compactflashmpactflash$806       compactflash
C:   0000020B  A$compactflashmpactflash$807       compactflash
C:   0000020E  A$compactflashmpactflash$808       compactflash
C:   00000210  A$compactflashmpactflash$809       compactflash
C:   00000212  A$compactflashmpactflash$810       compactflash
C:   00000213  A$compactflashmpactflash$811       compactflash
C:   00000214  A$compactflashmpactflash$814       compactflash
C:   00000214  C$compactflash.c$84$3_0$22         compactflash
C:   00000216  A$compactflashmpactflash$815       compactflash
C:   00000217  A$compactflashmpactflash$816       compactflash
C:   00000218  A$compactflashmpactflash$817       compactflash
C:   0000021A  A$compactflashmpactflash$818       compactflash
C:   0000021B  A$compactflashmpactflash$819       compactflash
C:   0000021C  A$compactflashmpactflash$820       compactflash
C:   0000021E  A$compactflashmpactflash$821       compactflash
C:   0000021F  A$compactflashmpactflash$822       compactflash
C:   00000220  A$compactflashmpactflash$823       compactflash
C:   00000222  A$compactflashmpactflash$824       compactflash
C:   00000223  A$compactflashmpactflash$825       compactflash
C:   00000224  A$compactflashmpactflash$826       compactflash
C:   00000226  A$compactflashmpactflash$827       compactflash
C:   00000228  A$compactflashmpactflash$828       compactflash
C:   00000229  A$compactflashmpactflash$829       compactflash
C:   0000022A  A$compactflashmpactflash$830       compactflash
C:   0000022B  A$compactflashmpactflash$831       compactflash
C:   0000022C  A$compactflashmpactflash$832       compactflash
C:   0000022D  A$compactflashmpactflash$833       compactflash
C:   0000022F  A$compactflashmpactflash$834       compactflash
C:   00000231  A$compactflashmpactflash$835       compactflash
C:   00000232  A$compactflashmpactflash$836       compactflash
C:   00000234  A$compactflashmpactflash$837       compactflash
C:   00000235  A$compactflashmpactflash$838       compactflash
C:   00000236  A$compactflashmpactflash$839       compactflash
C:   00000237  A$compactflashmpactflash$840       compactflash
C:   00000238  A$compactflashmpactflash$841       compactflash
C:   00000239  A$compactflashmpactflash$842       compactflash
C:   0000023A  A$compactflashmpactflash$843       compactflash
C:   0000023B  A$compactflashmpactflash$844       compactflash
C:   0000023C  A$compactflashmpactflash$846       compactflash
C:   0000023E  A$compactflashmpactflash$847       compactflash
ASxxxx Linker V03.00 + NoICE + sdld,  page 26.
Hexadecimal  [32-Bits]

Area                                    Addr        Size        Decimal Bytes (Attributes)
--------------------------------        ----        ----        ------- ----- ------------
CSEG                                00000062    00003E45 =       15941. bytes (REL,CON,CODE)

      Value  Global                              Global Defined In Module
      -----  --------------------------------   ------------------------
C:   0000023F  A$compactflashmpactflash$848       compactflash
C:   00000240  A$compactflashmpactflash$849       compactflash
C:   00000242  A$compactflashmpactflash$850       compactflash
C:   00000243  A$compactflashmpactflash$851       compactflash
C:   00000245  A$compactflashmpactflash$852       compactflash
C:   00000247  A$compactflashmpactflash$853       compactflash
C:   00000248  A$compactflashmpactflash$854       compactflash
C:   00000249  A$compactflashmpactflash$855       compactflash
C:   0000024A  A$compactflashmpactflash$856       compactflash
C:   0000024D  A$compactflashmpactflash$857       compactflash
C:   0000024E  A$compactflashmpactflash$858       compactflash
C:   0000024F  A$compactflashmpactflash$860       compactflash
C:   00000250  A$compactflashmpactflash$861       compactflash
C:   00000251  A$compactflashmpactflash$862       compactflash
C:   00000253  A$compactflashmpactflash$863       compactflash
C:   00000256  A$compactflashmpactflash$870       compactflash
C:   00000256  C$compactflash.c$86$2_0$21         compactflash
C:   00000256  C$compactflash.c$88$3_0$22         compactflash
C:   00000259  A$compactflashmpactflash$873       compactflash
C:   00000259  C$compactflash.c$89$3_0$22         compactflash
C:   0000025B  A$compactflashmpactflash$874       compactflash
C:   0000025C  A$compactflashmpactflash$875       compactflash
C:   0000025E  A$compactflashmpactflash$876       compactflash
C:   00000260  A$compactflashmpactflash$877       compactflash
C:   00000262  A$compactflashmpactflash$878       compactflash
C:   00000264  A$compactflashmpactflash$879       compactflash
C:   00000266  A$compactflashmpactflash$880       compactflash
C:   00000269  A$compactflashmpactflash$881       compactflash
C:   0000026B  A$compactflashmpactflash$882       compactflash
C:   0000026D  A$compactflashmpactflash$883       compactflash
C:   0000026F  A$compactflashmpactflash$884       compactflash
C:   00000271  A$compactflashmpactflash$887       compactflash
C:   00000271  C$compactflash.c$91$3_0$22         compactflash
C:   00000274  A$compactflashmpactflash$890       compactflash
C:   00000274  C$compactflash.c$92$3_0$22         compactflash
C:   00000276  A$compactflashmpactflash$891       compactflash
C:   00000278  A$compactflashmpactflash$892       compactflash
C:   0000027A  A$compactflashmpactflash$893       compactflash
C:   0000027C  A$compactflashmpactflash$894       compactflash
C:   0000027E  A$compactflashmpactflash$895       compactflash
C:   0000027F  A$compactflashmpactflash$898       compactflash
C:   0000027F  C$compactflash.c$94$3_0$22         compactflash
C:   00000282  A$compactflashmpactflash$901       compactflash
C:   00000282  C$compactflash.c$95$3_0$22         compactflash
C:   00000284  A$compactflashmpactflash$902       compactflash
C:   00000285  A$compactflashmpactflash$903       compactflash
C:   00000287  A$compactflashmpactflash$904       compactflash
C:   00000289  A$compactflashmpactflash$905       compactflash
C:   0000028B  A$compactflashmpactflash$906       compactflash
C:   0000028D  A$compactflashmpactflash$907       compactflash
C:   0000028F  A$compactflashmpactflash$908       compactflash
ASxxxx Linker V03.00 + NoICE + sdld,  page 27.
Hexadecimal  [32-Bits]

Area                                    Addr        Size        Decimal Bytes (Attributes)
--------------------------------        ----        ----        ------- ----- ------------
CSEG                                00000062    00003E45 =       15941. bytes (REL,CON,CODE)

      Value  Global                              Global Defined In Module
      -----  --------------------------------   ------------------------
C:   00000291  A$compactflashmpactflash$909       compactflash
C:   00000293  A$compactflashmpactflash$910       compactflash
C:   00000296  A$compactflashmpactflash$911       compactflash
C:   00000298  A$compactflashmpactflash$912       compactflash
C:   0000029A  A$compactflashmpactflash$913       compactflash
C:   0000029C  A$compactflashmpactflash$914       compactflash
C:   0000029E  A$compactflashmpactflash$915       compactflash
C:   000002A0  A$compactflashmpactflash$916       compactflash
C:   000002A2  A$compactflashmpactflash$919       compactflash
C:   000002A2  C$compactflash.c$97$3_0$22         compactflash
C:   000002A5  A$compactflashmpactflash$922       compactflash
C:   000002A5  C$compactflash.c$98$3_0$22         compactflash
C:   000002A7  A$compactflashmpactflash$923       compactflash
C:   000002A9  A$compactflashmpactflash$924       compactflash
C:   000002AA  A$compactflashmpactflash$929       compactflash
C:   000002AA  C$compactflash.c$100$3_0$22        compactflash
C:   000002AA  C$compactflash.c$102$2_0$21        compactflash
C:   000002AB  A$compactflashmpactflash$930       compactflash
C:   000002AE  A$compactflashmpactflash$931       compactflash
C:   000002B1  A$compactflashmpactflash$934       compactflash
C:   000002B1  C$compactflash.c$105$1_0$20        compactflash
C:   000002B3  A$compactflashmpactflash$935       compactflash
C:   000002B5  A$compactflashmpactflash$936       compactflash
C:   000002B6  A$compactflashmpactflash$937       compactflash
C:   000002B7  A$compactflashmpactflash$938       compactflash
C:   000002B8  A$compactflashmpactflash$939       compactflash
C:   000002B9  A$compactflashmpactflash$940       compactflash
C:   000002BA  A$compactflashmpactflash$942       compactflash
C:   000002BC  A$compactflashmpactflash$943       compactflash
C:   000002BE  A$compactflashmpactflash$944       compactflash
C:   000002BF  A$compactflashmpactflash$945       compactflash
C:   000002C0  A$compactflashmpactflash$946       compactflash
C:   000002C1  A$compactflashmpactflash$947       compactflash
C:   000002C2  A$compactflashmpactflash$948       compactflash
C:   000002C4  A$compactflashmpactflash$949       compactflash
C:   000002C6  A$compactflashmpactflash$952       compactflash
C:   000002C6  C$compactflash.c$107$1_0$20        compactflash
C:   000002C8  A$compactflashmpactflash$953       compactflash
C:   000002CA  A$compactflashmpactflash$954       compactflash
C:   000002CD  A$compactflashmpactflash$957       compactflash
C:   000002CD  C$compactflash.c$108$3_0$23        compactflash
C:   000002CF  A$compactflashmpactflash$958       compactflash
C:   000002D0  A$compactflashmpactflash$959       compactflash
C:   000002D2  A$compactflashmpactflash$960       compactflash
C:   000002D4  A$compactflashmpactflash$961       compactflash
C:   000002D6  A$compactflashmpactflash$962       compactflash
C:   000002D8  A$compactflashmpactflash$963       compactflash
C:   000002DA  A$compactflashmpactflash$964       compactflash
C:   000002DD  A$compactflashmpactflash$965       compactflash
C:   000002DF  A$compactflashmpactflash$966       compactflash
C:   000002E1  A$compactflashmpactflash$967       compactflash
ASxxxx Linker V03.00 + NoICE + sdld,  page 28.
Hexadecimal  [32-Bits]

Area                                    Addr        Size        Decimal Bytes (Attributes)
--------------------------------        ----        ----        ------- ----- ------------
CSEG                                00000062    00003E45 =       15941. bytes (REL,CON,CODE)

      Value  Global                              Global Defined In Module
      -----  --------------------------------   ------------------------
C:   000002E3  A$compactflashmpactflash$968       compactflash
C:   000002E5  A$compactflashmpactflash$971       compactflash
C:   000002E5  C$compactflash.c$110$3_0$23        compactflash
C:   000002E8  A$compactflashmpactflash$974       compactflash
C:   000002E8  C$compactflash.c$111$3_0$23        compactflash
C:   000002EA  A$compactflashmpactflash$975       compactflash
C:   000002EC  A$compactflashmpactflash$976       compactflash
C:   000002ED  A$compactflashmpactflash$977       compactflash
C:   000002EF  A$compactflashmpactflash$978       compactflash
C:   000002F1  A$compactflashmpactflash$979       compactflash
C:   000002F2  A$compactflashmpactflash$980       compactflash
C:   000002F3  A$compactflashmpactflash$981       compactflash
C:   000002F4  A$compactflashmpactflash$982       compactflash
C:   000002F5  A$compactflashmpactflash$983       compactflash
C:   000002F6  A$compactflashmpactflash$984       compactflash
C:   000002F7  A$compactflashmpactflash$985       compactflash
C:   000002F8  A$compactflashmpactflash$986       compactflash
C:   000002F9  A$compactflashmpactflash$987       compactflash
C:   000002FA  A$compactflashmpactflash$988       compactflash
C:   000002FC  A$compactflashmpactflash$989       compactflash
C:   000002FE  A$compactflashmpactflash$990       compactflash
C:   000002FF  A$compactflashmpactflash$991       compactflash
C:   00000300  A$compactflashmpactflash$992       compactflash
C:   00000301  A$compactflashmpactflash$993       compactflash
C:   00000302  A$compactflashmpactflash$994       compactflash
C:   00000303  A$compactflashmpactflash$995       compactflash
C:   00000304  A$compactflashmpactflash$996       compactflash
C:   00000305  A$compactflashmpactflash$997       compactflash
C:   00000306  A$compactflashmpactflash$998       compactflash
C:   00000307  A$compactflashmpactflash$999       compactflash
C:   00000309  A$compactflashmpactflash$1000      compactflash
C:   0000030B  A$compactflashmpactflash$1001      compactflash
C:   0000030D  A$compactflashmpactflash$1002      compactflash
C:   0000030E  A$compactflashmpactflash$1003      compactflash
C:   0000030F  A$compactflashmpactflash$1004      compactflash
C:   00000311  A$compactflashmpactflash$1005      compactflash
C:   00000313  A$compactflashmpactflash$1006      compactflash
C:   00000315  A$compactflashmpactflash$1007      compactflash
C:   00000318  A$compactflashmpactflash$1010      compactflash
C:   00000318  C$compactflash.c$113$3_0$23        compactflash
C:   0000031A  A$compactflashmpactflash$1011      compactflash
C:   0000031C  A$compactflashmpactflash$1012      compactflash
C:   0000031D  A$compactflashmpactflash$1013      compactflash
C:   0000031E  A$compactflashmpactflash$1014      compactflash
C:   00000321  A$compactflashmpactflash$1015      compactflash
C:   00000322  A$compactflashmpactflash$1016      compactflash
C:   00000323  A$compactflashmpactflash$1020      compactflash
C:   00000323  C$compactflash.c$115$3_0$23        compactflash
C:   00000326  A$compactflashmpactflash$1021      compactflash
C:   00000328  A$compactflashmpactflash$1022      compactflash
C:   0000032A  A$compactflashmpactflash$1023      compactflash
ASxxxx Linker V03.00 + NoICE + sdld,  page 29.
Hexadecimal  [32-Bits]

Area                                    Addr        Size        Decimal Bytes (Attributes)
--------------------------------        ----        ----        ------- ----- ------------
CSEG                                00000062    00003E45 =       15941. bytes (REL,CON,CODE)

      Value  Global                              Global Defined In Module
      -----  --------------------------------   ------------------------
C:   0000032C  A$compactflashmpactflash$1027      compactflash
C:   0000032C  C$compactflash.c$117$2_0$21        compactflash
C:   0000032E  A$compactflashmpactflash$1028      compactflash
C:   00000330  A$compactflashmpactflash$1029      compactflash
C:   00000331  A$compactflashmpactflash$1030      compactflash
C:   00000333  A$compactflashmpactflash$1031      compactflash
C:   00000334  A$compactflashmpactflash$1032      compactflash
C:   00000335  A$compactflashmpactflash$1033      compactflash
C:   00000336  A$compactflashmpactflash$1034      compactflash
C:   00000339  A$compactflashmpactflash$1038      compactflash
C:   00000339  C$compactflash.c$120$1_0$20        compactflash
C:   0000033C  A$compactflashmpactflash$1041      compactflash
C:   0000033F  A$compactflashmpactflash$1042      compactflash
C:   00000341  A$compactflashmpactflash$1045      compactflash
C:   00000341  C$compactflash.c$121$1_0$20        compactflash
C:   00000341  XG$cfReadSector$0$0                compactflash
C:   00000342  A$compactflashmpactflash$1066      compactflash
C:   00000342  C$compactflash.c$123$1_0$25        compactflash
C:   00000342  G$cfWriteSector$0$0                compactflash
C:   00000342  _cfWriteSector                     compactflash
C:   00000344  A$compactflashmpactflash$1067      compactflash
C:   00000347  A$compactflashmpactflash$1068      compactflash
C:   00000349  A$compactflashmpactflash$1069      compactflash
C:   0000034B  A$compactflashmpactflash$1070      compactflash
C:   0000034D  A$compactflashmpactflash$1071      compactflash
C:   0000034F  A$compactflashmpactflash$1074      compactflash
C:   0000034F  C$compactflash.c$131$1_0$25        compactflash
C:   00000352  A$compactflashmpactflash$1077      compactflash
C:   00000352  C$compactflash.c$132$1_0$25        compactflash
C:   00000354  A$compactflashmpactflash$1078      compactflash
C:   00000355  A$compactflashmpactflash$1079      compactflash
C:   00000357  A$compactflashmpactflash$1080      compactflash
C:   0000035A  A$compactflashmpactflash$1083      compactflash
C:   0000035A  C$compactflash.c$134$1_0$25        compactflash
C:   0000035D  A$compactflashmpactflash$1086      compactflash
C:   0000035D  C$compactflash.c$135$1_0$25        compactflash
C:   0000035F  A$compactflashmpactflash$1087      compactflash
C:   00000360  A$compactflashmpactflash$1088      compactflash
C:   00000362  A$compactflashmpactflash$1089      compactflash
C:   00000363  A$compactflashmpactflash$1090      compactflash
C:   00000364  A$compactflashmpactflash$1091      compactflash
C:   00000365  A$compactflashmpactflash$1092      compactflash
C:   00000366  A$compactflashmpactflash$1093      compactflash
C:   00000367  A$compactflashmpactflash$1094      compactflash
C:   00000368  A$compactflashmpactflash$1095      compactflash
C:   0000036A  A$compactflashmpactflash$1096      compactflash
C:   0000036B  A$compactflashmpactflash$1097      compactflash
C:   0000036C  A$compactflashmpactflash$1098      compactflash
C:   0000036D  A$compactflashmpactflash$1099      compactflash
C:   0000036F  A$compactflashmpactflash$1100      compactflash
C:   00000370  A$compactflashmpactflash$1101      compactflash
ASxxxx Linker V03.00 + NoICE + sdld,  page 30.
Hexadecimal  [32-Bits]

Area                                    Addr        Size        Decimal Bytes (Attributes)
--------------------------------        ----        ----        ------- ----- ------------
CSEG                                00000062    00003E45 =       15941. bytes (REL,CON,CODE)

      Value  Global                              Global Defined In Module
      -----  --------------------------------   ------------------------
C:   00000371  A$compactflashmpactflash$1102      compactflash
C:   00000373  A$compactflashmpactflash$1103      compactflash
C:   00000374  A$compactflashmpactflash$1104      compactflash
C:   00000375  A$compactflashmpactflash$1105      compactflash
C:   00000377  A$compactflashmpactflash$1106      compactflash
C:   00000379  A$compactflashmpactflash$1107      compactflash
C:   0000037B  A$compactflashmpactflash$1108      compactflash
C:   0000037C  A$compactflashmpactflash$1111      compactflash
C:   0000037C  C$compactflash.c$137$1_0$25        compactflash
C:   0000037F  A$compactflashmpactflash$1114      compactflash
C:   0000037F  C$compactflash.c$138$1_0$25        compactflash
C:   00000381  A$compactflashmpactflash$1115      compactflash
C:   00000382  A$compactflashmpactflash$1116      compactflash
C:   00000384  A$compactflashmpactflash$1117      compactflash
C:   00000386  A$compactflashmpactflash$1118      compactflash
C:   00000388  A$compactflashmpactflash$1119      compactflash
C:   0000038B  A$compactflashmpactflash$1120      compactflash
C:   0000038D  A$compactflashmpactflash$1121      compactflash
C:   0000038F  A$compactflashmpactflash$1124      compactflash
C:   0000038F  C$compactflash.c$140$1_0$25        compactflash
C:   00000392  A$compactflashmpactflash$1127      compactflash
C:   00000392  C$compactflash.c$141$1_0$25        compactflash
C:   00000394  A$compactflashmpactflash$1128      compactflash
C:   00000395  A$compactflashmpactflash$1129      compactflash
C:   00000396  A$compactflashmpactflash$1130      compactflash
C:   00000398  A$compactflashmpactflash$1131      compactflash
C:   00000399  A$compactflashmpactflash$1132      compactflash
C:   0000039A  A$compactflashmpactflash$1133      compactflash
C:   0000039C  A$compactflashmpactflash$1134      compactflash
C:   0000039E  A$compactflashmpactflash$1135      compactflash
C:   0000039F  A$compactflashmpactflash$1136      compactflash
C:   000003A1  A$compactflashmpactflash$1137      compactflash
C:   000003A3  A$compactflashmpactflash$1138      compactflash
C:   000003A5  A$compactflashmpactflash$1139      compactflash
C:   000003A6  A$compactflashmpactflash$1140      compactflash
C:   000003A7  A$compactflashmpactflash$1143      compactflash
C:   000003A7  C$compactflash.c$143$1_0$25        compactflash
C:   000003AA  A$compactflashmpactflash$1146      compactflash
C:   000003AA  C$compactflash.c$144$1_0$25        compactflash
C:   000003AC  A$compactflashmpactflash$1147      compactflash
C:   000003AD  A$compactflashmpactflash$1148      compactflash
C:   000003AF  A$compactflashmpactflash$1149      compactflash
C:   000003B1  A$compactflashmpactflash$1150      compactflash
C:   000003B3  A$compactflashmpactflash$1151      compactflash
C:   000003B6  A$compactflashmpactflash$1152      compactflash
C:   000003B8  A$compactflashmpactflash$1153      compactflash
C:   000003BA  A$compactflashmpactflash$1156      compactflash
C:   000003BA  C$compactflash.c$146$1_0$25        compactflash
C:   000003BD  A$compactflashmpactflash$1159      compactflash
C:   000003BD  C$compactflash.c$147$1_0$25        compactflash
C:   000003BF  A$compactflashmpactflash$1160      compactflash
ASxxxx Linker V03.00 + NoICE + sdld,  page 31.
Hexadecimal  [32-Bits]

Area                                    Addr        Size        Decimal Bytes (Attributes)
--------------------------------        ----        ----        ------- ----- ------------
CSEG                                00000062    00003E45 =       15941. bytes (REL,CON,CODE)

      Value  Global                              Global Defined In Module
      -----  --------------------------------   ------------------------
C:   000003C0  A$compactflashmpactflash$1161      compactflash
C:   000003C1  A$compactflashmpactflash$1162      compactflash
C:   000003C3  A$compactflashmpactflash$1163      compactflash
C:   000003C4  A$compactflashmpactflash$1164      compactflash
C:   000003C5  A$compactflashmpactflash$1165      compactflash
C:   000003C7  A$compactflashmpactflash$1166      compactflash
C:   000003C9  A$compactflashmpactflash$1167      compactflash
C:   000003CA  A$compactflashmpactflash$1168      compactflash
C:   000003CB  A$compactflashmpactflash$1169      compactflash
C:   000003CD  A$compactflashmpactflash$1170      compactflash
C:   000003CF  A$compactflashmpactflash$1171      compactflash
C:   000003D1  A$compactflashmpactflash$1172      compactflash
C:   000003D2  A$compactflashmpactflash$1173      compactflash
C:   000003D3  A$compactflashmpactflash$1176      compactflash
C:   000003D3  C$compactflash.c$149$1_0$25        compactflash
C:   000003D6  A$compactflashmpactflash$1179      compactflash
C:   000003D6  C$compactflash.c$150$1_0$25        compactflash
C:   000003D8  A$compactflashmpactflash$1180      compactflash
C:   000003D9  A$compactflashmpactflash$1181      compactflash
C:   000003DB  A$compactflashmpactflash$1182      compactflash
C:   000003DD  A$compactflashmpactflash$1183      compactflash
C:   000003DF  A$compactflashmpactflash$1184      compactflash
C:   000003E2  A$compactflashmpactflash$1185      compactflash
C:   000003E4  A$compactflashmpactflash$1186      compactflash
C:   000003E6  A$compactflashmpactflash$1189      compactflash
C:   000003E6  C$compactflash.c$152$1_0$25        compactflash
C:   000003E9  A$compactflashmpactflash$1192      compactflash
C:   000003E9  C$compactflash.c$153$1_0$25        compactflash
C:   000003EB  A$compactflashmpactflash$1193      compactflash
C:   000003EC  A$compactflashmpactflash$1194      compactflash
C:   000003ED  A$compactflashmpactflash$1195      compactflash
C:   000003EF  A$compactflashmpactflash$1196      compactflash
C:   000003F0  A$compactflashmpactflash$1197      compactflash
C:   000003F1  A$compactflashmpactflash$1198      compactflash
C:   000003F3  A$compactflashmpactflash$1199      compactflash
C:   000003F5  A$compactflashmpactflash$1200      compactflash
C:   000003F6  A$compactflashmpactflash$1201      compactflash
C:   000003F7  A$compactflashmpactflash$1202      compactflash
C:   000003F8  A$compactflashmpactflash$1203      compactflash
C:   000003FA  A$compactflashmpactflash$1204      compactflash
C:   000003FC  A$compactflashmpactflash$1205      compactflash
C:   000003FE  A$compactflashmpactflash$1206      compactflash
C:   000003FF  A$compactflashmpactflash$1207      compactflash
C:   00000400  A$compactflashmpactflash$1210      compactflash
C:   00000400  C$compactflash.c$155$1_0$25        compactflash
C:   00000403  A$compactflashmpactflash$1213      compactflash
C:   00000403  C$compactflash.c$156$1_0$25        compactflash
C:   00000405  A$compactflashmpactflash$1214      compactflash
C:   00000406  A$compactflashmpactflash$1215      compactflash
C:   00000408  A$compactflashmpactflash$1216      compactflash
C:   0000040A  A$compactflashmpactflash$1217      compactflash
ASxxxx Linker V03.00 + NoICE + sdld,  page 32.
Hexadecimal  [32-Bits]

Area                                    Addr        Size        Decimal Bytes (Attributes)
--------------------------------        ----        ----        ------- ----- ------------
CSEG                                00000062    00003E45 =       15941. bytes (REL,CON,CODE)

      Value  Global                              Global Defined In Module
      -----  --------------------------------   ------------------------
C:   0000040C  A$compactflashmpactflash$1218      compactflash
C:   0000040F  A$compactflashmpactflash$1219      compactflash
C:   00000411  A$compactflashmpactflash$1220      compactflash
C:   00000413  A$compactflashmpactflash$1223      compactflash
C:   00000413  C$compactflash.c$158$1_0$25        compactflash
C:   00000416  A$compactflashmpactflash$1226      compactflash
C:   00000416  C$compactflash.c$159$1_0$25        compactflash
C:   00000418  A$compactflashmpactflash$1227      compactflash
C:   00000419  A$compactflashmpactflash$1228      compactflash
C:   0000041A  A$compactflashmpactflash$1229      compactflash
C:   0000041C  A$compactflashmpactflash$1230      compactflash
C:   0000041D  A$compactflashmpactflash$1231      compactflash
C:   0000041E  A$compactflashmpactflash$1232      compactflash
C:   00000420  A$compactflashmpactflash$1233      compactflash
C:   00000422  A$compactflashmpactflash$1234      compactflash
C:   00000423  A$compactflashmpactflash$1235      compactflash
C:   00000424  A$compactflashmpactflash$1236      compactflash
C:   00000425  A$compactflashmpactflash$1237      compactflash
C:   00000426  A$compactflashmpactflash$1238      compactflash
C:   00000428  A$compactflashmpactflash$1239      compactflash
C:   0000042B  A$compactflashmpactflash$1240      compactflash
C:   0000042D  A$compactflashmpactflash$1241      compactflash
C:   0000042F  A$compactflashmpactflash$1242      compactflash
C:   00000430  A$compactflashmpactflash$1243      compactflash
C:   00000431  A$compactflashmpactflash$1246      compactflash
C:   00000431  C$compactflash.c$162$3_0$27        compactflash
C:   00000433  A$compactflashmpactflash$1247      compactflash
C:   00000434  A$compactflashmpactflash$1248      compactflash
C:   00000435  A$compactflashmpactflash$1249      compactflash
C:   00000437  A$compactflashmpactflash$1250      compactflash
C:   00000438  A$compactflashmpactflash$1251      compactflash
C:   00000439  A$compactflashmpactflash$1252      compactflash
C:   0000043B  A$compactflashmpactflash$1253      compactflash
C:   0000043C  A$compactflashmpactflash$1254      compactflash
C:   0000043D  A$compactflashmpactflash$1255      compactflash
C:   0000043F  A$compactflashmpactflash$1256      compactflash
C:   00000440  A$compactflashmpactflash$1257      compactflash
C:   00000441  A$compactflashmpactflash$1258      compactflash
C:   00000443  A$compactflashmpactflash$1259      compactflash
C:   00000445  A$compactflashmpactflash$1260      compactflash
C:   00000446  A$compactflashmpactflash$1261      compactflash
C:   00000447  A$compactflashmpactflash$1262      compactflash
C:   00000448  A$compactflashmpactflash$1263      compactflash
C:   00000449  A$compactflashmpactflash$1264      compactflash
C:   0000044A  A$compactflashmpactflash$1265      compactflash
C:   0000044C  A$compactflashmpactflash$1266      compactflash
C:   0000044E  A$compactflashmpactflash$1267      compactflash
C:   0000044F  A$compactflashmpactflash$1268      compactflash
C:   00000451  A$compactflashmpactflash$1269      compactflash
C:   00000452  A$compactflashmpactflash$1270      compactflash
C:   00000453  A$compactflashmpactflash$1271      compactflash
ASxxxx Linker V03.00 + NoICE + sdld,  page 33.
Hexadecimal  [32-Bits]

Area                                    Addr        Size        Decimal Bytes (Attributes)
--------------------------------        ----        ----        ------- ----- ------------
CSEG                                00000062    00003E45 =       15941. bytes (REL,CON,CODE)

      Value  Global                              Global Defined In Module
      -----  --------------------------------   ------------------------
C:   00000454  A$compactflashmpactflash$1272      compactflash
C:   00000455  A$compactflashmpactflash$1273      compactflash
C:   00000456  A$compactflashmpactflash$1274      compactflash
C:   00000457  A$compactflashmpactflash$1275      compactflash
C:   00000458  A$compactflashmpactflash$1276      compactflash
C:   00000459  A$compactflashmpactflash$1278      compactflash
C:   0000045B  A$compactflashmpactflash$1279      compactflash
C:   0000045C  A$compactflashmpactflash$1280      compactflash
C:   0000045D  A$compactflashmpactflash$1281      compactflash
C:   0000045F  A$compactflashmpactflash$1282      compactflash
C:   00000460  A$compactflashmpactflash$1283      compactflash
C:   00000462  A$compactflashmpactflash$1284      compactflash
C:   00000464  A$compactflashmpactflash$1285      compactflash
C:   00000465  A$compactflashmpactflash$1286      compactflash
C:   00000466  A$compactflashmpactflash$1287      compactflash
C:   00000467  A$compactflashmpactflash$1288      compactflash
C:   0000046A  A$compactflashmpactflash$1289      compactflash
C:   0000046B  A$compactflashmpactflash$1290      compactflash
C:   0000046C  A$compactflashmpactflash$1292      compactflash
C:   0000046D  A$compactflashmpactflash$1293      compactflash
C:   0000046E  A$compactflashmpactflash$1294      compactflash
C:   00000470  A$compactflashmpactflash$1295      compactflash
C:   00000473  A$compactflashmpactflash$1302      compactflash
C:   00000473  C$compactflash.c$164$2_0$26        compactflash
C:   00000473  C$compactflash.c$166$3_0$27        compactflash
C:   00000476  A$compactflashmpactflash$1305      compactflash
C:   00000476  C$compactflash.c$167$3_0$27        compactflash
C:   00000478  A$compactflashmpactflash$1306      compactflash
C:   00000479  A$compactflashmpactflash$1307      compactflash
C:   0000047B  A$compactflashmpactflash$1308      compactflash
C:   0000047D  A$compactflashmpactflash$1309      compactflash
C:   0000047F  A$compactflashmpactflash$1310      compactflash
C:   00000481  A$compactflashmpactflash$1311      compactflash
C:   00000483  A$compactflashmpactflash$1312      compactflash
C:   00000486  A$compactflashmpactflash$1313      compactflash
C:   00000488  A$compactflashmpactflash$1314      compactflash
C:   0000048A  A$compactflashmpactflash$1315      compactflash
C:   0000048C  A$compactflashmpactflash$1316      compactflash
C:   0000048E  A$compactflashmpactflash$1319      compactflash
C:   0000048E  C$compactflash.c$169$3_0$27        compactflash
C:   00000491  A$compactflashmpactflash$1322      compactflash
C:   00000491  C$compactflash.c$170$3_0$27        compactflash
C:   00000493  A$compactflashmpactflash$1323      compactflash
C:   00000495  A$compactflashmpactflash$1324      compactflash
C:   00000497  A$compactflashmpactflash$1325      compactflash
C:   00000499  A$compactflashmpactflash$1326      compactflash
[...]
C:   00003A53  A$testDebug\test$1022              test
C:   00003A55  A$testDebug\test$1023              test
C:   00003A57  A$testDebug\test$1024              test
C:   00003A59  A$testDebug\test$1025              test
C:   00003A5B  A$testDebug\test$1026              test
C:   00003A5D  A$testDebug\test$1027              test
C:   00003A5F  A$testDebug\test$1028              test
C:   00003A61  A$testDebug\test$1029              test
C:   00003A62  A$testDebug\test$1030              test
C:   00003A64  A$testDebug\test$1031              test
C:   00003A67  A$testDebug\test$1032              test
C:   00003A6A  A$testDebug\test$1033              test
C:   00003A6C  A$testDebug\test$1034              test
C:   00003A6E  A$testDebug\test$1035              test
C:   00003A70  A$testDebug\test$1036              test
C:   00003A72  A$testDebug\test$1037              test
C:   00003A74  A$testDebug\test$1040              test
C:   00003A74  C$test.c$162$1_0$86                test
C:   00003A77  A$testDebug\test$1043              test
C:   00003A77  C$test.c$172$1_0$86                test
C:   00003A79  A$testDebug\test$1044              test
C:   00003A7B  A$testDebug\test$1045              test
C:   00003A7D  A$testDebug\test$1046              test
C:   00003A7F  A$testDebug\test$1047              test
ASxxxx Linker V03.00 + NoICE + sdld,  page 209.
Hexadecimal  [32-Bits]

Area                                    Addr        Size        Decimal Bytes (Attributes)
--------------------------------        ----        ----        ------- ----- ------------
CSEG                                00000062    00003E45 =       15941. bytes (REL,CON,CODE)

      Value  Global                              Global Defined In Module
      -----  --------------------------------   ------------------------
C:   00003A81  A$testDebug\test$1048              test
C:   00003A83  A$testDebug\test$1049              test
C:   00003A84  A$testDebug\test$1050              test
C:   00003A86  A$testDebug\test$1051              test
C:   00003A88  A$testDebug\test$1052              test
C:   00003A8A  A$testDebug\test$1053              test
C:   00003A8D  A$testDebug\test$1054              test
C:   00003A90  A$testDebug\test$1055              test
C:   00003A93  A$testDebug\test$1056              test
C:   00003A95  A$testDebug\test$1057              test
C:   00003A97  A$testDebug\test$1058              test
C:   00003A99  A$testDebug\test$1059              test
C:   00003A9B  A$testDebug\test$1062              test
C:   00003A9B  C$test.c$173$1_0$86                test
C:   00003A9C  A$testDebug\test$1063              test
C:   00003A9E  A$testDebug\test$1069              test
C:   00003A9E  C$test.c$174$1_0$86                test
C:   00003AA1  A$testDebug\test$1070              test
C:   00003AA3  A$testDebug\test$1073              test
C:   00003AA3  C$test.c$190$1_0$86                test
C:   00003AA3  XG$FATTest$0$0                     test
C:   00003AA4  A$testDebug\test$1089              test
C:   00003AA4  C$test.c$197$1_0$91                test
C:   00003AA4  G$SIOFATFSTest$0$0                 test
C:   00003AA4  _SIOFATFSTest                      test
C:   00003AA6  A$testDebug\test$1090              test
C:   00003AA9  A$testDebug\test$1091              test
C:   00003AAB  A$testDebug\test$1092              test
C:   00003AAD  A$testDebug\test$1093              test
C:   00003AAF  A$testDebug\test$1096              test
C:   00003AAF  C$test.c$203$1_0$91                test
C:   00003AB2  A$testDebug\test$1099              test
C:   00003AB2  C$test.c$205$1_0$91                test
C:   00003AB5  A$testDebug\test$1102              test
C:   00003AB5  C$test.c$206$1_0$91                test
C:   00003AB6  A$testDebug\test$1103              test
C:   00003AB8  A$testDebug\test$1104              test
C:   00003ABA  A$testDebug\test$1105              test
C:   00003ABC  A$testDebug\test$1106              test
C:   00003ABE  A$testDebug\test$1107              test
C:   00003AC0  A$testDebug\test$1108              test
C:   00003AC2  A$testDebug\test$1109              test
C:   00003AC4  A$testDebug\test$1110              test
C:   00003AC7  A$testDebug\test$1111              test
C:   00003ACA  A$testDebug\test$1112              test
C:   00003ACD  A$testDebug\test$1113              test
C:   00003ACF  A$testDebug\test$1114              test
C:   00003AD1  A$testDebug\test$1115              test
C:   00003AD3  A$testDebug\test$1118              test
C:   00003AD3  C$test.c$207$1_0$91                test
C:   00003AD4  A$testDebug\test$1119              test
ASxxxx Linker V03.00 + NoICE + sdld,  page 210.
Hexadecimal  [32-Bits]

Area                                    Addr        Size        Decimal Bytes (Attributes)
--------------------------------        ----        ----        ------- ----- ------------
CSEG                                00000062    00003E45 =       15941. bytes (REL,CON,CODE)

      Value  Global                              Global Defined In Module
      -----  --------------------------------   ------------------------
C:   00003AD6  A$testDebug\test$1122              test
C:   00003AD6  C$test.c$209$2_0$92                test
C:   00003AD9  A$testDebug\test$1125              test
C:   00003AD9  C$test.c$210$2_0$92                test
C:   00003ADC  A$testDebug\test$1129              test
C:   00003ADC  C$test.c$213$1_0$91                test
C:   00003ADF  A$testDebug\test$1132              test
C:   00003ADF  C$test.c$214$1_0$91                test
C:   00003AE0  A$testDebug\test$1133              test
C:   00003AE2  A$testDebug\test$1134              test
C:   00003AE4  A$testDebug\test$1135              test
C:   00003AE6  A$testDebug\test$1136              test
C:   00003AE8  A$testDebug\test$1137              test
C:   00003AEA  A$testDebug\test$1138              test
C:   00003AEC  A$testDebug\test$1139              test
C:   00003AEE  A$testDebug\test$1140              test
C:   00003AF1  A$testDebug\test$1141              test
C:   00003AF4  A$testDebug\test$1142              test
C:   00003AF7  A$testDebug\test$1143              test
C:   00003AF9  A$testDebug\test$1144              test
C:   00003AFB  A$testDebug\test$1145              test
C:   00003AFD  A$testDebug\test$1146              test
C:   00003AFF  A$testDebug\test$1149              test
C:   00003AFF  C$test.c$215$1_0$91                test
C:   00003B00  A$testDebug\test$1150              test
C:   00003B02  A$testDebug\test$1153              test
C:   00003B02  C$test.c$217$2_0$93                test
C:   00003B05  A$testDebug\test$1156              test
C:   00003B05  C$test.c$218$2_0$93                test
C:   00003B08  A$testDebug\test$1160              test
C:   00003B08  C$test.c$221$1_0$91                test
C:   00003B0B  A$testDebug\test$1163              test
C:   00003B0B  C$test.c$222$1_0$91                test
C:   00003B0D  A$testDebug\test$1164              test
C:   00003B0E  A$testDebug\test$1165              test
C:   00003B10  A$testDebug\test$1166              test
C:   00003B12  A$testDebug\test$1167              test
C:   00003B14  A$testDebug\test$1168              test
C:   00003B16  A$testDebug\test$1169              test
C:   00003B18  A$testDebug\test$1170              test
C:   00003B1A  A$testDebug\test$1171              test
C:   00003B1C  A$testDebug\test$1172              test
C:   00003B1D  A$testDebug\test$1173              test
C:   00003B1F  A$testDebug\test$1174              test
C:   00003B21  A$testDebug\test$1175              test
C:   00003B23  A$testDebug\test$1176              test
C:   00003B25  A$testDebug\test$1177              test
C:   00003B27  A$testDebug\test$1178              test
C:   00003B29  A$testDebug\test$1179              test
C:   00003B2B  A$testDebug\test$1180              test
C:   00003B2C  A$testDebug\test$1181              test
ASxxxx Linker V03.00 + NoICE + sdld,  page 211.
Hexadecimal  [32-Bits]

Area                                    Addr        Size        Decimal Bytes (Attributes)
--------------------------------        ----        ----        ------- ----- ------------
CSEG                                00000062    00003E45 =       15941. bytes (REL,CON,CODE)

      Value  Global                              Global Defined In Module
      -----  --------------------------------   ------------------------
C:   00003B2E  A$testDebug\test$1182              test
C:   00003B31  A$testDebug\test$1183              test
C:   00003B34  A$testDebug\test$1184              test
C:   00003B37  A$testDebug\test$1185              test
C:   00003B39  A$testDebug\test$1186              test
C:   00003B3B  A$testDebug\test$1187              test
C:   00003B3D  A$testDebug\test$1188              test
C:   00003B3F  A$testDebug\test$1189              test
C:   00003B41  A$testDebug\test$1192              test
C:   00003B41  C$test.c$223$1_0$91                test
C:   00003B42  A$testDebug\test$1193              test
C:   00003B44  A$testDebug\test$1196              test
C:   00003B44  C$test.c$225$2_0$94                test
C:   00003B47  A$testDebug\test$1199              test
C:   00003B47  C$test.c$226$2_0$94                test
C:   00003B4A  A$testDebug\test$1203              test
C:   00003B4A  C$test.c$229$1_0$91                test
C:   00003B4D  A$testDebug\test$1206              test
C:   00003B4D  C$test.c$230$1_0$91                test
C:   00003B4F  A$testDebug\test$1207              test
C:   00003B50  A$testDebug\test$1208              test
C:   00003B52  A$testDebug\test$1209              test
C:   00003B54  A$testDebug\test$1210              test
C:   00003B56  A$testDebug\test$1211              test
C:   00003B58  A$testDebug\test$1212              test
C:   00003B5A  A$testDebug\test$1213              test
C:   00003B5C  A$testDebug\test$1214              test
C:   00003B5E  A$testDebug\test$1215              test
C:   00003B60  A$testDebug\test$1216              test
C:   00003B62  A$testDebug\test$1217              test
C:   00003B63  A$testDebug\test$1218              test
C:   00003B65  A$testDebug\test$1219              test
C:   00003B68  A$testDebug\test$1220              test
C:   00003B6B  A$testDebug\test$1221              test
C:   00003B6D  A$testDebug\test$1222              test
C:   00003B6F  A$testDebug\test$1223              test
C:   00003B71  A$testDebug\test$1226              test
C:   00003B71  C$test.c$232$1_0$91                test
C:   00003B74  A$testDebug\test$1229              test
C:   00003B74  C$test.c$233$1_0$91                test
C:   00003B76  A$testDebug\test$1230              test
C:   00003B78  A$testDebug\test$1231              test
C:   00003B79  A$testDebug\test$1232              test
C:   00003B7B  A$testDebug\test$1233              test
C:   00003B7D  A$testDebug\test$1234              test
C:   00003B7F  A$testDebug\test$1235              test
C:   00003B82  A$testDebug\test$1236              test
C:   00003B85  A$testDebug\test$1237              test
C:   00003B88  A$testDebug\test$1238              test
C:   00003B8A  A$testDebug\test$1239              test
C:   00003B8C  A$testDebug\test$1240              test
ASxxxx Linker V03.00 + NoICE + sdld,  page 212.
Hexadecimal  [32-Bits]

Area                                    Addr        Size        Decimal Bytes (Attributes)
--------------------------------        ----        ----        ------- ----- ------------
CSEG                                00000062    00003E45 =       15941. bytes (REL,CON,CODE)

      Value  Global                              Global Defined In Module
      -----  --------------------------------   ------------------------
C:   00003B8E  A$testDebug\test$1241              test
C:   00003B90  A$testDebug\test$1242              test
C:   00003B92  A$testDebug\test$1243              test
C:   00003B94  A$testDebug\test$1246              test
C:   00003B94  C$test.c$234$1_0$91                test
C:   00003B95  A$testDebug\test$1251              test
C:   00003B95  C$test.c$235$1_0$91                test
C:   00003B95  C$test.c$237$1_0$91                test
C:   00003B97  A$testDebug\test$1252              test
C:   00003B98  A$testDebug\test$1253              test
C:   00003B9A  A$testDebug\test$1254              test
C:   00003B9C  A$testDebug\test$1255              test
C:   00003B9E  A$testDebug\test$1256              test
C:   00003BA0  A$testDebug\test$1257              test
C:   00003BA1  A$testDebug\test$1258              test
C:   00003BA3  A$testDebug\test$1259              test
C:   00003BA5  A$testDebug\test$1260              test
C:   00003BA7  A$testDebug\test$1261              test
C:   00003BA9  A$testDebug\test$1262              test
C:   00003BAB  A$testDebug\test$1263              test
C:   00003BAD  A$testDebug\test$1264              test
C:   00003BAF  A$testDebug\test$1265              test
C:   00003BB0  A$testDebug\test$1266              test
C:   00003BB2  A$testDebug\test$1267              test
C:   00003BB5  A$testDebug\test$1268              test
C:   00003BB8  A$testDebug\test$1269              test
C:   00003BBB  A$testDebug\test$1270              test
C:   00003BBD  A$testDebug\test$1271              test
C:   00003BBF  A$testDebug\test$1272              test
C:   00003BC1  A$testDebug\test$1273              test
C:   00003BC3  A$testDebug\test$1276              test
C:   00003BC3  C$test.c$238$1_0$91                test
C:   00003BC4  A$testDebug\test$1279              test
C:   00003BC4  C$test.c$239$1_0$91                test
C:   00003BC6  A$testDebug\test$1282              test
C:   00003BC6  C$test.c$250$1_0$91                test
C:   00003BC8  A$testDebug\test$1283              test
C:   00003BCA  A$testDebug\test$1284              test
C:   00003BCB  A$testDebug\test$1285              test
C:   00003BCD  A$testDebug\test$1286              test
C:   00003BCF  A$testDebug\test$1287              test
C:   00003BD1  A$testDebug\test$1288              test
C:   00003BD3  A$testDebug\test$1289              test
C:   00003BD5  A$testDebug\test$1290              test
C:   00003BD6  A$testDebug\test$1291              test
C:   00003BD8  A$testDebug\test$1292              test
C:   00003BDA  A$testDebug\test$1293              test
C:   00003BDC  A$testDebug\test$1294              test
C:   00003BDE  A$testDebug\test$1295              test
C:   00003BE0  A$testDebug\test$1296              test
C:   00003BE2  A$testDebug\test$1297              test
ASxxxx Linker V03.00 + NoICE + sdld,  page 213.
Hexadecimal  [32-Bits]

Area                                    Addr        Size        Decimal Bytes (Attributes)
--------------------------------        ----        ----        ------- ----- ------------
CSEG                                00000062    00003E45 =       15941. bytes (REL,CON,CODE)

      Value  Global                              Global Defined In Module
      -----  --------------------------------   ------------------------
C:   00003BE4  A$testDebug\test$1298              test
C:   00003BE5  A$testDebug\test$1299              test
C:   00003BE7  A$testDebug\test$1300              test
C:   00003BEA  A$testDebug\test$1301              test
C:   00003BED  A$testDebug\test$1302              test
C:   00003BF0  A$testDebug\test$1303              test
C:   00003BF2  A$testDebug\test$1304              test
C:   00003BF4  A$testDebug\test$1305              test
C:   00003BF6  A$testDebug\test$1306              test
C:   00003BF8  A$testDebug\test$1309              test
C:   00003BF8  C$test.c$251$1_0$91                test
C:   00003BF9  A$testDebug\test$1310              test
C:   00003BFB  A$testDebug\test$1316              test
C:   00003BFB  C$test.c$252$1_0$91                test
C:   00003BFE  A$testDebug\test$1317              test
C:   00003C00  A$testDebug\test$1320              test
C:   00003C00  C$test.c$253$1_0$91                test
C:   00003C00  XG$SIOFATFSTest$0$0                test
C:   00003C01  __gptrput                          _gptrput
C:   00003C1C  __divulong                         _divulong
C:   00003CAA  _strlen                            _strlen
C:   00003CC2  __gptrget                          _gptrget
C:   00003CDE  __mullong                          _mullong
C:   00003EA3  __sdcc_external_startup            _startup

ASxxxx Linker V03.00 + NoICE + sdld,  page 214.
Hexadecimal  [32-Bits]

Area                                    Addr        Size        Decimal Bytes (Attributes)
--------------------------------        ----        ----        ------- ----- ------------
CONST                               00003EA7    00000051 =          81. bytes (REL,CON,CODE)

      Value  Global                              Global Defined In Module
      -----  --------------------------------   ------------------------
C:   00003EA7  G$data$0_0$0                       test
C:   00003EA7  _data                              test
C:   00003EDB  Ftest$__str_0$0_0$0                test
C:   00003EEF  Ftest$__str_1$0_0$0                test
C:   00003EF5  Ftest$__str_2$0_0$0                test

ASxxxx Linker V03.00 + NoICE + sdld,  page 215.
Hexadecimal  [32-Bits]

Area                                    Addr        Size        Decimal Bytes (Attributes)
--------------------------------        ----        ----        ------- ----- ------------
XINIT                               00003EF8    00000001 =           1. bytes (REL,CON,CODE)

      Value  Global                              Global Defined In Module
      -----  --------------------------------   ------------------------
C:   00003EF8  Fdiskio$__xinit_firstRead$0_0$0    diskio

ASxxxx Linker V03.00 + NoICE + sdld,  page 216.

Files Linked                              [ module(s) ]

obj\Debug\compactflash.rel                [  ]
obj\Debug\delay.rel                       [  ]
obj\Debug\led.rel                         [  ]
obj\Debug\main.rel                        [  ]
obj\Debug\pff3a\diskio.rel                [  ]
obj\Debug\pff3a\pff.rel                   [  ]
obj\Debug\pio.rel                         [  ]
obj\Debug\sio.rel                         [  ]
obj\Debug\SIOFS\siofatfs.rel              [  ]
obj\Debug\sysctrl.rel                     [  ]
obj\Debug\test.rel                        [  ]


Libraries Linked                          [ object file ]

C:\Program Files (x86)\SDCC\lib\large-stack-auto/mcs51.lib
                                          [ crtclear.rel ]
C:\Program Files (x86)\SDCC\lib\large-stack-auto/mcs51.lib
                                          [ crtxinit.rel ]
C:\Program Files (x86)\SDCC\lib\large-stack-auto/libsdcc.lib
                                          [ _gptrput.rel ]
C:\Program Files (x86)\SDCC\lib\large-stack-auto/mcs51.lib
                                          [ crtxclear.rel ]
C:\Program Files (x86)\SDCC\lib\large-stack-auto/liblong.lib
                                          [ _divulong.rel ]
C:\Program Files (x86)\SDCC\lib\large-stack-auto/libsdcc.lib
                                          [ _bp.rel ]
C:\Program Files (x86)\SDCC\lib\large-stack-auto/mcs51.lib
                                          [ crtpagesfr.rel ]
C:\Program Files (x86)\SDCC\lib\large-stack-auto/libsdcc.lib
                                          [ _strlen.rel ]
C:\Program Files (x86)\SDCC\lib\large-stack-auto/mcs51.lib
                                          [ crtstart.rel ]
C:\Program Files (x86)\SDCC\lib\large-stack-auto/libsdcc.lib
                                          [ _gptrget.rel ]
C:\Program Files (x86)\SDCC\lib\large-stack-auto/liblong.lib
                                          [ _mullong.rel ]
C:\Program Files (x86)\SDCC\lib\large-stack-auto/libsdcc.lib
                                          [ _startup.rel ]

ASxxxx Linker V03.00 + NoICE + sdld,  page 217.

User Base Address Definitions

HOME = 0x0000
XSEG = 0x8000
PSEG = 0x8000
ISEG = 0x0000
BSEG = 0x0000

